Component: ARM Compiler 5.06 update 6 (build 750) Tool: armlink [4d35ed]

==============================================================================

Section Cross References

    startup_lpc54606.o(STACK) refers (Special) to heapauxi.o(.text) for __use_two_region_memory
    startup_lpc54606.o(HEAP) refers (Special) to heapauxi.o(.text) for __use_two_region_memory
    startup_lpc54606.o(RESET) refers (Special) to heapauxi.o(.text) for __use_two_region_memory
    startup_lpc54606.o(RESET) refers to startup_lpc54606.o(STACK) for __initial_sp
    startup_lpc54606.o(RESET) refers to startup_lpc54606.o(.text) for Reset_Handler
    startup_lpc54606.o(RESET) refers to system_lpc54606.o(i.NMI_Handler) for NMI_Handler
    startup_lpc54606.o(RESET) refers to system_lpc54606.o(i.HardFault_Handler) for HardFault_Handler
    startup_lpc54606.o(RESET) refers to isr.o(i.SysTick_Handler) for SysTick_Handler
    startup_lpc54606.o(RESET) refers to mrt.o(i.MRT0_IRQHandler) for MRT0_IRQHandler
    startup_lpc54606.o(RESET) refers to communication.o(i.FLEXCOMM0_IRQHandler) for FLEXCOMM0_IRQHandler
    startup_lpc54606.o(RESET) refers to rit.o(i.RIT_IRQHandler) for RIT_IRQHandler
    startup_lpc54606.o(.text) refers (Special) to heapauxi.o(.text) for __use_two_region_memory
    startup_lpc54606.o(.text) refers to system_lpc54606.o(i.SystemInit) for SystemInit
    startup_lpc54606.o(.text) refers to __main.o(!!!main) for __main
    startup_lpc54606.o(.text) refers to isr.o(i.DMA0_DriverIRQHandler) for DMA0_DriverIRQHandler
    startup_lpc54606.o(.text) refers to isr.o(i.GINT0_DriverIRQHandler) for GINT0_DriverIRQHandler
    startup_lpc54606.o(.text) refers to isr.o(i.PIN_INT0_DriverIRQHandler) for PIN_INT0_DriverIRQHandler
    startup_lpc54606.o(.text) refers to isr.o(i.MRT0_DriverIRQHandler) for MRT0_DriverIRQHandler
    startup_lpc54606.o(.text) refers to isr.o(i.FLEXCOMM0_DriverIRQHandler) for FLEXCOMM0_DriverIRQHandler
    startup_lpc54606.o(.text) refers to isr.o(i.FLEXCOMM5_DriverIRQHandler) for FLEXCOMM5_DriverIRQHandler
    startup_lpc54606.o(.text) refers to isr.o(i.PIN_INT7_DriverIRQHandler) for PIN_INT7_DriverIRQHandler
    startup_lpc54606.o(.text) refers to isr.o(i.RIT_DriverIRQHandler) for RIT_DriverIRQHandler
    startup_lpc54606.o(.text) refers to startup_lpc54606.o(HEAP) for Heap_Mem
    startup_lpc54606.o(.text) refers to startup_lpc54606.o(STACK) for Stack_Mem
    system_lpc54606.o(i.HardFault_Handler) refers to seekfree_printf.o(i.printf) for printf
    system_lpc54606.o(i.SystemInit) refers to lpc546xx_pll.o(i.pll_init) for pll_init
    system_lpc54606.o(i.SystemInit) refers to startup_lpc54606.o(RESET) for __Vectors
    lpc546xx_adc.o(i.adc_convert) refers to lpc546xx_adc.o(i.adc_delay) for adc_delay
    lpc546xx_adc.o(i.adc_convert) refers to lpc546xx_adc.o(i.adc_init) for adc_init
    lpc546xx_adc.o(i.adc_init) refers to lpc546xx_systick.o(i.systick_delay) for systick_delay
    lpc546xx_adc.o(i.adc_init) refers to lpc546xx_adc.o(i.adc_mux) for adc_mux
    lpc546xx_adc.o(i.adc_init) refers to assert.o(i.assert_failed) for assert_failed
    lpc546xx_adc.o(i.adc_init) refers to lpc546xx_pll.o(.data) for main_clk_mhz
    lpc546xx_adc.o(i.adc_mux) refers to lpc546xx_iocon.o(i.iocon_init) for iocon_init
    lpc546xx_adc.o(i.adc_mux) refers to assert.o(i.assert_failed) for assert_failed
    lpc546xx_ctimer.o(i.ctimer_count_clean) refers to lpc546xx_ctimer.o(.data) for TIMERN
    lpc546xx_ctimer.o(i.ctimer_count_init) refers to lpc546xx_ctimer.o(i.ctimer_clock) for ctimer_clock
    lpc546xx_ctimer.o(i.ctimer_count_init) refers to lpc546xx_ctimer.o(i.ctimer_countmux) for ctimer_countmux
    lpc546xx_ctimer.o(i.ctimer_count_init) refers to lpc546xx_ctimer.o(.data) for TIMERN
    lpc546xx_ctimer.o(i.ctimer_count_read) refers to lpc546xx_ctimer.o(.data) for TIMERN
    lpc546xx_ctimer.o(i.ctimer_countmux) refers to lpc546xx_iocon.o(i.iocon_init) for iocon_init
    lpc546xx_ctimer.o(i.ctimer_pwm_duty) refers to assert.o(i.assert_failed) for assert_failed
    lpc546xx_ctimer.o(i.ctimer_pwm_duty) refers to llsdiv.o(.text) for __aeabi_ldivmod
    lpc546xx_ctimer.o(i.ctimer_pwm_duty) refers to lpc546xx_ctimer.o(.constdata) for duty_max
    lpc546xx_ctimer.o(i.ctimer_pwm_duty) refers to lpc546xx_ctimer.o(.data) for TIMERN
    lpc546xx_ctimer.o(i.ctimer_pwm_freq) refers to lpc546xx_pll.o(.data) for main_clk_mhz
    lpc546xx_ctimer.o(i.ctimer_pwm_freq) refers to lpc546xx_ctimer.o(.data) for TIMERN
    lpc546xx_ctimer.o(i.ctimer_pwm_freq) refers to lpc546xx_ctimer.o(.constdata) for period_ch
    lpc546xx_ctimer.o(i.ctimer_pwm_init) refers to assert.o(i.assert_failed) for assert_failed
    lpc546xx_ctimer.o(i.ctimer_pwm_init) refers to lpc546xx_ctimer.o(i.ctimer_clock) for ctimer_clock
    lpc546xx_ctimer.o(i.ctimer_pwm_init) refers to lpc546xx_ctimer.o(i.ctimer_pwmmux) for ctimer_pwmmux
    lpc546xx_ctimer.o(i.ctimer_pwm_init) refers to llsdiv.o(.text) for __aeabi_ldivmod
[...]
    ..\\CODE\\debug\\switch.c                0x00000000   Number         0  switch.o ABSOLUTE
    ..\\CODE\\rit.c                          0x00000000   Number         0  rit.o ABSOLUTE
    ..\\CODE\\system\\mrt.c                  0x00000000   Number         0  mrt.o ABSOLUTE
    ..\\CODE\\system\\store.c                0x00000000   Number         0  store.o ABSOLUTE
    ..\\CODE\\system\\sys.c                  0x00000000   Number         0  sys.o ABSOLUTE
    ..\\USER\\src\\isr.c                     0x00000000   Number         0  isr.o ABSOLUTE
    dc.s                                     0x00000000   Number         0  dc.o ABSOLUTE
    !!!main                                  0x00000124   Section        8  __main.o(!!!main)
    !!!scatter                               0x0000012c   Section       52  __scatter.o(!!!scatter)
    !!handler_copy                           0x00000160   Section       26  __scatter_copy.o(!!handler_copy)
    !!handler_zi                             0x0000017c   Section       28  __scatter_zi.o(!!handler_zi)
    .ARM.Collect$$libinit$$00000000          0x00000198   Section        2  libinit.o(.ARM.Collect$$libinit$$00000000)
    .ARM.Collect$$libinit$$00000001          0x0000019a   Section        4  libinit2.o(.ARM.Collect$$libinit$$00000001)
    .ARM.Collect$$libinit$$00000004          0x0000019e   Section        0  libinit2.o(.ARM.Collect$$libinit$$00000004)
    .ARM.Collect$$libinit$$0000000A          0x0000019e   Section        0  libinit2.o(.ARM.Collect$$libinit$$0000000A)
    .ARM.Collect$$libinit$$0000000C          0x0000019e   Section        0  libinit2.o(.ARM.Collect$$libinit$$0000000C)
    .ARM.Collect$$libinit$$0000000E          0x0000019e   Section        0  libinit2.o(.ARM.Collect$$libinit$$0000000E)
    .ARM.Collect$$libinit$$00000011          0x0000019e   Section        0  libinit2.o(.ARM.Collect$$libinit$$00000011)
    .ARM.Collect$$libinit$$00000013          0x0000019e   Section        0  libinit2.o(.ARM.Collect$$libinit$$00000013)
    .ARM.Collect$$libinit$$00000015          0x0000019e   Section        0  libinit2.o(.ARM.Collect$$libinit$$00000015)
    .ARM.Collect$$libinit$$00000017          0x0000019e   Section        0  libinit2.o(.ARM.Collect$$libinit$$00000017)
    .ARM.Collect$$libinit$$00000019          0x0000019e   Section        0  libinit2.o(.ARM.Collect$$libinit$$00000019)
    .ARM.Collect$$libinit$$0000001B          0x0000019e   Section        0  libinit2.o(.ARM.Collect$$libinit$$0000001B)
    .ARM.Collect$$libinit$$0000001D          0x0000019e   Section        0  libinit2.o(.ARM.Collect$$libinit$$0000001D)
    .ARM.Collect$$libinit$$0000001F          0x0000019e   Section        0  libinit2.o(.ARM.Collect$$libinit$$0000001F)
    .ARM.Collect$$libinit$$00000021          0x0000019e   Section        0  libinit2.o(.ARM.Collect$$libinit$$00000021)
    .ARM.Collect$$libinit$$00000023          0x0000019e   Section        0  libinit2.o(.ARM.Collect$$libinit$$00000023)
    .ARM.Collect$$libinit$$00000025          0x0000019e   Section        0  libinit2.o(.ARM.Collect$$libinit$$00000025)
    .ARM.Collect$$libinit$$0000002C          0x0000019e   Section        0  libinit2.o(.ARM.Collect$$libinit$$0000002C)
    .ARM.Collect$$libinit$$0000002E          0x0000019e   Section        0  libinit2.o(.ARM.Collect$$libinit$$0000002E)
    .ARM.Collect$$libinit$$00000030          0x0000019e   Section        0  libinit2.o(.ARM.Collect$$libinit$$00000030)
    .ARM.Collect$$libinit$$00000032          0x0000019e   Section        0  libinit2.o(.ARM.Collect$$libinit$$00000032)
    .ARM.Collect$$libinit$$00000033          0x0000019e   Section        2  libinit2.o(.ARM.Collect$$libinit$$00000033)
    .ARM.Collect$$libshutdown$$00000000      0x000001a0   Section        2  libshutdown.o(.ARM.Collect$$libshutdown$$00000000)
    .ARM.Collect$$libshutdown$$00000002      0x000001a2   Section        0  libshutdown2.o(.ARM.Collect$$libshutdown$$00000002)
    .ARM.Collect$$libshutdown$$00000004      0x000001a2   Section        0  libshutdown2.o(.ARM.Collect$$libshutdown$$00000004)
    .ARM.Collect$$libshutdown$$00000007      0x000001a2   Section        0  libshutdown2.o(.ARM.Collect$$libshutdown$$00000007)
    .ARM.Collect$$libshutdown$$0000000A      0x000001a2   Section        0  libshutdown2.o(.ARM.Collect$$libshutdown$$0000000A)
    .ARM.Collect$$libshutdown$$0000000C      0x000001a2   Section        0  libshutdown2.o(.ARM.Collect$$libshutdown$$0000000C)
    .ARM.Collect$$libshutdown$$0000000F      0x000001a2   Section        0  libshutdown2.o(.ARM.Collect$$libshutdown$$0000000F)
    .ARM.Collect$$libshutdown$$00000010      0x000001a2   Section        2  libshutdown2.o(.ARM.Collect$$libshutdown$$00000010)
    .ARM.Collect$$rtentry$$00000000          0x000001a4   Section        0  __rtentry.o(.ARM.Collect$$rtentry$$00000000)
    .ARM.Collect$$rtentry$$00000002          0x000001a4   Section        0  __rtentry2.o(.ARM.Collect$$rtentry$$00000002)
    .ARM.Collect$$rtentry$$00000004          0x000001a4   Section        6  __rtentry4.o(.ARM.Collect$$rtentry$$00000004)
    .ARM.Collect$$rtentry$$00000009          0x000001aa   Section        0  __rtentry2.o(.ARM.Collect$$rtentry$$00000009)
    .ARM.Collect$$rtentry$$0000000A          0x000001aa   Section        4  __rtentry2.o(.ARM.Collect$$rtentry$$0000000A)
    .ARM.Collect$$rtentry$$0000000C          0x000001ae   Section        0  __rtentry2.o(.ARM.Collect$$rtentry$$0000000C)
    .ARM.Collect$$rtentry$$0000000D          0x000001ae   Section        8  __rtentry2.o(.ARM.Collect$$rtentry$$0000000D)
    .ARM.Collect$$rtexit$$00000000           0x000001b6   Section        2  rtexit.o(.ARM.Collect$$rtexit$$00000000)
    .ARM.Collect$$rtexit$$00000002           0x000001b8   Section        0  rtexit2.o(.ARM.Collect$$rtexit$$00000002)
    .ARM.Collect$$rtexit$$00000003           0x000001b8   Section        4  rtexit2.o(.ARM.Collect$$rtexit$$00000003)
    .ARM.Collect$$rtexit$$00000004           0x000001bc   Section        6  rtexit2.o(.ARM.Collect$$rtexit$$00000004)
    .text                                    0x000001c4   Section      532  startup_lpc54606.o(.text)
    $v0                                      0x000001c4   Number         0  startup_lpc54606.o(.text)
    .text                                    0x000003d8   Section       72  llsdiv.o(.text)
    .text                                    0x00000420   Section      100  rt_memcpy_w.o(.text)
    .text                                    0x00000484   Section        0  heapauxi.o(.text)
    .text                                    0x0000048a   Section      238  lludivv7m.o(.text)
    .text                                    0x00000578   Section        0  _rserrno.o(.text)
    .text                                    0x00000590   Section        8  rt_errno_addr_intlibspace.o(.text)
    .text                                    0x00000598   Section        8  libspace.o(.text)
    .text                                    0x000005a0   Section       74  sys_stackheap_outer.o(.text)
    .text                                    0x000005ea   Section        0  exit.o(.text)
    .text                                    0x000005fc   Section        0  sys_exit.o(.text)
    .text                                    0x00000608   Section        2  use_no_semi.o(.text)
    .text                                    0x0000060a   Section        0  indicate_semi.o(.text)
    i.CalculateParity                        0x0000060a   Section        0  communication.o(i.CalculateParity)
    CalculateParity                          0x0000060b   Thumb Code    28  communication.o(i.CalculateParity)
    i.ConvertSpeedUnit                       0x00000628   Section        0  speed.o(i.ConvertSpeedUnit)
    ConvertSpeedUnit                         0x00000629   Thumb Code    42  speed.o(i.ConvertSpeedUnit)
    i.DMA0_DriverIRQHandler                  0x0000065c   Section        0  isr.o(i.DMA0_DriverIRQHandler)
    i.DutyFilter                             0x00000674   Section        0  pid.o(i.DutyFilter)
    DutyFilter                               0x00000675   Thumb Code    84  pid.o(i.DutyFilter)
    i.FLEXCOMM0_DriverIRQHandler             0x000006c8   Section        0  isr.o(i.FLEXCOMM0_DriverIRQHandler)
    i.FLEXCOMM0_IRQHandler                   0x00000700   Section        0  communication.o(i.FLEXCOMM0_IRQHandler)
    i.FLEXCOMM5_DriverIRQHandler             0x00000718   Section        0  isr.o(i.FLEXCOMM5_DriverIRQHandler)
    i.GINT0_DriverIRQHandler                 0x00000758   Section        0  isr.o(i.GINT0_DriverIRQHandler)
    i.GetRawSpeed                            0x00000774   Section        0  speed.o(i.GetRawSpeed)
    GetRawSpeed                              0x00000775   Thumb Code    58  speed.o(i.GetRawSpeed)
    i.HardFault_Handler                      0x000007b0   Section        0  system_lpc54606.o(i.HardFault_Handler)
    i.MRT0_DriverIRQHandler                  0x000007f4   Section        0  isr.o(i.MRT0_DriverIRQHandler)
    i.MRT0_IRQHandler                        0x00000868   Section        0  mrt.o(i.MRT0_IRQHandler)
    i.M_divider                              0x000008dc   Section        0  lpc546xx_pll.o(i.M_divider)
    i.NMI_Handler                            0x00000948   Section        0  system_lpc54606.o(i.NMI_Handler)
    i.NVIC_DisableIRQ                        0x0000094c   Section        0  lpc546xx_flexcomm.o(i.NVIC_DisableIRQ)
    NVIC_DisableIRQ                          0x0000094d   Thumb Code    18  lpc546xx_flexcomm.o(i.NVIC_DisableIRQ)
    i.NVIC_EnableIRQ                         0x00000964   Section        0  lpc546xx_flexcomm.o(i.NVIC_EnableIRQ)
    NVIC_EnableIRQ                           0x00000965   Thumb Code    22  lpc546xx_flexcomm.o(i.NVIC_EnableIRQ)
    i.N_divider                              0x0000097c   Section        0  lpc546xx_pll.o(i.N_divider)
    i.PIN_INT0_DriverIRQHandler              0x000009ec   Section        0  isr.o(i.PIN_INT0_DriverIRQHandler)
    i.PIN_INT7_DriverIRQHandler              0x00000a04   Section        0  isr.o(i.PIN_INT7_DriverIRQHandler)
    i.P_divider                              0x00000a0c   Section        0  lpc546xx_pll.o(i.P_divider)
    i.PackRxByte                             0x00000a70   Section        0  communication.o(i.PackRxByte)
    PackRxByte                               0x00000a71   Thumb Code    98  communication.o(i.PackRxByte)
    i.RIT_DriverIRQHandler                   0x00000ae0   Section        0  isr.o(i.RIT_DriverIRQHandler)
    i.RIT_IRQHandler                         0x00000b30   Section        0  rit.o(i.RIT_IRQHandler)
    i.SysTick_Handler                        0x00000b44   Section        0  isr.o(i.SysTick_Handler)
    i.SystemInit                             0x00000b54   Section        0  system_lpc54606.o(i.SystemInit)
    i.__hardfp_sqrt                          0x00000ba8   Section        0  sqrt.o(i.__hardfp_sqrt)
    i.adc_ave                                0x00000c24   Section        0  magnet.o(i.adc_ave)
    adc_ave                                  0x00000c25   Thumb Code    76  magnet.o(i.adc_ave)
    i.adc_convert                            0x00000c74   Section        0  lpc546xx_adc.o(i.adc_convert)
    i.adc_delay                              0x00000d24   Section        0  lpc546xx_adc.o(i.adc_delay)
    i.adc_init                               0x00000d30   Section        0  lpc546xx_adc.o(i.adc_init)
    i.adc_mux                                0x00000e38   Section        0  lpc546xx_adc.o(i.adc_mux)
    i.assert_failed                          0x00000eec   Section        0  assert.o(i.assert_failed)
    i.button_init                            0x00000f04   Section        0  button.o(i.button_init)
    i.com_init                               0x00000f3c   Section        0  communication.o(i.com_init)
    i.com_schedule                           0x00000f80   Section        0  communication.o(i.com_schedule)
    i.ctimer_clock                           0x00000fb4   Section        0  lpc546xx_ctimer.o(i.ctimer_clock)
    i.ctimer_count_clean                     0x0000102c   Section        0  lpc546xx_ctimer.o(i.ctimer_count_clean)
    i.ctimer_count_init                      0x00001048   Section        0  lpc546xx_ctimer.o(i.ctimer_count_init)
    i.ctimer_count_read                      0x000010f0   Section        0  lpc546xx_ctimer.o(i.ctimer_count_read)
    i.ctimer_countmux                        0x0000110c   Section        0  lpc546xx_ctimer.o(i.ctimer_countmux)
    i.ctimer_pwm_duty                        0x0000129c   Section        0  lpc546xx_ctimer.o(i.ctimer_pwm_duty)
    i.ctimer_pwm_init                        0x000013c0   Section        0  lpc546xx_ctimer.o(i.ctimer_pwm_init)
    i.ctimer_pwmmux                          0x000015a0   Section        0  lpc546xx_ctimer.o(i.ctimer_pwmmux)
    i.dma_reload_linked                      0x00001790   Section        0  seekfree_mt9v032.o(i.dma_reload_linked)
    dma_reload_linked                        0x00001791   Thumb Code    80  seekfree_mt9v032.o(i.dma_reload_linked)
    i.eeprom_init                            0x000017ec   Section        0  lpc546xx_eeprom.o(i.eeprom_init)
    i.eeprom_write_word                      0x00001868   Section        0  lpc546xx_eeprom.o(i.eeprom_write_word)
    i.findPllMMult                           0x000018fc   Section        0  lpc546xx_pll.o(i.findPllMMult)
    findPllMMult                             0x000018fd   Thumb Code    26  lpc546xx_pll.o(i.findPllMMult)
    i.findPllPostDiv                         0x00001916   Section        0  lpc546xx_pll.o(i.findPllPostDiv)
    findPllPostDiv                           0x00001917   Thumb Code    32  lpc546xx_pll.o(i.findPllPostDiv)
    i.findPllPreDiv                          0x00001936   Section        0  lpc546xx_pll.o(i.findPllPreDiv)
    findPllPreDiv                            0x00001937   Thumb Code    32  lpc546xx_pll.o(i.findPllPreDiv)
    i.flexcomm_clk_enable                    0x00001958   Section        0  lpc546xx_flexcomm.o(i.flexcomm_clk_enable)
    i.flexcomm_get_clk                       0x00001a78   Section        0  lpc546xx_flexcomm.o(i.flexcomm_get_clk)
    i.flexcomm_irq                           0x00001a84   Section        0  lpc546xx_flexcomm.o(i.flexcomm_irq)
    i.get_clk                                0x00001abc   Section        0  lpc546xx_pll.o(i.get_clk)
    i.gpio_get                               0x00001b28   Section        0  lpc546xx_gpio.o(i.gpio_get)
    i.gpio_init                              0x00001b40   Section        0  lpc546xx_gpio.o(i.gpio_init)
    i.gpio_set                               0x00001c28   Section        0  lpc546xx_gpio.o(i.gpio_set)
    i.gpio_toggle                            0x00001c58   Section        0  lpc546xx_gpio.o(i.gpio_toggle)
    i.iocon_init                             0x00001c70   Section        0  lpc546xx_iocon.o(i.iocon_init)
    i.iocon_init_noalt                       0x00001ce4   Section        0  lpc546xx_iocon.o(i.iocon_init_noalt)
    i.magnet_init                            0x00001d6c   Section        0  magnet.o(i.magnet_init)
    i.magnet_schedule                        0x00001d90   Section        0  magnet.o(i.magnet_schedule)
    i.main                                   0x00001fa0   Section        0  main.o(i.main)
    i.motor_init                             0x00001fac   Section        0  motor.o(i.motor_init)
    i.motor_set                              0x00002008   Section        0  motor.o(i.motor_set)
    i.motor_stop                             0x0000205e   Section        0  motor.o(i.motor_stop)
    i.mrt_init                               0x00002084   Section        0  mrt.o(i.mrt_init)
    i.mrt_pit_init                           0x00002118   Section        0  lpc546xx_mrt.o(i.mrt_pit_init)
    i.mt9v032_cof_uart_interrupt             0x00002194   Section        0  seekfree_mt9v032.o(i.mt9v032_cof_uart_interrupt)
    i.mt9v032_dma                            0x000021e4   Section        0  seekfree_mt9v032.o(i.mt9v032_dma)
    i.mt9v032_vsync                          0x00002204   Section        0  seekfree_mt9v032.o(i.mt9v032_vsync)
    i.myabs                                  0x00002238   Section        0  seekfree_fun.o(i.myabs)
    i.number_conversion_ascii                0x00002246   Section        0  seekfree_printf.o(i.number_conversion_ascii)
    i.oled_fill                              0x000022ce   Section        0  seekfree_oled.o(i.oled_fill)
    i.oled_init                              0x00002308   Section        0  seekfree_oled.o(i.oled_init)
    i.oled_set_pos                           0x0000241c   Section        0  seekfree_oled.o(i.oled_set_pos)
    i.oled_wrcmd                             0x00002440   Section        0  seekfree_oled.o(i.oled_wrcmd)
    i.oled_wrdat                             0x000024a0   Section        0  seekfree_oled.o(i.oled_wrdat)
    i.pid_getDuty                            0x00002500   Section        0  pid.o(i.pid_getDuty)
    i.pid_init                               0x00002518   Section        0  pid.o(i.pid_init)
    i.pid_speedRealize                       0x0000251c   Section        0  pid.o(i.pid_speedRealize)
    i.pid_speedRealizeSingle                 0x0000254c   Section        0  pid.o(i.pid_speedRealizeSingle)
    pid_speedRealizeSingle                   0x0000254d   Thumb Code   182  pid.o(i.pid_speedRealizeSingle)
    i.pid_steerRealize                       0x0000260c   Section        0  pid.o(i.pid_steerRealize)
    i.pint_init                              0x00002680   Section        0  lpc546xx_pint.o(i.pint_init)
    i.pllDecodeM                             0x00002780   Section        0  lpc546xx_pll.o(i.pllDecodeM)
    pllDecodeM                               0x00002781   Thumb Code    90  lpc546xx_pll.o(i.pllDecodeM)
    i.pllDecodeN                             0x000027da   Section        0  lpc546xx_pll.o(i.pllDecodeN)
    pllDecodeN                               0x000027db   Thumb Code    92  lpc546xx_pll.o(i.pllDecodeN)
    i.pllDecodeP                             0x00002836   Section        0  lpc546xx_pll.o(i.pllDecodeP)
    pllDecodeP                               0x00002837   Thumb Code    78  lpc546xx_pll.o(i.pllDecodeP)
    i.pll_init                               0x00002884   Section        0  lpc546xx_pll.o(i.pll_init)
    i.printf                                 0x0000290c   Section        0  seekfree_printf.o(i.printf)
    i.printf_reverse_order                   0x00002ba0   Section        0  seekfree_printf.o(i.printf_reverse_order)
    i.speed_init                             0x00002bc2   Section        0  speed.o(i.speed_init)
    i.speed_schedule                         0x00002bec   Section        0  speed.o(i.speed_schedule)
    i.store_read                             0x00002c50   Section        0  store.o(i.store_read)
    i.sys_init                               0x00002cd8   Section        0  sys.o(i.sys_init)
    i.sys_run                                0x00002d0e   Section        0  sys.o(i.sys_run)
    i.systick_delay                          0x00002d14   Section        0  lpc546xx_systick.o(i.systick_delay)
    i.systick_delay_ms                       0x00002d84   Section        0  lpc546xx_systick.o(i.systick_delay_ms)
    i.uart_init                              0x00002da8   Section        0  lpc546xx_uart.o(i.uart_init)
    i.uart_mux                               0x00002f08   Section        0  lpc546xx_uart.o(i.uart_mux)
    i.uart_putbuff                           0x0000321c   Section        0  lpc546xx_uart.o(i.uart_putbuff)
    i.uart_putchar                           0x0000323c   Section        0  lpc546xx_uart.o(i.uart_putchar)
    i.uart_query                             0x00003260   Section        0  lpc546xx_uart.o(i.uart_query)
    i.uart_rx_irq                            0x0000328c   Section        0  lpc546xx_uart.o(i.uart_rx_irq)
    i.write_syspllctrl                       0x00003304   Section        0  lpc546xx_pll.o(i.write_syspllctrl)
    x$fpl$d2f                                0x00003380   Section       98  d2f.o(x$fpl$d2f)
    $v0                                      0x00003380   Number         0  d2f.o(x$fpl$d2f)
    x$fpl$dadd                               0x000033e4   Section      336  daddsub_clz.o(x$fpl$dadd)
    $v0                                      0x000033e4   Number         0  daddsub_clz.o(x$fpl$dadd)
    _dadd1                                   0x000033f5   Thumb Code     0  daddsub_clz.o(x$fpl$dadd)
    x$fpl$dcmpinf                            0x00003534   Section       24  dcmpi.o(x$fpl$dcmpinf)
    $v0                                      0x00003534   Number         0  dcmpi.o(x$fpl$dcmpinf)
    x$fpl$ddiv                               0x0000354c   Section      688  ddiv.o(x$fpl$ddiv)
    $v0                                      0x0000354c   Number         0  ddiv.o(x$fpl$ddiv)
    ddiv_entry                               0x00003553   Thumb Code     0  ddiv.o(x$fpl$ddiv)
    x$fpl$dfix                               0x000037fc   Section       94  dfix.o(x$fpl$dfix)
    $v0                                      0x000037fc   Number         0  dfix.o(x$fpl$dfix)
    x$fpl$dflt                               0x0000385a   Section       46  dflt_clz.o(x$fpl$dflt)
    $v0                                      0x0000385a   Number         0  dflt_clz.o(x$fpl$dflt)
    x$fpl$dfltu                              0x00003888   Section       38  dflt_clz.o(x$fpl$dfltu)
    $v0                                      0x00003888   Number         0  dflt_clz.o(x$fpl$dfltu)
    x$fpl$dleqf                              0x000038b0   Section      120  dleqf.o(x$fpl$dleqf)
    $v0                                      0x000038b0   Number         0  dleqf.o(x$fpl$dleqf)
    x$fpl$dmul                               0x00003928   Section      340  dmul.o(x$fpl$dmul)
    $v0                                      0x00003928   Number         0  dmul.o(x$fpl$dmul)
    x$fpl$dnaninf                            0x00003a7c   Section      156  dnaninf.o(x$fpl$dnaninf)
    $v0                                      0x00003a7c   Number         0  dnaninf.o(x$fpl$dnaninf)
    x$fpl$dretinf                            0x00003b18   Section       12  dretinf.o(x$fpl$dretinf)
    $v0                                      0x00003b18   Number         0  dretinf.o(x$fpl$dretinf)
    x$fpl$drsb                               0x00003b24   Section       22  daddsub_clz.o(x$fpl$drsb)
    $v0                                      0x00003b24   Number         0  daddsub_clz.o(x$fpl$drsb)
    x$fpl$dsqrt                              0x00003b3c   Section      408  dsqrt_umaal.o(x$fpl$dsqrt)
    $v0                                      0x00003b3c   Number         0  dsqrt_umaal.o(x$fpl$dsqrt)
    x$fpl$dsub                               0x00003cd4   Section      468  daddsub_clz.o(x$fpl$dsub)
    $v0                                      0x00003cd4   Number         0  daddsub_clz.o(x$fpl$dsub)
    _dsub1                                   0x00003ce5   Thumb Code     0  daddsub_clz.o(x$fpl$dsub)
    x$fpl$fpinit                             0x00003ea8   Section       10  fpinit.o(x$fpl$fpinit)
    $v0                                      0x00003ea8   Number         0  fpinit.o(x$fpl$fpinit)
    x$fpl$fretinf                            0x00003eb2   Section       10  fretinf.o(x$fpl$fretinf)
    $v0                                      0x00003eb2   Number         0  fretinf.o(x$fpl$fretinf)
    .constdata                               0x00003ebc   Section       40  lpc546xx_ctimer.o(.constdata)
    x$fpl$usenofp                            0x00003ebc   Section        0  usenofp.o(x$fpl$usenofp)
    .constdata                               0x00003ee4   Section       50  assert.o(.constdata)
    .data                                    0x20000000   Section       20  lpc546xx_ctimer.o(.data)
    .data                                    0x20000014   Section       40  lpc546xx_flexcomm.o(.data)
    .data                                    0x2000003c   Section        2  lpc546xx_pll.o(.data)
    .data                                    0x20000040   Section       40  lpc546xx_uart.o(.data)
    .data                                    0x20000068   Section       16  isr.o(.data)
    .data                                    0x20000078   Section        1  communication.o(.data)
    cnt                                      0x20000078   Data           1  communication.o(.data)
    .data                                    0x20000079   Section        1  magnet.o(.data)
    disabled                                 0x20000079   Data           1  magnet.o(.data)
    .data                                    0x2000007a   Section       75  seekfree_mt9v032.o(.data)
    .bss                                     0x20000200   Section      480  lpc546xx_dma.o(.bss)
    .bss                                     0x200003e0   Section       80  communication.o(.bss)
    buf                                      0x20000410   Data          32  communication.o(.bss)
    .bss                                     0x20000430   Section       24  magnet.o(.bss)
    mag_raw_f                                0x2000043c   Data          12  magnet.o(.bss)
    .bss                                     0x20000448   Section       72  pid.o(.bss)
    pid_leftCtrl                             0x20000448   Data          28  pid.o(.bss)
    pid_rightCtrl                            0x20000464   Data          28  pid.o(.bss)
    pid_steeringCtrl                         0x20000480   Data          16  pid.o(.bss)
    .bss                                     0x20000490   Section    22560  seekfree_mt9v032.o(.bss)
    .bss                                     0x20005cb0   Section       96  libspace.o(.bss)
    HEAP                                     0x20005d10   Section     4096  startup_lpc54606.o(HEAP)
    Heap_Mem                                 0x20005d10   Data        4096  startup_lpc54606.o(HEAP)
    STACK                                    0x20006d10   Section     8192  startup_lpc54606.o(STACK)
    Stack_Mem                                0x20006d10   Data        8192  startup_lpc54606.o(STACK)
    __initial_sp                             0x20008d10   Data           0  startup_lpc54606.o(STACK)

    Global Symbols

    Symbol Name                              Value     Ov Type        Size  Object(Section)

    BuildAttributes$$THM_ISAv4$E$P$D$K$B$S$7EM$VFPi3$EXTD16$VFPS$VFMA$PE$A:L22UL41UL21$X:L11$S22US41US21$IEEE1$IW$USESV6$~STKCKD$USESV7$~SHL$OTIME$ROPI$IEEEJ$EBA8$UX$STANDARDLIB$REQ8$PRES8$EABIv2 0x00000000   Number         0  anon$$obj.o ABSOLUTE
    __ARM_use_no_argv                        0x00000000   Number         0  main.o ABSOLUTE
    __Vectors                                0x00000000   Data           4  startup_lpc54606.o(RESET)
    __ARM_exceptions_init                     - Undefined Weak Reference
    __alloca_initialize                       - Undefined Weak Reference
    __arm_preinit_                            - Undefined Weak Reference
    __cpp_initialize__aeabi_                  - Undefined Weak Reference
    __cxa_finalize                            - Undefined Weak Reference
    __rt_locale                               - Undefined Weak Reference
    __sigvec_lookup                           - Undefined Weak Reference
    _atexit_init                              - Undefined Weak Reference
    _call_atexit_fns                          - Undefined Weak Reference
    _clock_init                               - Undefined Weak Reference
    _fp_trap_init                             - Undefined Weak Reference
    _fp_trap_shutdown                         - Undefined Weak Reference
    _get_lc_collate                           - Undefined Weak Reference
    _get_lc_ctype                             - Undefined Weak Reference
    _get_lc_monetary                          - Undefined Weak Reference
    _get_lc_numeric                           - Undefined Weak Reference
    _get_lc_time                              - Undefined Weak Reference
    _getenv_init                              - Undefined Weak Reference
    _handle_redirection                       - Undefined Weak Reference
    _init_alloc                               - Undefined Weak Reference
    _init_user_alloc                          - Undefined Weak Reference
    _initio                                   - Undefined Weak Reference
    _rand_init                                - Undefined Weak Reference
    _signal_finish                            - Undefined Weak Reference
    _signal_init                              - Undefined Weak Reference
    _terminate_alloc                          - Undefined Weak Reference
    _terminate_user_alloc                     - Undefined Weak Reference
    _terminateio                              - Undefined Weak Reference
    __main                                   0x00000125   Thumb Code     8  __main.o(!!!main)
    __scatterload                            0x0000012d   Thumb Code     0  __scatter.o(!!!scatter)
    __scatterload_rt2                        0x0000012d   Thumb Code    44  __scatter.o(!!!scatter)
    __scatterload_rt2_thumb_only             0x0000012d   Thumb Code     0  __scatter.o(!!!scatter)
    __scatterload_null                       0x0000013b   Thumb Code     0  __scatter.o(!!!scatter)
    __scatterload_copy                       0x00000161   Thumb Code    26  __scatter_copy.o(!!handler_copy)
    __scatterload_zeroinit                   0x0000017d   Thumb Code    28  __scatter_zi.o(!!handler_zi)
    __rt_lib_init                            0x00000199   Thumb Code     0  libinit.o(.ARM.Collect$$libinit$$00000000)
    __rt_lib_init_fp_1                       0x0000019b   Thumb Code     0  libinit2.o(.ARM.Collect$$libinit$$00000001)
    __rt_lib_init_alloca_1                   0x0000019f   Thumb Code     0  libinit2.o(.ARM.Collect$$libinit$$0000002E)
    __rt_lib_init_argv_1                     0x0000019f   Thumb Code     0  libinit2.o(.ARM.Collect$$libinit$$0000002C)
    __rt_lib_init_atexit_1                   0x0000019f   Thumb Code     0  libinit2.o(.ARM.Collect$$libinit$$0000001B)
    __rt_lib_init_clock_1                    0x0000019f   Thumb Code     0  libinit2.o(.ARM.Collect$$libinit$$00000021)
    __rt_lib_init_cpp_1                      0x0000019f   Thumb Code     0  libinit2.o(.ARM.Collect$$libinit$$00000032)
    __rt_lib_init_exceptions_1               0x0000019f   Thumb Code     0  libinit2.o(.ARM.Collect$$libinit$$00000030)
    __rt_lib_init_fp_trap_1                  0x0000019f   Thumb Code     0  libinit2.o(.ARM.Collect$$libinit$$0000001F)
    __rt_lib_init_getenv_1                   0x0000019f   Thumb Code     0  libinit2.o(.ARM.Collect$$libinit$$00000023)
    __rt_lib_init_heap_1                     0x0000019f   Thumb Code     0  libinit2.o(.ARM.Collect$$libinit$$0000000A)
    __rt_lib_init_lc_collate_1               0x0000019f   Thumb Code     0  libinit2.o(.ARM.Collect$$libinit$$00000011)
    __rt_lib_init_lc_ctype_1                 0x0000019f   Thumb Code     0  libinit2.o(.ARM.Collect$$libinit$$00000013)
    __rt_lib_init_lc_monetary_1              0x0000019f   Thumb Code     0  libinit2.o(.ARM.Collect$$libinit$$00000015)
    __rt_lib_init_lc_numeric_1               0x0000019f   Thumb Code     0  libinit2.o(.ARM.Collect$$libinit$$00000017)
    __rt_lib_init_lc_time_1                  0x0000019f   Thumb Code     0  libinit2.o(.ARM.Collect$$libinit$$00000019)
    __rt_lib_init_preinit_1                  0x0000019f   Thumb Code     0  libinit2.o(.ARM.Collect$$libinit$$00000004)
    __rt_lib_init_rand_1                     0x0000019f   Thumb Code     0  libinit2.o(.ARM.Collect$$libinit$$0000000E)
    __rt_lib_init_return                     0x0000019f   Thumb Code     0  libinit2.o(.ARM.Collect$$libinit$$00000033)
    __rt_lib_init_signal_1                   0x0000019f   Thumb Code     0  libinit2.o(.ARM.Collect$$libinit$$0000001D)
    __rt_lib_init_stdio_1                    0x0000019f   Thumb Code     0  libinit2.o(.ARM.Collect$$libinit$$00000025)
    __rt_lib_init_user_alloc_1               0x0000019f   Thumb Code     0  libinit2.o(.ARM.Collect$$libinit$$0000000C)
    __rt_lib_shutdown                        0x000001a1   Thumb Code     0  libshutdown.o(.ARM.Collect$$libshutdown$$00000000)
    __rt_lib_shutdown_cpp_1                  0x000001a3   Thumb Code     0  libshutdown2.o(.ARM.Collect$$libshutdown$$00000002)
    __rt_lib_shutdown_fp_trap_1              0x000001a3   Thumb Code     0  libshutdown2.o(.ARM.Collect$$libshutdown$$00000007)
    __rt_lib_shutdown_heap_1                 0x000001a3   Thumb Code     0  libshutdown2.o(.ARM.Collect$$libshutdown$$0000000F)
    __rt_lib_shutdown_return                 0x000001a3   Thumb Code     0  libshutdown2.o(.ARM.Collect$$libshutdown$$00000010)
    __rt_lib_shutdown_signal_1               0x000001a3   Thumb Code     0  libshutdown2.o(.ARM.Collect$$libshutdown$$0000000A)
    __rt_lib_shutdown_stdio_1                0x000001a3   Thumb Code     0  libshutdown2.o(.ARM.Collect$$libshutdown$$00000004)
    __rt_lib_shutdown_user_alloc_1           0x000001a3   Thumb Code     0  libshutdown2.o(.ARM.Collect$$libshutdown$$0000000C)
    __rt_entry                               0x000001a5   Thumb Code     0  __rtentry.o(.ARM.Collect$$rtentry$$00000000)
    __rt_entry_presh_1                       0x000001a5   Thumb Code     0  __rtentry2.o(.ARM.Collect$$rtentry$$00000002)
    __rt_entry_sh                            0x000001a5   Thumb Code     0  __rtentry4.o(.ARM.Collect$$rtentry$$00000004)
    __rt_entry_li                            0x000001ab   Thumb Code     0  __rtentry2.o(.ARM.Collect$$rtentry$$0000000A)
    __rt_entry_postsh_1                      0x000001ab   Thumb Code     0  __rtentry2.o(.ARM.Collect$$rtentry$$00000009)
    __rt_entry_main                          0x000001af   Thumb Code     0  __rtentry2.o(.ARM.Collect$$rtentry$$0000000D)
    __rt_entry_postli_1                      0x000001af   Thumb Code     0  __rtentry2.o(.ARM.Collect$$rtentry$$0000000C)
    __rt_exit                                0x000001b7   Thumb Code     0  rtexit.o(.ARM.Collect$$rtexit$$00000000)
    __rt_exit_ls                             0x000001b9   Thumb Code     0  rtexit2.o(.ARM.Collect$$rtexit$$00000003)
    __rt_exit_prels_1                        0x000001b9   Thumb Code     0  rtexit2.o(.ARM.Collect$$rtexit$$00000002)
    __rt_exit_exit                           0x000001bd   Thumb Code     0  rtexit2.o(.ARM.Collect$$rtexit$$00000004)
    Reset_Handler                            0x000001c5   Thumb Code    16  startup_lpc54606.o(.text)
    MemManage_Handler                        0x000001d9   Thumb Code     2  startup_lpc54606.o(.text)
    BusFault_Handler                         0x000001db   Thumb Code     2  startup_lpc54606.o(.text)
    UsageFault_Handler                       0x000001dd   Thumb Code     2  startup_lpc54606.o(.text)
    SVC_Handler                              0x000001df   Thumb Code     2  startup_lpc54606.o(.text)
    DebugMon_Handler                         0x000001e1   Thumb Code     2  startup_lpc54606.o(.text)
    PendSV_Handler                           0x000001e3   Thumb Code     2  startup_lpc54606.o(.text)
    WDT_BOD_IRQHandler                       0x000001e7   Thumb Code     4  startup_lpc54606.o(.text)
    DMA0_IRQHandler                          0x000001eb   Thumb Code     4  startup_lpc54606.o(.text)
    GINT0_IRQHandler                         0x000001ef   Thumb Code     4  startup_lpc54606.o(.text)
    GINT1_IRQHandler                         0x000001f3   Thumb Code     4  startup_lpc54606.o(.text)
    PIN_INT0_IRQHandler                      0x000001f7   Thumb Code     4  startup_lpc54606.o(.text)
    PIN_INT1_IRQHandler                      0x000001fb   Thumb Code     4  startup_lpc54606.o(.text)
    PIN_INT2_IRQHandler                      0x000001ff   Thumb Code     4  startup_lpc54606.o(.text)
    PIN_INT3_IRQHandler                      0x00000203   Thumb Code     4  startup_lpc54606.o(.text)
    UTICK0_IRQHandler                        0x00000207   Thumb Code     4  startup_lpc54606.o(.text)
    CTIMER0_IRQHandler                       0x0000020f   Thumb Code     4  startup_lpc54606.o(.text)
    CTIMER1_IRQHandler                       0x00000213   Thumb Code     4  startup_lpc54606.o(.text)
    SCT0_IRQHandler                          0x00000217   Thumb Code     4  startup_lpc54606.o(.text)
    CTIMER3_IRQHandler                       0x0000021b   Thumb Code     4  startup_lpc54606.o(.text)
    FLEXCOMM1_IRQHandler                     0x00000223   Thumb Code     4  startup_lpc54606.o(.text)
    FLEXCOMM2_IRQHandler                     0x00000227   Thumb Code     4  startup_lpc54606.o(.text)
    FLEXCOMM3_IRQHandler                     0x0000022b   Thumb Code     4  startup_lpc54606.o(.text)
    FLEXCOMM4_IRQHandler                     0x0000022f   Thumb Code     4  startup_lpc54606.o(.text)
    FLEXCOMM5_IRQHandler                     0x00000233   Thumb Code     4  startup_lpc54606.o(.text)
    FLEXCOMM6_IRQHandler                     0x00000237   Thumb Code     4  startup_lpc54606.o(.text)
    FLEXCOMM7_IRQHandler                     0x0000023b   Thumb Code     4  startup_lpc54606.o(.text)
    ADC0_SEQA_IRQHandler                     0x0000023f   Thumb Code     4  startup_lpc54606.o(.text)
    ADC0_SEQB_IRQHandler                     0x00000243   Thumb Code     4  startup_lpc54606.o(.text)
    ADC0_THCMP_IRQHandler                    0x00000247   Thumb Code     4  startup_lpc54606.o(.text)
    DMIC0_IRQHandler                         0x0000024b   Thumb Code     4  startup_lpc54606.o(.text)
    HWVAD0_IRQHandler                        0x0000024f   Thumb Code     4  startup_lpc54606.o(.text)
    USB0_NEEDCLK_IRQHandler                  0x00000253   Thumb Code     4  startup_lpc54606.o(.text)
    USB0_IRQHandler                          0x00000257   Thumb Code     4  startup_lpc54606.o(.text)
    RTC_IRQHandler                           0x0000025b   Thumb Code     4  startup_lpc54606.o(.text)
    Reserved46_IRQHandler                    0x0000025f   Thumb Code     4  startup_lpc54606.o(.text)
    Reserved47_IRQHandler                    0x00000263   Thumb Code     4  startup_lpc54606.o(.text)
    PIN_INT4_IRQHandler                      0x00000267   Thumb Code     4  startup_lpc54606.o(.text)
    PIN_INT5_IRQHandler                      0x0000026b   Thumb Code     4  startup_lpc54606.o(.text)
    PIN_INT6_IRQHandler                      0x0000026f   Thumb Code     4  startup_lpc54606.o(.text)
    PIN_INT7_IRQHandler                      0x00000273   Thumb Code     4  startup_lpc54606.o(.text)
    CTIMER2_IRQHandler                       0x00000277   Thumb Code     4  startup_lpc54606.o(.text)
    CTIMER4_IRQHandler                       0x0000027b   Thumb Code     4  startup_lpc54606.o(.text)
    SPIFI0_IRQHandler                        0x00000283   Thumb Code     4  startup_lpc54606.o(.text)
    FLEXCOMM8_IRQHandler                     0x00000287   Thumb Code     4  startup_lpc54606.o(.text)
    FLEXCOMM9_IRQHandler                     0x0000028b   Thumb Code     4  startup_lpc54606.o(.text)
    SDIO_IRQHandler                          0x0000028f   Thumb Code     4  startup_lpc54606.o(.text)
    CAN0_IRQ0_IRQHandler                     0x00000293   Thumb Code     4  startup_lpc54606.o(.text)
    CAN0_IRQ1_IRQHandler                     0x00000297   Thumb Code     4  startup_lpc54606.o(.text)
    CAN1_IRQ0_IRQHandler                     0x0000029b   Thumb Code     4  startup_lpc54606.o(.text)
    CAN1_IRQ1_IRQHandler                     0x0000029f   Thumb Code     4  startup_lpc54606.o(.text)
    USB1_IRQHandler                          0x000002a3   Thumb Code     4  startup_lpc54606.o(.text)
    USB1_NEEDCLK_IRQHandler                  0x000002a7   Thumb Code     4  startup_lpc54606.o(.text)
    ETHERNET_IRQHandler                      0x000002ab   Thumb Code     4  startup_lpc54606.o(.text)
    ETHERNET_PMT_IRQHandler                  0x000002af   Thumb Code     4  startup_lpc54606.o(.text)
    ETHERNET_MACLP_IRQHandler                0x000002b3   Thumb Code     4  startup_lpc54606.o(.text)
    EEPROM_IRQHandler                        0x000002b7   Thumb Code     4  startup_lpc54606.o(.text)
    LCD_IRQHandler                           0x000002bb   Thumb Code     4  startup_lpc54606.o(.text)
    SHA_IRQHandler                           0x000002bf   Thumb Code     4  startup_lpc54606.o(.text)
    SMARTCARD0_IRQHandler                    0x000002c3   Thumb Code     4  startup_lpc54606.o(.text)
    SMARTCARD1_IRQHandler                    0x000002c7   Thumb Code     4  startup_lpc54606.o(.text)
    ADC0_SEQA_DriverIRQHandler               0x000002cb   Thumb Code     0  startup_lpc54606.o(.text)
    ADC0_SEQB_DriverIRQHandler               0x000002cb   Thumb Code     0  startup_lpc54606.o(.text)
    ADC0_THCMP_DriverIRQHandler              0x000002cb   Thumb Code     0  startup_lpc54606.o(.text)
    CAN0_IRQ0_DriverIRQHandler               0x000002cb   Thumb Code     0  startup_lpc54606.o(.text)
    CAN0_IRQ1_DriverIRQHandler               0x000002cb   Thumb Code     0  startup_lpc54606.o(.text)
    CAN1_IRQ0_DriverIRQHandler               0x000002cb   Thumb Code     0  startup_lpc54606.o(.text)
    CAN1_IRQ1_DriverIRQHandler               0x000002cb   Thumb Code     0  startup_lpc54606.o(.text)
    CTIMER0_DriverIRQHandler                 0x000002cb   Thumb Code     0  startup_lpc54606.o(.text)
    CTIMER1_DriverIRQHandler                 0x000002cb   Thumb Code     0  startup_lpc54606.o(.text)
    CTIMER2_DriverIRQHandler                 0x000002cb   Thumb Code     0  startup_lpc54606.o(.text)
    CTIMER3_DriverIRQHandler                 0x000002cb   Thumb Code     0  startup_lpc54606.o(.text)
    CTIMER4_DriverIRQHandler                 0x000002cb   Thumb Code     0  startup_lpc54606.o(.text)
    DMIC0_DriverIRQHandler                   0x000002cb   Thumb Code     0  startup_lpc54606.o(.text)
    EEPROM_DriverIRQHandler                  0x000002cb   Thumb Code     0  startup_lpc54606.o(.text)
    ETHERNET_DriverIRQHandler                0x000002cb   Thumb Code     0  startup_lpc54606.o(.text)
    ETHERNET_MACLP_DriverIRQHandler          0x000002cb   Thumb Code     0  startup_lpc54606.o(.text)
    ETHERNET_PMT_DriverIRQHandler            0x000002cb   Thumb Code     0  startup_lpc54606.o(.text)
    FLEXCOMM1_DriverIRQHandler               0x000002cb   Thumb Code     0  startup_lpc54606.o(.text)
    FLEXCOMM2_DriverIRQHandler               0x000002cb   Thumb Code     0  startup_lpc54606.o(.text)
    FLEXCOMM3_DriverIRQHandler               0x000002cb   Thumb Code     0  startup_lpc54606.o(.text)
    FLEXCOMM4_DriverIRQHandler               0x000002cb   Thumb Code     0  startup_lpc54606.o(.text)
    FLEXCOMM6_DriverIRQHandler               0x000002cb   Thumb Code     0  startup_lpc54606.o(.text)
    FLEXCOMM7_DriverIRQHandler               0x000002cb   Thumb Code     0  startup_lpc54606.o(.text)
    FLEXCOMM8_DriverIRQHandler               0x000002cb   Thumb Code     0  startup_lpc54606.o(.text)
    FLEXCOMM9_DriverIRQHandler               0x000002cb   Thumb Code     0  startup_lpc54606.o(.text)
    GINT1_DriverIRQHandler                   0x000002cb   Thumb Code     0  startup_lpc54606.o(.text)
    HWVAD0_DriverIRQHandler                  0x000002cb   Thumb Code     0  startup_lpc54606.o(.text)
    LCD_DriverIRQHandler                     0x000002cb   Thumb Code     0  startup_lpc54606.o(.text)
    PIN_INT1_DriverIRQHandler                0x000002cb   Thumb Code     0  startup_lpc54606.o(.text)
    PIN_INT2_DriverIRQHandler                0x000002cb   Thumb Code     0  startup_lpc54606.o(.text)
    PIN_INT3_DriverIRQHandler                0x000002cb   Thumb Code     0  startup_lpc54606.o(.text)
    PIN_INT4_DriverIRQHandler                0x000002cb   Thumb Code     0  startup_lpc54606.o(.text)
    PIN_INT5_DriverIRQHandler                0x000002cb   Thumb Code     0  startup_lpc54606.o(.text)
    PIN_INT6_DriverIRQHandler                0x000002cb   Thumb Code     0  startup_lpc54606.o(.text)
    RTC_DriverIRQHandler                     0x000002cb   Thumb Code     0  startup_lpc54606.o(.text)
    Reserved46_DriverIRQHandler              0x000002cb   Thumb Code     0  startup_lpc54606.o(.text)
    Reserved47_DriverIRQHandler              0x000002cb   Thumb Code     0  startup_lpc54606.o(.text)
    SCT0_DriverIRQHandler                    0x000002cb   Thumb Code     0  startup_lpc54606.o(.text)
    SDIO_DriverIRQHandler                    0x000002cb   Thumb Code     0  startup_lpc54606.o(.text)
    SHA_DriverIRQHandler                     0x000002cb   Thumb Code     0  startup_lpc54606.o(.text)
    SMARTCARD0_DriverIRQHandler              0x000002cb   Thumb Code     0  startup_lpc54606.o(.text)
    SMARTCARD1_DriverIRQHandler              0x000002cb   Thumb Code     0  startup_lpc54606.o(.text)
    SPIFI0_DriverIRQHandler                  0x000002cb   Thumb Code     0  startup_lpc54606.o(.text)
    USB0_DriverIRQHandler                    0x000002cb   Thumb Code     0  startup_lpc54606.o(.text)
    USB0_NEEDCLK_DriverIRQHandler            0x000002cb   Thumb Code     0  startup_lpc54606.o(.text)
    USB1_DriverIRQHandler                    0x000002cb   Thumb Code     0  startup_lpc54606.o(.text)
    USB1_NEEDCLK_DriverIRQHandler            0x000002cb   Thumb Code     0  startup_lpc54606.o(.text)
    UTICK0_DriverIRQHandler                  0x000002cb   Thumb Code     0  startup_lpc54606.o(.text)
    WDT_BOD_DriverIRQHandler                 0x000002cb   Thumb Code     0  startup_lpc54606.o(.text)
    __user_initial_stackheap                 0x000002cd   Thumb Code     0  startup_lpc54606.o(.text)
    __aeabi_ldivmod                          0x000003d9   Thumb Code     0  llsdiv.o(.text)
    _ll_sdiv                                 0x000003d9   Thumb Code    72  llsdiv.o(.text)
    __aeabi_memcpy4                          0x00000421   Thumb Code     0  rt_memcpy_w.o(.text)
    __aeabi_memcpy8                          0x00000421   Thumb Code     0  rt_memcpy_w.o(.text)
    __rt_memcpy_w                            0x00000421   Thumb Code   100  rt_memcpy_w.o(.text)
    _memcpy_lastbytes_aligned                0x00000469   Thumb Code     0  rt_memcpy_w.o(.text)
    __use_two_region_memory                  0x00000485   Thumb Code     2  heapauxi.o(.text)
    __rt_heap_escrow$2region                 0x00000487   Thumb Code     2  heapauxi.o(.text)
    __rt_heap_expand$2region                 0x00000489   Thumb Code     2  heapauxi.o(.text)
    __aeabi_uldivmod                         0x0000048b   Thumb Code     0  lludivv7m.o(.text)
    _ll_udiv                                 0x0000048b   Thumb Code   238  lludivv7m.o(.text)
    __read_errno                             0x00000579   Thumb Code    10  _rserrno.o(.text)
    __set_errno                              0x00000583   Thumb Code    12  _rserrno.o(.text)
    __aeabi_errno_addr                       0x00000591   Thumb Code     8  rt_errno_addr_intlibspace.o(.text)
    __errno$intlibspace                      0x00000591   Thumb Code     0  rt_errno_addr_intlibspace.o(.text)
    __rt_errno_addr$intlibspace              0x00000591   Thumb Code     0  rt_errno_addr_intlibspace.o(.text)
    __user_libspace                          0x00000599   Thumb Code     8  libspace.o(.text)
    __user_perproc_libspace                  0x00000599   Thumb Code     0  libspace.o(.text)
    __user_perthread_libspace                0x00000599   Thumb Code     0  libspace.o(.text)
    __user_setup_stackheap                   0x000005a1   Thumb Code    74  sys_stackheap_outer.o(.text)
    exit                                     0x000005eb   Thumb Code    18  exit.o(.text)
    _sys_exit                                0x000005fd   Thumb Code     8  sys_exit.o(.text)
    __I$use$semihosting                      0x00000609   Thumb Code     0  use_no_semi.o(.text)
    __use_no_semihosting_swi                 0x00000609   Thumb Code     2  use_no_semi.o(.text)
    __semihosting_library_function           0x0000060b   Thumb Code     0  indicate_semi.o(.text)
    DMA0_DriverIRQHandler                    0x0000065d   Thumb Code    18  isr.o(i.DMA0_DriverIRQHandler)
    FLEXCOMM0_DriverIRQHandler               0x000006c9   Thumb Code    50  isr.o(i.FLEXCOMM0_DriverIRQHandler)
    FLEXCOMM0_IRQHandler                     0x00000701   Thumb Code    22  communication.o(i.FLEXCOMM0_IRQHandler)
    FLEXCOMM5_DriverIRQHandler               0x00000719   Thumb Code    58  isr.o(i.FLEXCOMM5_DriverIRQHandler)
    GINT0_DriverIRQHandler                   0x00000759   Thumb Code    24  isr.o(i.GINT0_DriverIRQHandler)
    HardFault_Handler                        0x000007b1   Thumb Code    10  system_lpc54606.o(i.HardFault_Handler)
    MRT0_DriverIRQHandler                    0x000007f5   Thumb Code   106  isr.o(i.MRT0_DriverIRQHandler)
    MRT0_IRQHandler                          0x00000869   Thumb Code   110  mrt.o(i.MRT0_IRQHandler)
    M_divider                                0x000008dd   Thumb Code    96  lpc546xx_pll.o(i.M_divider)
    NMI_Handler                              0x00000949   Thumb Code     2  system_lpc54606.o(i.NMI_Handler)
    N_divider                                0x0000097d   Thumb Code   106  lpc546xx_pll.o(i.N_divider)
    PIN_INT0_DriverIRQHandler                0x000009ed   Thumb Code    20  isr.o(i.PIN_INT0_DriverIRQHandler)
    PIN_INT7_DriverIRQHandler                0x00000a05   Thumb Code     8  isr.o(i.PIN_INT7_DriverIRQHandler)
    P_divider                                0x00000a0d   Thumb Code    94  lpc546xx_pll.o(i.P_divider)
    RIT_DriverIRQHandler                     0x00000ae1   Thumb Code    72  isr.o(i.RIT_DriverIRQHandler)
    RIT_IRQHandler                           0x00000b31   Thumb Code    14  rit.o(i.RIT_IRQHandler)
    SysTick_Handler                          0x00000b45   Thumb Code    12  isr.o(i.SysTick_Handler)
    SystemInit                               0x00000b55   Thumb Code    64  system_lpc54606.o(i.SystemInit)
    __hardfp_sqrt                            0x00000ba9   Thumb Code   122  sqrt.o(i.__hardfp_sqrt)
    adc_convert                              0x00000c75   Thumb Code   160  lpc546xx_adc.o(i.adc_convert)
    adc_delay                                0x00000d25   Thumb Code    12  lpc546xx_adc.o(i.adc_delay)
    adc_init                                 0x00000d31   Thumb Code   194  lpc546xx_adc.o(i.adc_init)
    adc_mux                                  0x00000e39   Thumb Code   134  lpc546xx_adc.o(i.adc_mux)
    assert_failed                            0x00000eed   Thumb Code    18  assert.o(i.assert_failed)
    button_init                              0x00000f05   Thumb Code    54  button.o(i.button_init)
    com_init                                 0x00000f3d   Thumb Code    60  communication.o(i.com_init)
    com_schedule                             0x00000f81   Thumb Code    48  communication.o(i.com_schedule)
    ctimer_clock                             0x00000fb5   Thumb Code   110  lpc546xx_ctimer.o(i.ctimer_clock)
    ctimer_count_clean                       0x0000102d   Thumb Code    24  lpc546xx_ctimer.o(i.ctimer_count_clean)
    ctimer_count_init                        0x00001049   Thumb Code   162  lpc546xx_ctimer.o(i.ctimer_count_init)
    ctimer_count_read                        0x000010f1   Thumb Code    22  lpc546xx_ctimer.o(i.ctimer_count_read)
    ctimer_countmux                          0x0000110d   Thumb Code   398  lpc546xx_ctimer.o(i.ctimer_countmux)
    ctimer_pwm_duty                          0x0000129d   Thumb Code   230  lpc546xx_ctimer.o(i.ctimer_pwm_duty)
    ctimer_pwm_init                          0x000013c1   Thumb Code   414  lpc546xx_ctimer.o(i.ctimer_pwm_init)
    ctimer_pwmmux                            0x000015a1   Thumb Code   494  lpc546xx_ctimer.o(i.ctimer_pwmmux)
    eeprom_init                              0x000017ed   Thumb Code    96  lpc546xx_eeprom.o(i.eeprom_init)
    eeprom_write_word                        0x00001869   Thumb Code    86  lpc546xx_eeprom.o(i.eeprom_write_word)
    flexcomm_clk_enable                      0x00001959   Thumb Code   220  lpc546xx_flexcomm.o(i.flexcomm_clk_enable)
    flexcomm_get_clk                         0x00001a79   Thumb Code     6  lpc546xx_flexcomm.o(i.flexcomm_get_clk)
    flexcomm_irq                             0x00001a85   Thumb Code    56  lpc546xx_flexcomm.o(i.flexcomm_irq)
    get_clk                                  0x00001abd   Thumb Code    98  lpc546xx_pll.o(i.get_clk)
    gpio_get                                 0x00001b29   Thumb Code    18  lpc546xx_gpio.o(i.gpio_get)
    gpio_init                                0x00001b41   Thumb Code   216  lpc546xx_gpio.o(i.gpio_init)
    gpio_set                                 0x00001c29   Thumb Code    42  lpc546xx_gpio.o(i.gpio_set)
    gpio_toggle                              0x00001c59   Thumb Code    18  lpc546xx_gpio.o(i.gpio_toggle)
    iocon_init                               0x00001c71   Thumb Code    62  lpc546xx_iocon.o(i.iocon_init)
    iocon_init_noalt                         0x00001ce5   Thumb Code    82  lpc546xx_iocon.o(i.iocon_init_noalt)
    magnet_init                              0x00001d6d   Thumb Code    34  magnet.o(i.magnet_init)
    magnet_schedule                          0x00001d91   Thumb Code   488  magnet.o(i.magnet_schedule)
    main                                     0x00001fa1   Thumb Code    12  main.o(i.main)
    motor_init                               0x00001fad   Thumb Code    92  motor.o(i.motor_init)
    motor_set                                0x00002009   Thumb Code    86  motor.o(i.motor_set)
    motor_stop                               0x0000205f   Thumb Code    36  motor.o(i.motor_stop)
    mrt_init                                 0x00002085   Thumb Code   134  mrt.o(i.mrt_init)
    mrt_pit_init                             0x00002119   Thumb Code    72  lpc546xx_mrt.o(i.mrt_pit_init)
    mt9v032_cof_uart_interrupt               0x00002195   Thumb Code    68  seekfree_mt9v032.o(i.mt9v032_cof_uart_interrupt)
    mt9v032_dma                              0x000021e5   Thumb Code    22  seekfree_mt9v032.o(i.mt9v032_dma)
    mt9v032_vsync                            0x00002205   Thumb Code    40  seekfree_mt9v032.o(i.mt9v032_vsync)
    myabs                                    0x00002239   Thumb Code    14  seekfree_fun.o(i.myabs)
    number_conversion_ascii                  0x00002247   Thumb Code   136  seekfree_printf.o(i.number_conversion_ascii)
    oled_fill                                0x000022cf   Thumb Code    58  seekfree_oled.o(i.oled_fill)
    oled_init                                0x00002309   Thumb Code   276  seekfree_oled.o(i.oled_init)
    oled_set_pos                             0x0000241d   Thumb Code    36  seekfree_oled.o(i.oled_set_pos)
    oled_wrcmd                               0x00002441   Thumb Code    96  seekfree_oled.o(i.oled_wrcmd)
    oled_wrdat                               0x000024a1   Thumb Code    96  seekfree_oled.o(i.oled_wrdat)
    pid_getDuty                              0x00002501   Thumb Code    16  pid.o(i.pid_getDuty)
    pid_init                                 0x00002519   Thumb Code     2  pid.o(i.pid_init)
    pid_speedRealize                         0x0000251d   Thumb Code    36  pid.o(i.pid_speedRealize)
    pid_steerRealize                         0x0000260d   Thumb Code   102  pid.o(i.pid_steerRealize)
    pint_init                                0x00002681   Thumb Code   248  lpc546xx_pint.o(i.pint_init)
    pll_init                                 0x00002885   Thumb Code   112  lpc546xx_pll.o(i.pll_init)
    printf                                   0x0000290d   Thumb Code   642  seekfree_printf.o(i.printf)
    printf_reverse_order                     0x00002ba1   Thumb Code    34  seekfree_printf.o(i.printf_reverse_order)
    speed_init                               0x00002bc3   Thumb Code    40  speed.o(i.speed_init)
    speed_schedule                           0x00002bed   Thumb Code    92  speed.o(i.speed_schedule)
    store_read                               0x00002c51   Thumb Code   122  store.o(i.store_read)
    sys_init                                 0x00002cd9   Thumb Code    54  sys.o(i.sys_init)
    sys_run                                  0x00002d0f   Thumb Code     4  sys.o(i.sys_run)
    systick_delay                            0x00002d15   Thumb Code    64  lpc546xx_systick.o(i.systick_delay)
    systick_delay_ms                         0x00002d85   Thumb Code    32  lpc546xx_systick.o(i.systick_delay_ms)
    uart_init                                0x00002da9   Thumb Code   302  lpc546xx_uart.o(i.uart_init)
    uart_mux                                 0x00002f09   Thumb Code   744  lpc546xx_uart.o(i.uart_mux)
    uart_putbuff                             0x0000321d   Thumb Code    30  lpc546xx_uart.o(i.uart_putbuff)
    uart_putchar                             0x0000323d   Thumb Code    32  lpc546xx_uart.o(i.uart_putchar)
    uart_query                               0x00003261   Thumb Code    38  lpc546xx_uart.o(i.uart_query)
    uart_rx_irq                              0x0000328d   Thumb Code   116  lpc546xx_uart.o(i.uart_rx_irq)
    write_syspllctrl                         0x00003305   Thumb Code   120  lpc546xx_pll.o(i.write_syspllctrl)
    __aeabi_d2f                              0x00003381   Thumb Code     0  d2f.o(x$fpl$d2f)
    _d2f                                     0x00003381   Thumb Code    98  d2f.o(x$fpl$d2f)
    __aeabi_dadd                             0x000033e5   Thumb Code     0  daddsub_clz.o(x$fpl$dadd)
    _dadd                                    0x000033e5   Thumb Code   332  daddsub_clz.o(x$fpl$dadd)
    __fpl_dcmp_Inf                           0x00003535   Thumb Code    24  dcmpi.o(x$fpl$dcmpinf)
    __aeabi_ddiv                             0x0000354d   Thumb Code     0  ddiv.o(x$fpl$ddiv)
    _ddiv                                    0x0000354d   Thumb Code   552  ddiv.o(x$fpl$ddiv)
    __aeabi_d2iz                             0x000037fd   Thumb Code     0  dfix.o(x$fpl$dfix)
    _dfix                                    0x000037fd   Thumb Code    94  dfix.o(x$fpl$dfix)
    __aeabi_i2d                              0x0000385b   Thumb Code     0  dflt_clz.o(x$fpl$dflt)
    _dflt                                    0x0000385b   Thumb Code    46  dflt_clz.o(x$fpl$dflt)
    __aeabi_ui2d                             0x00003889   Thumb Code     0  dflt_clz.o(x$fpl$dfltu)
    _dfltu                                   0x00003889   Thumb Code    38  dflt_clz.o(x$fpl$dfltu)
    __aeabi_cdcmple                          0x000038b1   Thumb Code     0  dleqf.o(x$fpl$dleqf)
    _dcmple                                  0x000038b1   Thumb Code   120  dleqf.o(x$fpl$dleqf)
    __fpl_dcmple_InfNaN                      0x00003913   Thumb Code     0  dleqf.o(x$fpl$dleqf)
    __aeabi_dmul                             0x00003929   Thumb Code     0  dmul.o(x$fpl$dmul)
    _dmul                                    0x00003929   Thumb Code   332  dmul.o(x$fpl$dmul)
    __fpl_dnaninf                            0x00003a7d   Thumb Code   156  dnaninf.o(x$fpl$dnaninf)
    __fpl_dretinf                            0x00003b19   Thumb Code    12  dretinf.o(x$fpl$dretinf)
    __aeabi_drsub                            0x00003b25   Thumb Code     0  daddsub_clz.o(x$fpl$drsb)
    _drsb                                    0x00003b25   Thumb Code    22  daddsub_clz.o(x$fpl$drsb)
    _dsqrt                                   0x00003b3d   Thumb Code   404  dsqrt_umaal.o(x$fpl$dsqrt)
    __aeabi_dsub                             0x00003cd5   Thumb Code     0  daddsub_clz.o(x$fpl$dsub)
    _dsub                                    0x00003cd5   Thumb Code   464  daddsub_clz.o(x$fpl$dsub)
    _fp_init                                 0x00003ea9   Thumb Code    10  fpinit.o(x$fpl$fpinit)
    __fplib_config_fpu_vfp                   0x00003eb1   Thumb Code     0  fpinit.o(x$fpl$fpinit)
    __fplib_config_pureend_doubles           0x00003eb1   Thumb Code     0  fpinit.o(x$fpl$fpinit)
    __fpl_fretinf                            0x00003eb3   Thumb Code    10  fretinf.o(x$fpl$fretinf)
    __I$use$fp                               0x00003ebc   Number         0  usenofp.o(x$fpl$usenofp)
    period_ch                                0x00003ebc   Data          20  lpc546xx_ctimer.o(.constdata)
    duty_max                                 0x00003ed0   Data          20  lpc546xx_ctimer.o(.constdata)
    debugging_information                    0x00003ee4   Data          50  assert.o(.constdata)
    Region$$Table$$Base                      0x00003f18   Number         0  anon$$obj.o(Region$$Table)
    Region$$Table$$Limit                     0x00003f38   Number         0  anon$$obj.o(Region$$Table)
    TIMERN                                   0x20000000   Data          20  lpc546xx_ctimer.o(.data)
    FLEXCOMMN                                0x20000014   Data          40  lpc546xx_flexcomm.o(.data)
    main_clk_mhz                             0x2000003c   Data           2  lpc546xx_pll.o(.data)
    UARTN                                    0x20000040   Data          40  lpc546xx_uart.o(.data)
    time                                     0x20000068   Data           2  isr.o(.data)
    test                                     0x2000006c   Data           4  isr.o(.data)
    tt                                       0x20000070   Data           4  isr.o(.data)
    systick_test                             0x20000074   Data           4  isr.o(.data)
    receive                                  0x2000007a   Data           3  seekfree_mt9v032.o(.data)
    receive_num                              0x2000007d   Data           1  seekfree_mt9v032.o(.data)
    uart_receive_flag                        0x2000007e   Data           1  seekfree_mt9v032.o(.data)
    MT9V032_CFG                              0x20000080   Data          36  seekfree_mt9v032.o(.data)
    GET_CFG                                  0x200000a4   Data          32  seekfree_mt9v032.o(.data)
    mt9v032_finish_flag                      0x200000c4   Data           1  seekfree_mt9v032.o(.data)
    s_dma_descriptor_table                   0x20000200   Data         480  lpc546xx_dma.o(.bss)
    com_txPackage                            0x200003e0   Data          16  communication.o(.bss)
    com_rxPackage                            0x200003f0   Data          32  communication.o(.bss)
    mag_max_f                                0x20000430   Data          12  magnet.o(.bss)
    image                                    0x20000490   Data       22560  seekfree_mt9v032.o(.bss)
    __libspace_start                         0x20005cb0   Data          96  libspace.o(.bss)
    __temporary_stack_top$libspace           0x20005d10   Data           0  libspace.o(.bss)



==============================================================================

Memory Map of the image

  Image Entry point : 0x00000125

  Load Region LR_IROM2 (Base: 0x00000000, Size: 0x00004000, Max: 0x00080000, ABSOLUTE)

    Execution Region ER_IROM2 (Exec base: 0x00000000, Load base: 0x00000000, Size: 0x00003f38, Max: 0x00080000, ABSOLUTE)

    Exec Addr    Load Addr    Size         Type   Attr      Idx    E Section Name        Object

    0x00000000   0x00000000   0x00000124   Data   RO            3    RESET               startup_lpc54606.o
    0x00000124   0x00000124   0x00000008   Code   RO         2751  * !!!main             c_w.l(__main.o)
    0x0000012c   0x0000012c   0x00000034   Code   RO         2980    !!!scatter          c_w.l(__scatter.o)
    0x00000160   0x00000160   0x0000001a   Code   RO         2982    !!handler_copy      c_w.l(__scatter_copy.o)
    0x0000017a   0x0000017a   0x00000002   PAD
    0x0000017c   0x0000017c   0x0000001c   Code   RO         2984    !!handler_zi        c_w.l(__scatter_zi.o)
    0x00000198   0x00000198   0x00000002   Code   RO         2849    .ARM.Collect$$libinit$$00000000  c_w.l(libinit.o)
    0x0000019a   0x0000019a   0x00000004   Code   RO         2856    .ARM.Collect$$libinit$$00000001  c_w.l(libinit2.o)
    0x0000019e   0x0000019e   0x00000000   Code   RO         2859    .ARM.Collect$$libinit$$00000004  c_w.l(libinit2.o)
    0x0000019e   0x0000019e   0x00000000   Code   RO         2862    .ARM.Collect$$libinit$$0000000A  c_w.l(libinit2.o)
    0x0000019e   0x0000019e   0x00000000   Code   RO         2864    .ARM.Collect$$libinit$$0000000C  c_w.l(libinit2.o)
    0x0000019e   0x0000019e   0x00000000   Code   RO         2866    .ARM.Collect$$libinit$$0000000E  c_w.l(libinit2.o)
    0x0000019e   0x0000019e   0x00000000   Code   RO         2869    .ARM.Collect$$libinit$$00000011  c_w.l(libinit2.o)
    0x0000019e   0x0000019e   0x00000000   Code   RO         2871    .ARM.Collect$$libinit$$00000013  c_w.l(libinit2.o)
    0x0000019e   0x0000019e   0x00000000   Code   RO         2873    .ARM.Collect$$libinit$$00000015  c_w.l(libinit2.o)
    0x0000019e   0x0000019e   0x00000000   Code   RO         2875    .ARM.Collect$$libinit$$00000017  c_w.l(libinit2.o)
    0x0000019e   0x0000019e   0x00000000   Code   RO         2877    .ARM.Collect$$libinit$$00000019  c_w.l(libinit2.o)
    0x0000019e   0x0000019e   0x00000000   Code   RO         2879    .ARM.Collect$$libinit$$0000001B  c_w.l(libinit2.o)
    0x0000019e   0x0000019e   0x00000000   Code   RO         2881    .ARM.Collect$$libinit$$0000001D  c_w.l(libinit2.o)
    0x0000019e   0x0000019e   0x00000000   Code   RO         2883    .ARM.Collect$$libinit$$0000001F  c_w.l(libinit2.o)
    0x0000019e   0x0000019e   0x00000000   Code   RO         2885    .ARM.Collect$$libinit$$00000021  c_w.l(libinit2.o)
    0x0000019e   0x0000019e   0x00000000   Code   RO         2887    .ARM.Collect$$libinit$$00000023  c_w.l(libinit2.o)
    0x0000019e   0x0000019e   0x00000000   Code   RO         2889    .ARM.Collect$$libinit$$00000025  c_w.l(libinit2.o)
    0x0000019e   0x0000019e   0x00000000   Code   RO         2893    .ARM.Collect$$libinit$$0000002C  c_w.l(libinit2.o)
    0x0000019e   0x0000019e   0x00000000   Code   RO         2895    .ARM.Collect$$libinit$$0000002E  c_w.l(libinit2.o)
    0x0000019e   0x0000019e   0x00000000   Code   RO         2897    .ARM.Collect$$libinit$$00000030  c_w.l(libinit2.o)
    0x0000019e   0x0000019e   0x00000000   Code   RO         2899    .ARM.Collect$$libinit$$00000032  c_w.l(libinit2.o)
    0x0000019e   0x0000019e   0x00000002   Code   RO         2900    .ARM.Collect$$libinit$$00000033  c_w.l(libinit2.o)
    0x000001a0   0x000001a0   0x00000002   Code   RO         2930    .ARM.Collect$$libshutdown$$00000000  c_w.l(libshutdown.o)
    0x000001a2   0x000001a2   0x00000000   Code   RO         2947    .ARM.Collect$$libshutdown$$00000002  c_w.l(libshutdown2.o)
    0x000001a2   0x000001a2   0x00000000   Code   RO         2949    .ARM.Collect$$libshutdown$$00000004  c_w.l(libshutdown2.o)
    0x000001a2   0x000001a2   0x00000000   Code   RO         2952    .ARM.Collect$$libshutdown$$00000007  c_w.l(libshutdown2.o)
    0x000001a2   0x000001a2   0x00000000   Code   RO         2955    .ARM.Collect$$libshutdown$$0000000A  c_w.l(libshutdown2.o)
    0x000001a2   0x000001a2   0x00000000   Code   RO         2957    .ARM.Collect$$libshutdown$$0000000C  c_w.l(libshutdown2.o)
    0x000001a2   0x000001a2   0x00000000   Code   RO         2960    .ARM.Collect$$libshutdown$$0000000F  c_w.l(libshutdown2.o)
    0x000001a2   0x000001a2   0x00000002   Code   RO         2961    .ARM.Collect$$libshutdown$$00000010  c_w.l(libshutdown2.o)
    0x000001a4   0x000001a4   0x00000000   Code   RO         2795    .ARM.Collect$$rtentry$$00000000  c_w.l(__rtentry.o)
    0x000001a4   0x000001a4   0x00000000   Code   RO         2812    .ARM.Collect$$rtentry$$00000002  c_w.l(__rtentry2.o)
    0x000001a4   0x000001a4   0x00000006   Code   RO         2824    .ARM.Collect$$rtentry$$00000004  c_w.l(__rtentry4.o)
    0x000001aa   0x000001aa   0x00000000   Code   RO         2814    .ARM.Collect$$rtentry$$00000009  c_w.l(__rtentry2.o)
    0x000001aa   0x000001aa   0x00000004   Code   RO         2815    .ARM.Collect$$rtentry$$0000000A  c_w.l(__rtentry2.o)
    0x000001ae   0x000001ae   0x00000000   Code   RO         2817    .ARM.Collect$$rtentry$$0000000C  c_w.l(__rtentry2.o)
    0x000001ae   0x000001ae   0x00000008   Code   RO         2818    .ARM.Collect$$rtentry$$0000000D  c_w.l(__rtentry2.o)
    0x000001b6   0x000001b6   0x00000002   Code   RO         2850    .ARM.Collect$$rtexit$$00000000  c_w.l(rtexit.o)
    0x000001b8   0x000001b8   0x00000000   Code   RO         2902    .ARM.Collect$$rtexit$$00000002  c_w.l(rtexit2.o)
    0x000001b8   0x000001b8   0x00000004   Code   RO         2903    .ARM.Collect$$rtexit$$00000003  c_w.l(rtexit2.o)
    0x000001bc   0x000001bc   0x00000006   Code   RO         2904    .ARM.Collect$$rtexit$$00000004  c_w.l(rtexit2.o)
    0x000001c2   0x000001c2   0x00000002   PAD
    0x000001c4   0x000001c4   0x00000214   Code   RO            4    .text               startup_lpc54606.o
    0x000003d8   0x000003d8   0x00000048   Code   RO         2743    .text               c_w.l(llsdiv.o)
    0x00000420   0x00000420   0x00000064   Code   RO         2747    .text               c_w.l(rt_memcpy_w.o)
    0x00000484   0x00000484   0x00000006   Code   RO         2749    .text               c_w.l(heapauxi.o)
    0x0000048a   0x0000048a   0x000000ee   Code   RO         2796    .text               c_w.l(lludivv7m.o)
    0x00000578   0x00000578   0x00000016   Code   RO         2798    .text               c_w.l(_rserrno.o)
    0x0000058e   0x0000058e   0x00000002   PAD
    0x00000590   0x00000590   0x00000008   Code   RO         2833    .text               c_w.l(rt_errno_addr_intlibspace.o)
    0x00000598   0x00000598   0x00000008   Code   RO         2835    .text               c_w.l(libspace.o)
    0x000005a0   0x000005a0   0x0000004a   Code   RO         2838    .text               c_w.l(sys_stackheap_outer.o)
    0x000005ea   0x000005ea   0x00000012   Code   RO         2842    .text               c_w.l(exit.o)
    0x000005fc   0x000005fc   0x0000000c   Code   RO         2918    .text               c_w.l(sys_exit.o)
    0x00000608   0x00000608   0x00000002   Code   RO         2935    .text               c_w.l(use_no_semi.o)
    0x0000060a   0x0000060a   0x00000000   Code   RO         2937    .text               c_w.l(indicate_semi.o)
    0x0000060a   0x0000060a   0x0000001c   Code   RO         1385    i.CalculateParity   communication.o
    0x00000626   0x00000626   0x00000002   PAD
    0x00000628   0x00000628   0x00000034   Code   RO         1307    i.ConvertSpeedUnit  speed.o
    0x0000065c   0x0000065c   0x00000018   Code   RO         1128    i.DMA0_DriverIRQHandler  isr.o
    0x00000674   0x00000674   0x00000054   Code   RO         1483    i.DutyFilter        pid.o
    0x000006c8   0x000006c8   0x00000038   Code   RO         1129    i.FLEXCOMM0_DriverIRQHandler  isr.o
    0x00000700   0x00000700   0x00000016   Code   RO         1386    i.FLEXCOMM0_IRQHandler  communication.o
    0x00000716   0x00000716   0x00000002   PAD
    0x00000718   0x00000718   0x00000040   Code   RO         1130    i.FLEXCOMM5_DriverIRQHandler  isr.o
    0x00000758   0x00000758   0x0000001c   Code   RO         1131    i.GINT0_DriverIRQHandler  isr.o
    0x00000774   0x00000774   0x0000003a   Code   RO         1308    i.GetRawSpeed       speed.o
    0x000007ae   0x000007ae   0x00000002   PAD
    0x000007b0   0x000007b0   0x00000044   Code   RO           12    i.HardFault_Handler  system_lpc54606.o
    0x000007f4   0x000007f4   0x00000074   Code   RO         1132    i.MRT0_DriverIRQHandler  isr.o
    0x00000868   0x00000868   0x00000074   Code   RO         1560    i.MRT0_IRQHandler   mrt.o
    0x000008dc   0x000008dc   0x0000006c   Code   RO          637    i.M_divider         lpc546xx_pll.o
    0x00000948   0x00000948   0x00000002   Code   RO           13    i.NMI_Handler       system_lpc54606.o
    0x0000094a   0x0000094a   0x00000002   PAD
    0x0000094c   0x0000094c   0x00000018   Code   RO          301    i.NVIC_DisableIRQ   lpc546xx_flexcomm.o
    0x00000964   0x00000964   0x00000016   Code   RO          302    i.NVIC_EnableIRQ    lpc546xx_flexcomm.o
    0x0000097a   0x0000097a   0x00000002   PAD
    0x0000097c   0x0000097c   0x00000070   Code   RO          638    i.N_divider         lpc546xx_pll.o
    0x000009ec   0x000009ec   0x00000018   Code   RO         1133    i.PIN_INT0_DriverIRQHandler  isr.o
    0x00000a04   0x00000a04   0x00000008   Code   RO         1134    i.PIN_INT7_DriverIRQHandler  isr.o
    0x00000a0c   0x00000a0c   0x00000064   Code   RO          639    i.P_divider         lpc546xx_pll.o
    0x00000a70   0x00000a70   0x00000070   Code   RO         1387    i.PackRxByte        communication.o
    0x00000ae0   0x00000ae0   0x00000050   Code   RO         1135    i.RIT_DriverIRQHandler  isr.o
    0x00000b30   0x00000b30   0x00000014   Code   RO         1540    i.RIT_IRQHandler    rit.o
    0x00000b44   0x00000b44   0x00000010   Code   RO         1136    i.SysTick_Handler   isr.o
    0x00000b54   0x00000b54   0x00000054   Code   RO           14    i.SystemInit        system_lpc54606.o
    0x00000ba8   0x00000ba8   0x0000007a   Code   RO         2783    i.__hardfp_sqrt     m_wm.l(sqrt.o)
    0x00000c22   0x00000c22   0x00000002   PAD
    0x00000c24   0x00000c24   0x00000050   Code   RO         1445    i.adc_ave           magnet.o
    0x00000c74   0x00000c74   0x000000b0   Code   RO          103    i.adc_convert       lpc546xx_adc.o
    0x00000d24   0x00000d24   0x0000000c   Code   RO          104    i.adc_delay         lpc546xx_adc.o
    0x00000d30   0x00000d30   0x00000108   Code   RO          105    i.adc_init          lpc546xx_adc.o
    0x00000e38   0x00000e38   0x000000b4   Code   RO          106    i.adc_mux           lpc546xx_adc.o
    0x00000eec   0x00000eec   0x00000018   Code   RO         1015    i.assert_failed     assert.o
    0x00000f04   0x00000f04   0x00000036   Code   RO         1099    i.button_init       button.o
    0x00000f3a   0x00000f3a   0x00000002   PAD
    0x00000f3c   0x00000f3c   0x00000044   Code   RO         1388    i.com_init          communication.o
    0x00000f80   0x00000f80   0x00000034   Code   RO         1389    i.com_schedule      communication.o
    0x00000fb4   0x00000fb4   0x00000078   Code   RO          153    i.ctimer_clock      lpc546xx_ctimer.o
    0x0000102c   0x0000102c   0x0000001c   Code   RO          154    i.ctimer_count_clean  lpc546xx_ctimer.o
    0x00001048   0x00001048   0x000000a8   Code   RO          155    i.ctimer_count_init  lpc546xx_ctimer.o
    0x000010f0   0x000010f0   0x0000001c   Code   RO          156    i.ctimer_count_read  lpc546xx_ctimer.o
    0x0000110c   0x0000110c   0x0000018e   Code   RO          157    i.ctimer_countmux   lpc546xx_ctimer.o
    0x0000129a   0x0000129a   0x00000002   PAD
    0x0000129c   0x0000129c   0x00000124   Code   RO          158    i.ctimer_pwm_duty   lpc546xx_ctimer.o
    0x000013c0   0x000013c0   0x000001e0   Code   RO          160    i.ctimer_pwm_init   lpc546xx_ctimer.o
    0x000015a0   0x000015a0   0x000001ee   Code   RO          161    i.ctimer_pwmmux     lpc546xx_ctimer.o
    0x0000178e   0x0000178e   0x00000002   PAD
    0x00001790   0x00001790   0x0000005c   Code   RO         2177    i.dma_reload_linked  seekfree_mt9v032.o
    0x000017ec   0x000017ec   0x0000007c   Code   RO          266    i.eeprom_init       lpc546xx_eeprom.o
    0x00001868   0x00001868   0x00000094   Code   RO          268    i.eeprom_write_word  lpc546xx_eeprom.o
    0x000018fc   0x000018fc   0x0000001a   Code   RO          640    i.findPllMMult      lpc546xx_pll.o
    0x00001916   0x00001916   0x00000020   Code   RO          641    i.findPllPostDiv    lpc546xx_pll.o
    0x00001936   0x00001936   0x00000020   Code   RO          642    i.findPllPreDiv     lpc546xx_pll.o
    0x00001956   0x00001956   0x00000002   PAD
    0x00001958   0x00001958   0x00000120   Code   RO          303    i.flexcomm_clk_enable  lpc546xx_flexcomm.o
    0x00001a78   0x00001a78   0x0000000c   Code   RO          304    i.flexcomm_get_clk  lpc546xx_flexcomm.o
    0x00001a84   0x00001a84   0x00000038   Code   RO          305    i.flexcomm_irq      lpc546xx_flexcomm.o
    0x00001abc   0x00001abc   0x0000006c   Code   RO          643    i.get_clk           lpc546xx_pll.o
    0x00001b28   0x00001b28   0x00000018   Code   RO          402    i.gpio_get          lpc546xx_gpio.o
    0x00001b40   0x00001b40   0x000000e8   Code   RO          403    i.gpio_init         lpc546xx_gpio.o
    0x00001c28   0x00001c28   0x00000030   Code   RO          405    i.gpio_set          lpc546xx_gpio.o
    0x00001c58   0x00001c58   0x00000018   Code   RO          406    i.gpio_toggle       lpc546xx_gpio.o
    0x00001c70   0x00001c70   0x00000074   Code   RO          501    i.iocon_init        lpc546xx_iocon.o
    0x00001ce4   0x00001ce4   0x00000088   Code   RO          502    i.iocon_init_noalt  lpc546xx_iocon.o
    0x00001d6c   0x00001d6c   0x00000022   Code   RO         1446    i.magnet_init       magnet.o
    0x00001d8e   0x00001d8e   0x00000002   PAD
    0x00001d90   0x00001d90   0x00000210   Code   RO         1447    i.magnet_schedule   magnet.o
    0x00001fa0   0x00001fa0   0x0000000c   Code   RO         1255    i.main              main.o
    0x00001fac   0x00001fac   0x0000005c   Code   RO         1272    i.motor_init        motor.o
    0x00002008   0x00002008   0x00000056   Code   RO         1273    i.motor_set         motor.o
    0x0000205e   0x0000205e   0x00000024   Code   RO         1274    i.motor_stop        motor.o
    0x00002082   0x00002082   0x00000002   PAD
    0x00002084   0x00002084   0x00000094   Code   RO         1561    i.mrt_init          mrt.o
    0x00002118   0x00002118   0x0000007c   Code   RO          953    i.mrt_pit_init      lpc546xx_mrt.o
    0x00002194   0x00002194   0x00000050   Code   RO         2180    i.mt9v032_cof_uart_interrupt  seekfree_mt9v032.o
    0x000021e4   0x000021e4   0x00000020   Code   RO         2181    i.mt9v032_dma       seekfree_mt9v032.o
    0x00002204   0x00002204   0x00000034   Code   RO         2182    i.mt9v032_vsync     seekfree_mt9v032.o
    0x00002238   0x00002238   0x0000000e   Code   RO         1913    i.myabs             seekfree_fun.o
    0x00002246   0x00002246   0x00000088   Code   RO         1058    i.number_conversion_ascii  seekfree_printf.o
    0x000022ce   0x000022ce   0x0000003a   Code   RO         2347    i.oled_fill         seekfree_oled.o
    0x00002308   0x00002308   0x00000114   Code   RO         2349    i.oled_init         seekfree_oled.o
    0x0000241c   0x0000241c   0x00000024   Code   RO         2359    i.oled_set_pos      seekfree_oled.o
    0x00002440   0x00002440   0x00000060   Code   RO         2362    i.oled_wrcmd        seekfree_oled.o
    0x000024a0   0x000024a0   0x00000060   Code   RO         2363    i.oled_wrdat        seekfree_oled.o
    0x00002500   0x00002500   0x00000018   Code   RO         1484    i.pid_getDuty       pid.o
    0x00002518   0x00002518   0x00000002   Code   RO         1485    i.pid_init          pid.o
    0x0000251a   0x0000251a   0x00000002   PAD
    0x0000251c   0x0000251c   0x00000030   Code   RO         1486    i.pid_speedRealize  pid.o
    0x0000254c   0x0000254c   0x000000c0   Code   RO         1487    i.pid_speedRealizeSingle  pid.o
    0x0000260c   0x0000260c   0x00000074   Code   RO         1488    i.pid_steerRealize  pid.o
    0x00002680   0x00002680   0x00000100   Code   RO          532    i.pint_init         lpc546xx_pint.o
    0x00002780   0x00002780   0x0000005a   Code   RO          644    i.pllDecodeM        lpc546xx_pll.o
    0x000027da   0x000027da   0x0000005c   Code   RO          645    i.pllDecodeN        lpc546xx_pll.o
    0x00002836   0x00002836   0x0000004e   Code   RO          646    i.pllDecodeP        lpc546xx_pll.o
    0x00002884   0x00002884   0x00000088   Code   RO          647    i.pll_init          lpc546xx_pll.o
    0x0000290c   0x0000290c   0x00000294   Code   RO         1059    i.printf            seekfree_printf.o
    0x00002ba0   0x00002ba0   0x00000022   Code   RO         1060    i.printf_reverse_order  seekfree_printf.o
    0x00002bc2   0x00002bc2   0x00000028   Code   RO         1309    i.speed_init        speed.o
    0x00002bea   0x00002bea   0x00000002   PAD
    0x00002bec   0x00002bec   0x00000064   Code   RO         1310    i.speed_schedule    speed.o
    0x00002c50   0x00002c50   0x00000088   Code   RO         1647    i.store_read        store.o
    0x00002cd8   0x00002cd8   0x00000036   Code   RO         1608    i.sys_init          sys.o
    0x00002d0e   0x00002d0e   0x00000004   Code   RO         1609    i.sys_run           sys.o
    0x00002d12   0x00002d12   0x00000002   PAD
    0x00002d14   0x00002d14   0x00000070   Code   RO          832    i.systick_delay     lpc546xx_systick.o
    0x00002d84   0x00002d84   0x00000024   Code   RO          833    i.systick_delay_ms  lpc546xx_systick.o
    0x00002da8   0x00002da8   0x00000160   Code   RO          877    i.uart_init         lpc546xx_uart.o
    0x00002f08   0x00002f08   0x00000314   Code   RO          878    i.uart_mux          lpc546xx_uart.o
    0x0000321c   0x0000321c   0x0000001e   Code   RO          879    i.uart_putbuff      lpc546xx_uart.o
    0x0000323a   0x0000323a   0x00000002   PAD
    0x0000323c   0x0000323c   0x00000024   Code   RO          880    i.uart_putchar      lpc546xx_uart.o
    0x00003260   0x00003260   0x0000002c   Code   RO          882    i.uart_query        lpc546xx_uart.o
    0x0000328c   0x0000328c   0x00000078   Code   RO          883    i.uart_rx_irq       lpc546xx_uart.o
    0x00003304   0x00003304   0x0000007c   Code   RO          648    i.write_syspllctrl  lpc546xx_pll.o
    0x00003380   0x00003380   0x00000062   Code   RO         2753    x$fpl$d2f           fz_wm.l(d2f.o)
    0x000033e2   0x000033e2   0x00000002   PAD
    0x000033e4   0x000033e4   0x00000150   Code   RO         2755    x$fpl$dadd          fz_wm.l(daddsub_clz.o)
    0x00003534   0x00003534   0x00000018   Code   RO         2800    x$fpl$dcmpinf       fz_wm.l(dcmpi.o)
    0x0000354c   0x0000354c   0x000002b0   Code   RO         2762    x$fpl$ddiv          fz_wm.l(ddiv.o)
    0x000037fc   0x000037fc   0x0000005e   Code   RO         2767    x$fpl$dfix          fz_wm.l(dfix.o)
    0x0000385a   0x0000385a   0x0000002e   Code   RO         2772    x$fpl$dflt          fz_wm.l(dflt_clz.o)
    0x00003888   0x00003888   0x00000026   Code   RO         2771    x$fpl$dfltu         fz_wm.l(dflt_clz.o)
    0x000038ae   0x000038ae   0x00000002   PAD
    0x000038b0   0x000038b0   0x00000078   Code   RO         2777    x$fpl$dleqf         fz_wm.l(dleqf.o)
    0x00003928   0x00003928   0x00000154   Code   RO         2779    x$fpl$dmul          fz_wm.l(dmul.o)
    0x00003a7c   0x00003a7c   0x0000009c   Code   RO         2802    x$fpl$dnaninf       fz_wm.l(dnaninf.o)
    0x00003b18   0x00003b18   0x0000000c   Code   RO         2804    x$fpl$dretinf       fz_wm.l(dretinf.o)
    0x00003b24   0x00003b24   0x00000016   Code   RO         2756    x$fpl$drsb          fz_wm.l(daddsub_clz.o)
    0x00003b3a   0x00003b3a   0x00000002   PAD
    0x00003b3c   0x00003b3c   0x00000198   Code   RO         2806    x$fpl$dsqrt         fz_wm.l(dsqrt_umaal.o)
    0x00003cd4   0x00003cd4   0x000001d4   Code   RO         2757    x$fpl$dsub          fz_wm.l(daddsub_clz.o)
    0x00003ea8   0x00003ea8   0x0000000a   Code   RO         2916    x$fpl$fpinit        fz_wm.l(fpinit.o)
    0x00003eb2   0x00003eb2   0x0000000a   Code   RO         2808    x$fpl$fretinf       fz_wm.l(fretinf.o)
    0x00003ebc   0x00003ebc   0x00000000   Code   RO         2810    x$fpl$usenofp       fz_wm.l(usenofp.o)
    0x00003ebc   0x00003ebc   0x00000028   Data   RO          162    .constdata          lpc546xx_ctimer.o
    0x00003ee4   0x00003ee4   0x00000032   Data   RO         1016    .constdata          assert.o
    0x00003f16   0x00003f16   0x00000002   PAD
    0x00003f18   0x00003f18   0x00000020   Data   RO         2978    Region$$Table       anon$$obj.o


    Execution Region RW_IRAM1 (Exec base: 0x04000000, Load base: 0x00003f38, Size: 0x00000000, Max: 0x00008000, ABSOLUTE)

    **** No section assigned to this execution region ****


    Execution Region RW_IRAM2 (Exec base: 0x20000000, Load base: 0x00003f38, Size: 0x00008d10, Max: 0x00028000, ABSOLUTE)

    Exec Addr    Load Addr    Size         Type   Attr      Idx    E Section Name        Object

    0x20000000   0x00003f38   0x00000014   Data   RW          163    .data               lpc546xx_ctimer.o
    0x20000014   0x00003f4c   0x00000028   Data   RW          306    .data               lpc546xx_flexcomm.o
    0x2000003c   0x00003f74   0x00000002   Data   RW          649    .data               lpc546xx_pll.o
    0x2000003e   0x00003f76   0x00000002   PAD
    0x20000040   0x00003f78   0x00000028   Data   RW          885    .data               lpc546xx_uart.o
    0x20000068   0x00003fa0   0x00000010   Data   RW         1137    .data               isr.o
    0x20000078   0x00003fb0   0x00000001   Data   RW         1391    .data               communication.o
    0x20000079   0x00003fb1   0x00000001   Data   RW         1449    .data               magnet.o
    0x2000007a   0x00003fb2   0x0000004b   Data   RW         2187    .data               seekfree_mt9v032.o
    0x200000c5   0x00003ffd   0x0000013b   PAD
    0x20000200        -       0x000001e0   Zero   RW          230    .bss                lpc546xx_dma.o
    0x200003e0        -       0x00000050   Zero   RW         1390    .bss                communication.o
    0x20000430        -       0x00000018   Zero   RW         1448    .bss                magnet.o
    0x20000448        -       0x00000048   Zero   RW         1489    .bss                pid.o
    0x20000490        -       0x00005820   Zero   RW         2186    .bss                seekfree_mt9v032.o
    0x20005cb0        -       0x00000060   Zero   RW         2836    .bss                c_w.l(libspace.o)
    0x20005d10        -       0x00001000   Zero   RW            2    HEAP                startup_lpc54606.o
    0x20006d10        -       0x00002000   Zero   RW            1    STACK               startup_lpc54606.o



  Load Region LR_IROM1 (Base: 0x40108000, Size: 0x00000000, Max: 0x00004000, ABSOLUTE)

    Execution Region ER_IROM1 (Exec base: 0x40108000, Load base: 0x40108000, Size: 0x00000000, Max: 0x00004000, ABSOLUTE)

    **** No section assigned to this execution region ****


==============================================================================

Image component sizes


      Code (inc. data)   RO Data    RW Data    ZI Data      Debug   Object Name

        24          6         50          0          0       1168   assert.o
        54          0          0          0          0        482   button.o
       282         26          0          1         80      30942   communication.o
       416         48          0         16          0       4688   isr.o
       632        144          0          0          0       3163   lpc546xx_adc.o
      2008        178         40         20          0       8382   lpc546xx_ctimer.o
         0          0          0          0        480       2937   lpc546xx_dma.o
       272         90          0          0          0       1594   lpc546xx_eeprom.o
       402         80          0         40          0      30511   lpc546xx_flexcomm.o
       328         34          0          0          0       2544   lpc546xx_gpio.o
       252        108          0          0          0       1352   lpc546xx_iocon.o
       124         52          0          0          0      28322   lpc546xx_mrt.o
       256          8          0          0          0        796   lpc546xx_pint.o
      1038         62          0          2          0       7999   lpc546xx_pll.o
       148         52          0          0          0       1183   lpc546xx_systick.o
      1370        118          0         40          0       5448   lpc546xx_uart.o
       642         44          0          1         24       2592   magnet.o
        12          0          0          0          0        443   main.o
       214          0          0          0          0       1634   motor.o
       264         20          0          0          0       1169   mrt.o
       466         44          0          0         72       4139   pid.o
        20          6          0          0          0        429   rit.o
         0          0          0          0          0       1657   seekfree_7725.o
        14          0          0          0          0        572   seekfree_fun.o
       256         46          0         75      22560       3201   seekfree_mt9v032.o
       562          0          0          0          0       3161   seekfree_oled.o
       830         18          0          0          0       4306   seekfree_printf.o
       250         18          0          0          0       2538   speed.o
       532        258        292          0      12288       3696   startup_lpc54606.o
       136         14          0          0          0        477   store.o
        58          0          0          0          0       1281   sys.o
       154         78          0          0          0     532527   system_lpc54606.o

    ----------------------------------------------------------------------
     12046       1552        416        200      35816     695333   Object Totals
         0          0         32          0          0          0   (incl. Generated)
        30          0          2          5        312          0   (incl. Padding)

    ----------------------------------------------------------------------

      Code (inc. data)   RO Data    RW Data    ZI Data      Debug   Library Member Name

         8          0          0          0          0         68   __main.o
         0          0          0          0          0          0   __rtentry.o
        12          0          0          0          0          0   __rtentry2.o
         6          0          0          0          0          0   __rtentry4.o
        52          8          0          0          0          0   __scatter.o
        26          0          0          0          0          0   __scatter_copy.o
        28          0          0          0          0          0   __scatter_zi.o
        22          0          0          0          0        100   _rserrno.o
        18          0          0          0          0         80   exit.o
         6          0          0          0          0        152   heapauxi.o
         0          0          0          0          0          0   indicate_semi.o
         2          0          0          0          0          0   libinit.o
         6          0          0          0          0          0   libinit2.o
         2          0          0          0          0          0   libshutdown.o
         2          0          0          0          0          0   libshutdown2.o
         8          4          0          0         96         68   libspace.o
        72          0          0          0          0         76   llsdiv.o
       238          0          0          0          0        100   lludivv7m.o
         8          4          0          0          0         68   rt_errno_addr_intlibspace.o
       100          0          0          0          0         80   rt_memcpy_w.o
         2          0          0          0          0          0   rtexit.o
        10          0          0          0          0          0   rtexit2.o
        12          4          0          0          0         68   sys_exit.o
        74          0          0          0          0         80   sys_stackheap_outer.o
         2          0          0          0          0         68   use_no_semi.o
        98          4          0          0          0        140   d2f.o
       826         16          0          0          0        492   daddsub_clz.o
        24          0          0          0          0        116   dcmpi.o
       688        140          0          0          0        256   ddiv.o
        94          4          0          0          0        140   dfix.o
        84          0          0          0          0        232   dflt_clz.o
       120          4          0          0          0        140   dleqf.o
       340         12          0          0          0        152   dmul.o
       156          4          0          0          0        140   dnaninf.o
        12          0          0          0          0        116   dretinf.o
       408         56          0          0          0        168   dsqrt_umaal.o
        10          0          0          0          0        116   fpinit.o
        10          0          0          0          0        116   fretinf.o
         0          0          0          0          0          0   usenofp.o
       122          0          0          0          0        148   sqrt.o

    ----------------------------------------------------------------------
      3722        260          0          0         96       3480   Library Totals
        14          0          0          0          0          0   (incl. Padding)

    ----------------------------------------------------------------------

      Code (inc. data)   RO Data    RW Data    ZI Data      Debug   Library Name

       716         20          0          0         96       1008   c_w.l
      2870        240          0          0          0       2324   fz_wm.l
       122          0          0          0          0        148   m_wm.l

    ----------------------------------------------------------------------
      3722        260          0          0         96       3480   Library Totals

    ----------------------------------------------------------------------

==============================================================================


      Code (inc. data)   RO Data    RW Data    ZI Data      Debug   

     15768       1812        416        200      35912     687397   Grand Totals
     15768       1812        416        200      35912     687397   ELF Image Totals
     15768       1812        416        200          0          0   ROM Totals

==============================================================================

    Total RO  Size (Code + RO Data)                16184 (  15.80kB)
    Total RW  Size (RW Data + ZI Data)             36112 (  35.27kB)
    Total ROM Size (Code + RO Data + RW Data)      16384 (  16.00kB)

==============================================================================

