Component: ARM Compiler 5.06 update 6 (build 750) Tool: armlink [4d35ed]

==============================================================================

Section Cross References

    startup_lpc54606.o(STACK) refers (Special) to heapauxi.o(.text) for __use_two_region_memory
    startup_lpc54606.o(HEAP) refers (Special) to heapauxi.o(.text) for __use_two_region_memory
    startup_lpc54606.o(RESET) refers (Special) to heapauxi.o(.text) for __use_two_region_memory
    startup_lpc54606.o(RESET) refers to startup_lpc54606.o(STACK) for __initial_sp
    startup_lpc54606.o(RESET) refers to startup_lpc54606.o(.text) for Reset_Handler
    startup_lpc54606.o(RESET) refers to system_lpc54606.o(i.NMI_Handler) for NMI_Handler
    startup_lpc54606.o(RESET) refers to system_lpc54606.o(i.HardFault_Handler) for HardFault_Handler
    startup_lpc54606.o(RESET) refers to isr.o(i.SysTick_Handler) for SysTick_Handler
    startup_lpc54606.o(RESET) refers to mrt.o(i.MRT0_IRQHandler) for MRT0_IRQHandler
    startup_lpc54606.o(RESET) refers to hc05.o(i.FLEXCOMM0_IRQHandler) for FLEXCOMM0_IRQHandler
    startup_lpc54606.o(RESET) refers to menu.o(i.PIN_INT4_IRQHandler) for PIN_INT4_IRQHandler
    startup_lpc54606.o(RESET) refers to rit.o(i.RIT_IRQHandler) for RIT_IRQHandler
    startup_lpc54606.o(.text) refers (Special) to heapauxi.o(.text) for __use_two_region_memory
    startup_lpc54606.o(.text) refers to system_lpc54606.o(i.SystemInit) for SystemInit
    startup_lpc54606.o(.text) refers to __main.o(!!!main) for __main
    startup_lpc54606.o(.text) refers to isr.o(i.DMA0_DriverIRQHandler) for DMA0_DriverIRQHandler
    startup_lpc54606.o(.text) refers to isr.o(i.GINT0_DriverIRQHandler) for GINT0_DriverIRQHandler
    startup_lpc54606.o(.text) refers to isr.o(i.PIN_INT0_DriverIRQHandler) for PIN_INT0_DriverIRQHandler
    startup_lpc54606.o(.text) refers to isr.o(i.MRT0_DriverIRQHandler) for MRT0_DriverIRQHandler
    startup_lpc54606.o(.text) refers to isr.o(i.FLEXCOMM0_DriverIRQHandler) for FLEXCOMM0_DriverIRQHandler
    startup_lpc54606.o(.text) refers to isr.o(i.FLEXCOMM5_DriverIRQHandler) for FLEXCOMM5_DriverIRQHandler
    startup_lpc54606.o(.text) refers to isr.o(i.PIN_INT7_DriverIRQHandler) for PIN_INT7_DriverIRQHandler
    startup_lpc54606.o(.text) refers to isr.o(i.RIT_DriverIRQHandler) for RIT_DriverIRQHandler
    startup_lpc54606.o(.text) refers to startup_lpc54606.o(HEAP) for Heap_Mem
    startup_lpc54606.o(.text) refers to startup_lpc54606.o(STACK) for Stack_Mem
    system_lpc54606.o(i.HardFault_Handler) refers to seekfree_printf.o(i.printf) for printf
    system_lpc54606.o(i.SystemInit) refers to lpc546xx_pll.o(i.pll_init) for pll_init
    system_lpc54606.o(i.SystemInit) refers to startup_lpc54606.o(RESET) for __Vectors
    lpc546xx_adc.o(i.adc_convert) refers to lpc546xx_adc.o(i.adc_delay) for adc_delay
    lpc546xx_adc.o(i.adc_convert) refers to lpc546xx_adc.o(i.adc_init) for adc_init
    lpc546xx_adc.o(i.adc_init) refers to lpc546xx_systick.o(i.systick_delay) for systick_delay
    lpc546xx_adc.o(i.adc_init) refers to lpc546xx_adc.o(i.adc_mux) for adc_mux
    lpc546xx_adc.o(i.adc_init) refers to assert.o(i.assert_failed) for assert_failed
    lpc546xx_adc.o(i.adc_init) refers to lpc546xx_pll.o(.data) for main_clk_mhz
    lpc546xx_adc.o(i.adc_mux) refers to lpc546xx_iocon.o(i.iocon_init) for iocon_init
    lpc546xx_adc.o(i.adc_mux) refers to assert.o(i.assert_failed) for assert_failed
    lpc546xx_ctimer.o(i.ctimer_count_clean) refers to lpc546xx_ctimer.o(.data) for TIMERN
    lpc546xx_ctimer.o(i.ctimer_count_init) refers to lpc546xx_ctimer.o(i.ctimer_clock) for ctimer_clock
    lpc546xx_ctimer.o(i.ctimer_count_init) refers to lpc546xx_ctimer.o(i.ctimer_countmux) for ctimer_countmux
    lpc546xx_ctimer.o(i.ctimer_count_init) refers to lpc546xx_ctimer.o(.data) for TIMERN
    lpc546xx_ctimer.o(i.ctimer_count_read) refers to lpc546xx_ctimer.o(.data) for TIMERN
    lpc546xx_ctimer.o(i.ctimer_countmux) refers to lpc546xx_iocon.o(i.iocon_init) for iocon_init
    lpc546xx_ctimer.o(i.ctimer_pwm_duty) refers to assert.o(i.assert_failed) for assert_failed
    lpc546xx_ctimer.o(i.ctimer_pwm_duty) refers to llsdiv.o(.text) for __aeabi_ldivmod
    lpc546xx_ctimer.o(i.ctimer_pwm_duty) refers to lpc546xx_ctimer.o(.constdata) for duty_max
    lpc546xx_ctimer.o(i.ctimer_pwm_duty) refers to lpc546xx_ctimer.o(.data) for TIMERN
    lpc546xx_ctimer.o(i.ctimer_pwm_freq) refers to lpc546xx_pll.o(.data) for main_clk_mhz
    lpc546xx_ctimer.o(i.ctimer_pwm_freq) refers to lpc546xx_ctimer.o(.data) for TIMERN
    lpc546xx_ctimer.o(i.ctimer_pwm_freq) refers to lpc546xx_ctimer.o(.constdata) for period_ch
    lpc546xx_ctimer.o(i.ctimer_pwm_init) refers to assert.o(i.assert_failed) for assert_failed
    lpc546xx_ctimer.o(i.ctimer_pwm_init) refers to lpc546xx_ctimer.o(i.ctimer_clock) for ctimer_clock
    lpc546xx_ctimer.o(i.ctimer_pwm_init) refers to lpc546xx_ctimer.o(i.ctimer_pwmmux) for ctimer_pwmmux
[...]
    x$fpl$drsb                               0x0000622c   Section       22  daddsub_clz.o(x$fpl$drsb)
    $v0                                      0x0000622c   Number         0  daddsub_clz.o(x$fpl$drsb)
    x$fpl$dsqrt                              0x00006244   Section      408  dsqrt_umaal.o(x$fpl$dsqrt)
    $v0                                      0x00006244   Number         0  dsqrt_umaal.o(x$fpl$dsqrt)
    x$fpl$dsub                               0x000063dc   Section      468  daddsub_clz.o(x$fpl$dsub)
    $v0                                      0x000063dc   Number         0  daddsub_clz.o(x$fpl$dsub)
    _dsub1                                   0x000063ed   Thumb Code     0  daddsub_clz.o(x$fpl$dsub)
    x$fpl$f2d                                0x000065b0   Section       86  f2d.o(x$fpl$f2d)
    $v0                                      0x000065b0   Number         0  f2d.o(x$fpl$f2d)
    x$fpl$fnaninf                            0x00006606   Section      140  fnaninf.o(x$fpl$fnaninf)
    $v0                                      0x00006606   Number         0  fnaninf.o(x$fpl$fnaninf)
    x$fpl$fpinit                             0x00006692   Section       10  fpinit.o(x$fpl$fpinit)
    $v0                                      0x00006692   Number         0  fpinit.o(x$fpl$fpinit)
    x$fpl$fretinf                            0x0000669c   Section       10  fretinf.o(x$fpl$fretinf)
    $v0                                      0x0000669c   Number         0  fretinf.o(x$fpl$fretinf)
    x$fpl$usenofp                            0x000066a6   Section        0  usenofp.o(x$fpl$usenofp)
    .constdata                               0x000066a8   Section       40  lpc546xx_ctimer.o(.constdata)
    .constdata                               0x000066d0   Section       50  assert.o(.constdata)
    .constdata                               0x00006702   Section     7048  seekfree_font.o(.constdata)
    .conststring                             0x0000828c   Section      508  menu.o(.conststring)
    .data                                    0x20000000   Section       20  lpc546xx_ctimer.o(.data)
    .data                                    0x20000014   Section       40  lpc546xx_flexcomm.o(.data)
    .data                                    0x2000003c   Section        2  lpc546xx_pll.o(.data)
    .data                                    0x20000040   Section       40  lpc546xx_uart.o(.data)
    .data                                    0x20000068   Section       16  isr.o(.data)
    .data                                    0x20000078   Section        2  hc05.o(.data)
    order                                    0x20000078   Data           1  hc05.o(.data)
    sizecount                                0x20000079   Data           1  hc05.o(.data)
    .data                                    0x2000007c   Section        5  mag.o(.data)
    flag_disabled                            0x20000080   Data           1  mag.o(.data)
    .data                                    0x20000084   Section      256  menu.o(.data)
    .data                                    0x20000184   Section       75  seekfree_mt9v032.o(.data)
    .bss                                     0x20000200   Section      480  lpc546xx_dma.o(.bss)
    .bss                                     0x200003e0   Section       52  hc05.o(.bss)
    .bss                                     0x20000414   Section       64  mag.o(.bss)
    mag_float                                0x2000043c   Data          12  mag.o(.bss)
    mag_raw                                  0x20000448   Data          12  mag.o(.bss)
    .bss                                     0x20000454   Section       76  speedpid.o(.bss)
    .bss                                     0x200004a0   Section    22560  seekfree_mt9v032.o(.bss)
    .bss                                     0x20005cc0   Section       96  libspace.o(.bss)
    HEAP                                     0x20005d20   Section     4096  startup_lpc54606.o(HEAP)
    Heap_Mem                                 0x20005d20   Data        4096  startup_lpc54606.o(HEAP)
    STACK                                    0x20006d20   Section     8192  startup_lpc54606.o(STACK)
    Stack_Mem                                0x20006d20   Data        8192  startup_lpc54606.o(STACK)
    __initial_sp                             0x20008d20   Data           0  startup_lpc54606.o(STACK)

    Global Symbols

    Symbol Name                              Value     Ov Type        Size  Object(Section)

    BuildAttributes$$THM_ISAv4$E$P$D$K$B$S$7EM$VFPi3$EXTD16$VFPS$VFMA$PE$A:L22UL41UL21$X:L11$S22US41US21$IEEE1$IW$USESV6$~STKCKD$USESV7$~SHL$OTIME$ROPI$IEEEJ$EBA8$UX$STANDARDLIB$REQ8$PRES8$EABIv2 0x00000000   Number         0  anon$$obj.o ABSOLUTE
    __ARM_use_no_argv                        0x00000000   Number         0  main.o ABSOLUTE
    __Vectors                                0x00000000   Data           4  startup_lpc54606.o(RESET)
    __ARM_exceptions_init                     - Undefined Weak Reference
    __alloca_initialize                       - Undefined Weak Reference
    __arm_preinit_                            - Undefined Weak Reference
    __cpp_initialize__aeabi_                  - Undefined Weak Reference
    __cxa_finalize                            - Undefined Weak Reference
    __rt_locale                               - Undefined Weak Reference
    __sigvec_lookup                           - Undefined Weak Reference
    __user_heap_extent                        - Undefined Weak Reference
    _atexit_init                              - Undefined Weak Reference
    _call_atexit_fns                          - Undefined Weak Reference
    _clock_init                               - Undefined Weak Reference
    _fp_trap_init                             - Undefined Weak Reference
    _fp_trap_shutdown                         - Undefined Weak Reference
    _get_lc_collate                           - Undefined Weak Reference
    _get_lc_ctype                             - Undefined Weak Reference
    _get_lc_monetary                          - Undefined Weak Reference
    _get_lc_numeric                           - Undefined Weak Reference
    _get_lc_time                              - Undefined Weak Reference
    _getenv_init                              - Undefined Weak Reference
    _handle_redirection                       - Undefined Weak Reference
    _initio                                   - Undefined Weak Reference
    _mutex_acquire                            - Undefined Weak Reference
    _mutex_free                               - Undefined Weak Reference
    _mutex_release                            - Undefined Weak Reference
    _rand_init                                - Undefined Weak Reference
    _signal_finish                            - Undefined Weak Reference
    _signal_init                              - Undefined Weak Reference
    _terminateio                              - Undefined Weak Reference
    __main                                   0x00000125   Thumb Code     8  __main.o(!!!main)
    __scatterload                            0x0000012d   Thumb Code     0  __scatter.o(!!!scatter)
    __scatterload_rt2                        0x0000012d   Thumb Code    44  __scatter.o(!!!scatter)
    __scatterload_rt2_thumb_only             0x0000012d   Thumb Code     0  __scatter.o(!!!scatter)
    __scatterload_null                       0x0000013b   Thumb Code     0  __scatter.o(!!!scatter)
    __decompress                             0x00000161   Thumb Code    90  __dczerorl2.o(!!dczerorl2)
    __decompress1                            0x00000161   Thumb Code     0  __dczerorl2.o(!!dczerorl2)
    __scatterload_zeroinit                   0x000001bd   Thumb Code    28  __scatter_zi.o(!!handler_zi)
    __rt_lib_init                            0x000001d9   Thumb Code     0  libinit.o(.ARM.Collect$$libinit$$00000000)
    __rt_lib_init_fp_1                       0x000001db   Thumb Code     0  libinit2.o(.ARM.Collect$$libinit$$00000001)
    __rt_lib_init_heap_2                     0x000001df   Thumb Code     0  libinit2.o(.ARM.Collect$$libinit$$00000005)
    __rt_lib_init_preinit_1                  0x000001df   Thumb Code     0  libinit2.o(.ARM.Collect$$libinit$$00000004)
    __rt_lib_init_alloca_1                   0x000001e7   Thumb Code     0  libinit2.o(.ARM.Collect$$libinit$$0000002E)
    __rt_lib_init_argv_1                     0x000001e7   Thumb Code     0  libinit2.o(.ARM.Collect$$libinit$$0000002C)
    __rt_lib_init_atexit_1                   0x000001e7   Thumb Code     0  libinit2.o(.ARM.Collect$$libinit$$0000001B)
    __rt_lib_init_clock_1                    0x000001e7   Thumb Code     0  libinit2.o(.ARM.Collect$$libinit$$00000021)
    __rt_lib_init_cpp_1                      0x000001e7   Thumb Code     0  libinit2.o(.ARM.Collect$$libinit$$00000032)
    __rt_lib_init_exceptions_1               0x000001e7   Thumb Code     0  libinit2.o(.ARM.Collect$$libinit$$00000030)
    __rt_lib_init_fp_trap_1                  0x000001e7   Thumb Code     0  libinit2.o(.ARM.Collect$$libinit$$0000001F)
    __rt_lib_init_getenv_1                   0x000001e7   Thumb Code     0  libinit2.o(.ARM.Collect$$libinit$$00000023)
    __rt_lib_init_heap_1                     0x000001e7   Thumb Code     0  libinit2.o(.ARM.Collect$$libinit$$0000000A)
    __rt_lib_init_lc_collate_1               0x000001e7   Thumb Code     0  libinit2.o(.ARM.Collect$$libinit$$00000011)
    __rt_lib_init_lc_ctype_1                 0x000001e7   Thumb Code     0  libinit2.o(.ARM.Collect$$libinit$$00000013)
    __rt_lib_init_lc_monetary_1              0x000001e7   Thumb Code     0  libinit2.o(.ARM.Collect$$libinit$$00000015)
    __rt_lib_init_lc_numeric_1               0x000001e7   Thumb Code     0  libinit2.o(.ARM.Collect$$libinit$$00000017)
    __rt_lib_init_lc_time_1                  0x000001e7   Thumb Code     0  libinit2.o(.ARM.Collect$$libinit$$00000019)
    __rt_lib_init_rand_1                     0x000001e7   Thumb Code     0  libinit2.o(.ARM.Collect$$libinit$$0000000E)
    __rt_lib_init_return                     0x000001e7   Thumb Code     0  libinit2.o(.ARM.Collect$$libinit$$00000033)
    __rt_lib_init_signal_1                   0x000001e7   Thumb Code     0  libinit2.o(.ARM.Collect$$libinit$$0000001D)
    __rt_lib_init_stdio_1                    0x000001e7   Thumb Code     0  libinit2.o(.ARM.Collect$$libinit$$00000025)
    __rt_lib_init_user_alloc_1               0x000001e7   Thumb Code     0  libinit2.o(.ARM.Collect$$libinit$$0000000C)
    __rt_lib_shutdown                        0x000001e9   Thumb Code     0  libshutdown.o(.ARM.Collect$$libshutdown$$00000000)
    __rt_lib_shutdown_cpp_1                  0x000001eb   Thumb Code     0  libshutdown2.o(.ARM.Collect$$libshutdown$$00000002)
    __rt_lib_shutdown_fp_trap_1              0x000001eb   Thumb Code     0  libshutdown2.o(.ARM.Collect$$libshutdown$$00000007)
    __rt_lib_shutdown_heap_1                 0x000001eb   Thumb Code     0  libshutdown2.o(.ARM.Collect$$libshutdown$$0000000F)
    __rt_lib_shutdown_return                 0x000001eb   Thumb Code     0  libshutdown2.o(.ARM.Collect$$libshutdown$$00000010)
    __rt_lib_shutdown_signal_1               0x000001eb   Thumb Code     0  libshutdown2.o(.ARM.Collect$$libshutdown$$0000000A)
    __rt_lib_shutdown_stdio_1                0x000001eb   Thumb Code     0  libshutdown2.o(.ARM.Collect$$libshutdown$$00000004)
    __rt_lib_shutdown_user_alloc_1           0x000001eb   Thumb Code     0  libshutdown2.o(.ARM.Collect$$libshutdown$$0000000C)
    __rt_entry                               0x000001ed   Thumb Code     0  __rtentry.o(.ARM.Collect$$rtentry$$00000000)
    __rt_entry_presh_1                       0x000001ed   Thumb Code     0  __rtentry2.o(.ARM.Collect$$rtentry$$00000002)
    __rt_entry_sh                            0x000001ed   Thumb Code     0  __rtentry4.o(.ARM.Collect$$rtentry$$00000004)
    __rt_entry_li                            0x000001f3   Thumb Code     0  __rtentry2.o(.ARM.Collect$$rtentry$$0000000A)
    __rt_entry_postsh_1                      0x000001f3   Thumb Code     0  __rtentry2.o(.ARM.Collect$$rtentry$$00000009)
    __rt_entry_main                          0x000001f7   Thumb Code     0  __rtentry2.o(.ARM.Collect$$rtentry$$0000000D)
    __rt_entry_postli_1                      0x000001f7   Thumb Code     0  __rtentry2.o(.ARM.Collect$$rtentry$$0000000C)
    __rt_exit                                0x000001ff   Thumb Code     0  rtexit.o(.ARM.Collect$$rtexit$$00000000)
    __rt_exit_ls                             0x00000201   Thumb Code     0  rtexit2.o(.ARM.Collect$$rtexit$$00000003)
    __rt_exit_prels_1                        0x00000201   Thumb Code     0  rtexit2.o(.ARM.Collect$$rtexit$$00000002)
    __rt_exit_exit                           0x00000205   Thumb Code     0  rtexit2.o(.ARM.Collect$$rtexit$$00000004)
    Reset_Handler                            0x0000020d   Thumb Code    16  startup_lpc54606.o(.text)
    _maybe_terminate_alloc                   0x0000020d   Thumb Code     0  maybetermalloc1.o(.emb_text)
    MemManage_Handler                        0x00000221   Thumb Code     2  startup_lpc54606.o(.text)
    BusFault_Handler                         0x00000223   Thumb Code     2  startup_lpc54606.o(.text)
    UsageFault_Handler                       0x00000225   Thumb Code     2  startup_lpc54606.o(.text)
    SVC_Handler                              0x00000227   Thumb Code     2  startup_lpc54606.o(.text)
    DebugMon_Handler                         0x00000229   Thumb Code     2  startup_lpc54606.o(.text)
    PendSV_Handler                           0x0000022b   Thumb Code     2  startup_lpc54606.o(.text)
    WDT_BOD_IRQHandler                       0x0000022f   Thumb Code     4  startup_lpc54606.o(.text)
    DMA0_IRQHandler                          0x00000233   Thumb Code     4  startup_lpc54606.o(.text)
    GINT0_IRQHandler                         0x00000237   Thumb Code     4  startup_lpc54606.o(.text)
    GINT1_IRQHandler                         0x0000023b   Thumb Code     4  startup_lpc54606.o(.text)
    PIN_INT0_IRQHandler                      0x0000023f   Thumb Code     4  startup_lpc54606.o(.text)
    PIN_INT1_IRQHandler                      0x00000243   Thumb Code     4  startup_lpc54606.o(.text)
    PIN_INT2_IRQHandler                      0x00000247   Thumb Code     4  startup_lpc54606.o(.text)
    PIN_INT3_IRQHandler                      0x0000024b   Thumb Code     4  startup_lpc54606.o(.text)
    UTICK0_IRQHandler                        0x0000024f   Thumb Code     4  startup_lpc54606.o(.text)
    CTIMER0_IRQHandler                       0x00000257   Thumb Code     4  startup_lpc54606.o(.text)
    CTIMER1_IRQHandler                       0x0000025b   Thumb Code     4  startup_lpc54606.o(.text)
    SCT0_IRQHandler                          0x0000025f   Thumb Code     4  startup_lpc54606.o(.text)
    CTIMER3_IRQHandler                       0x00000263   Thumb Code     4  startup_lpc54606.o(.text)
    FLEXCOMM1_IRQHandler                     0x0000026b   Thumb Code     4  startup_lpc54606.o(.text)
    FLEXCOMM2_IRQHandler                     0x0000026f   Thumb Code     4  startup_lpc54606.o(.text)
    FLEXCOMM3_IRQHandler                     0x00000273   Thumb Code     4  startup_lpc54606.o(.text)
    FLEXCOMM4_IRQHandler                     0x00000277   Thumb Code     4  startup_lpc54606.o(.text)
    FLEXCOMM5_IRQHandler                     0x0000027b   Thumb Code     4  startup_lpc54606.o(.text)
    FLEXCOMM6_IRQHandler                     0x0000027f   Thumb Code     4  startup_lpc54606.o(.text)
    FLEXCOMM7_IRQHandler                     0x00000283   Thumb Code     4  startup_lpc54606.o(.text)
    ADC0_SEQA_IRQHandler                     0x00000287   Thumb Code     4  startup_lpc54606.o(.text)
    ADC0_SEQB_IRQHandler                     0x0000028b   Thumb Code     4  startup_lpc54606.o(.text)
    ADC0_THCMP_IRQHandler                    0x0000028f   Thumb Code     4  startup_lpc54606.o(.text)
    DMIC0_IRQHandler                         0x00000293   Thumb Code     4  startup_lpc54606.o(.text)
    HWVAD0_IRQHandler                        0x00000297   Thumb Code     4  startup_lpc54606.o(.text)
    USB0_NEEDCLK_IRQHandler                  0x0000029b   Thumb Code     4  startup_lpc54606.o(.text)
    USB0_IRQHandler                          0x0000029f   Thumb Code     4  startup_lpc54606.o(.text)
    RTC_IRQHandler                           0x000002a3   Thumb Code     4  startup_lpc54606.o(.text)
    Reserved46_IRQHandler                    0x000002a7   Thumb Code     4  startup_lpc54606.o(.text)
    Reserved47_IRQHandler                    0x000002ab   Thumb Code     4  startup_lpc54606.o(.text)
    PIN_INT5_IRQHandler                      0x000002b3   Thumb Code     4  startup_lpc54606.o(.text)
    PIN_INT6_IRQHandler                      0x000002b7   Thumb Code     4  startup_lpc54606.o(.text)
    PIN_INT7_IRQHandler                      0x000002bb   Thumb Code     4  startup_lpc54606.o(.text)
    CTIMER2_IRQHandler                       0x000002bf   Thumb Code     4  startup_lpc54606.o(.text)
    CTIMER4_IRQHandler                       0x000002c3   Thumb Code     4  startup_lpc54606.o(.text)
    SPIFI0_IRQHandler                        0x000002cb   Thumb Code     4  startup_lpc54606.o(.text)
    FLEXCOMM8_IRQHandler                     0x000002cf   Thumb Code     4  startup_lpc54606.o(.text)
    FLEXCOMM9_IRQHandler                     0x000002d3   Thumb Code     4  startup_lpc54606.o(.text)
    SDIO_IRQHandler                          0x000002d7   Thumb Code     4  startup_lpc54606.o(.text)
    CAN0_IRQ0_IRQHandler                     0x000002db   Thumb Code     4  startup_lpc54606.o(.text)
    CAN0_IRQ1_IRQHandler                     0x000002df   Thumb Code     4  startup_lpc54606.o(.text)
    CAN1_IRQ0_IRQHandler                     0x000002e3   Thumb Code     4  startup_lpc54606.o(.text)
    CAN1_IRQ1_IRQHandler                     0x000002e7   Thumb Code     4  startup_lpc54606.o(.text)
    USB1_IRQHandler                          0x000002eb   Thumb Code     4  startup_lpc54606.o(.text)
    USB1_NEEDCLK_IRQHandler                  0x000002ef   Thumb Code     4  startup_lpc54606.o(.text)
    ETHERNET_IRQHandler                      0x000002f3   Thumb Code     4  startup_lpc54606.o(.text)
    ETHERNET_PMT_IRQHandler                  0x000002f7   Thumb Code     4  startup_lpc54606.o(.text)
    ETHERNET_MACLP_IRQHandler                0x000002fb   Thumb Code     4  startup_lpc54606.o(.text)
    EEPROM_IRQHandler                        0x000002ff   Thumb Code     4  startup_lpc54606.o(.text)
    LCD_IRQHandler                           0x00000303   Thumb Code     4  startup_lpc54606.o(.text)
    SHA_IRQHandler                           0x00000307   Thumb Code     4  startup_lpc54606.o(.text)
    SMARTCARD0_IRQHandler                    0x0000030b   Thumb Code     4  startup_lpc54606.o(.text)
    SMARTCARD1_IRQHandler                    0x0000030f   Thumb Code     4  startup_lpc54606.o(.text)
    ADC0_SEQA_DriverIRQHandler               0x00000313   Thumb Code     0  startup_lpc54606.o(.text)
    ADC0_SEQB_DriverIRQHandler               0x00000313   Thumb Code     0  startup_lpc54606.o(.text)
    ADC0_THCMP_DriverIRQHandler              0x00000313   Thumb Code     0  startup_lpc54606.o(.text)
    CAN0_IRQ0_DriverIRQHandler               0x00000313   Thumb Code     0  startup_lpc54606.o(.text)
    CAN0_IRQ1_DriverIRQHandler               0x00000313   Thumb Code     0  startup_lpc54606.o(.text)
    CAN1_IRQ0_DriverIRQHandler               0x00000313   Thumb Code     0  startup_lpc54606.o(.text)
    CAN1_IRQ1_DriverIRQHandler               0x00000313   Thumb Code     0  startup_lpc54606.o(.text)
    CTIMER0_DriverIRQHandler                 0x00000313   Thumb Code     0  startup_lpc54606.o(.text)
    CTIMER1_DriverIRQHandler                 0x00000313   Thumb Code     0  startup_lpc54606.o(.text)
    CTIMER2_DriverIRQHandler                 0x00000313   Thumb Code     0  startup_lpc54606.o(.text)
    CTIMER3_DriverIRQHandler                 0x00000313   Thumb Code     0  startup_lpc54606.o(.text)
    CTIMER4_DriverIRQHandler                 0x00000313   Thumb Code     0  startup_lpc54606.o(.text)
    DMIC0_DriverIRQHandler                   0x00000313   Thumb Code     0  startup_lpc54606.o(.text)
    EEPROM_DriverIRQHandler                  0x00000313   Thumb Code     0  startup_lpc54606.o(.text)
    ETHERNET_DriverIRQHandler                0x00000313   Thumb Code     0  startup_lpc54606.o(.text)
    ETHERNET_MACLP_DriverIRQHandler          0x00000313   Thumb Code     0  startup_lpc54606.o(.text)
    ETHERNET_PMT_DriverIRQHandler            0x00000313   Thumb Code     0  startup_lpc54606.o(.text)
    FLEXCOMM1_DriverIRQHandler               0x00000313   Thumb Code     0  startup_lpc54606.o(.text)
    FLEXCOMM2_DriverIRQHandler               0x00000313   Thumb Code     0  startup_lpc54606.o(.text)
    FLEXCOMM3_DriverIRQHandler               0x00000313   Thumb Code     0  startup_lpc54606.o(.text)
    FLEXCOMM4_DriverIRQHandler               0x00000313   Thumb Code     0  startup_lpc54606.o(.text)
    FLEXCOMM6_DriverIRQHandler               0x00000313   Thumb Code     0  startup_lpc54606.o(.text)
    FLEXCOMM7_DriverIRQHandler               0x00000313   Thumb Code     0  startup_lpc54606.o(.text)
    FLEXCOMM8_DriverIRQHandler               0x00000313   Thumb Code     0  startup_lpc54606.o(.text)
    FLEXCOMM9_DriverIRQHandler               0x00000313   Thumb Code     0  startup_lpc54606.o(.text)
    GINT1_DriverIRQHandler                   0x00000313   Thumb Code     0  startup_lpc54606.o(.text)
    HWVAD0_DriverIRQHandler                  0x00000313   Thumb Code     0  startup_lpc54606.o(.text)
    LCD_DriverIRQHandler                     0x00000313   Thumb Code     0  startup_lpc54606.o(.text)
    PIN_INT1_DriverIRQHandler                0x00000313   Thumb Code     0  startup_lpc54606.o(.text)
    PIN_INT2_DriverIRQHandler                0x00000313   Thumb Code     0  startup_lpc54606.o(.text)
    PIN_INT3_DriverIRQHandler                0x00000313   Thumb Code     0  startup_lpc54606.o(.text)
    PIN_INT4_DriverIRQHandler                0x00000313   Thumb Code     0  startup_lpc54606.o(.text)
    PIN_INT5_DriverIRQHandler                0x00000313   Thumb Code     0  startup_lpc54606.o(.text)
    PIN_INT6_DriverIRQHandler                0x00000313   Thumb Code     0  startup_lpc54606.o(.text)
    RTC_DriverIRQHandler                     0x00000313   Thumb Code     0  startup_lpc54606.o(.text)
    Reserved46_DriverIRQHandler              0x00000313   Thumb Code     0  startup_lpc54606.o(.text)
    Reserved47_DriverIRQHandler              0x00000313   Thumb Code     0  startup_lpc54606.o(.text)
    SCT0_DriverIRQHandler                    0x00000313   Thumb Code     0  startup_lpc54606.o(.text)
    SDIO_DriverIRQHandler                    0x00000313   Thumb Code     0  startup_lpc54606.o(.text)
    SHA_DriverIRQHandler                     0x00000313   Thumb Code     0  startup_lpc54606.o(.text)
    SMARTCARD0_DriverIRQHandler              0x00000313   Thumb Code     0  startup_lpc54606.o(.text)
    SMARTCARD1_DriverIRQHandler              0x00000313   Thumb Code     0  startup_lpc54606.o(.text)
    SPIFI0_DriverIRQHandler                  0x00000313   Thumb Code     0  startup_lpc54606.o(.text)
    USB0_DriverIRQHandler                    0x00000313   Thumb Code     0  startup_lpc54606.o(.text)
    USB0_NEEDCLK_DriverIRQHandler            0x00000313   Thumb Code     0  startup_lpc54606.o(.text)
    USB1_DriverIRQHandler                    0x00000313   Thumb Code     0  startup_lpc54606.o(.text)
    USB1_NEEDCLK_DriverIRQHandler            0x00000313   Thumb Code     0  startup_lpc54606.o(.text)
    UTICK0_DriverIRQHandler                  0x00000313   Thumb Code     0  startup_lpc54606.o(.text)
    WDT_BOD_DriverIRQHandler                 0x00000313   Thumb Code     0  startup_lpc54606.o(.text)
    __user_initial_stackheap                 0x00000315   Thumb Code     0  startup_lpc54606.o(.text)
    malloc                                   0x00000421   Thumb Code    94  h1_alloc.o(.text)
    __aeabi_ldivmod                          0x0000047f   Thumb Code     0  llsdiv.o(.text)
    _ll_sdiv                                 0x0000047f   Thumb Code    72  llsdiv.o(.text)
    __aeabi_memcpy                           0x000004c7   Thumb Code     0  rt_memcpy_v6.o(.text)
    __rt_memcpy                              0x000004c7   Thumb Code   138  rt_memcpy_v6.o(.text)
    _memcpy_lastbytes                        0x0000052d   Thumb Code     0  rt_memcpy_v6.o(.text)
    __use_two_region_memory                  0x00000551   Thumb Code     2  heapauxi.o(.text)
    __rt_heap_escrow                         0x00000553   Thumb Code     2  heapauxi.o(.text)
    __rt_heap_expand                         0x00000555   Thumb Code     2  heapauxi.o(.text)
    __rt_heap_descriptor                     0x00000559   Thumb Code     8  rt_heap_descriptor_intlibspace.o(.text)
    __use_no_heap                            0x00000561   Thumb Code     2  hguard.o(.text)
    __heap$guard                             0x00000563   Thumb Code     2  hguard.o(.text)
    _terminate_user_alloc                    0x00000565   Thumb Code     2  init_alloc.o(.text)
    _init_user_alloc                         0x00000567   Thumb Code     2  init_alloc.o(.text)
    __Heap_Full                              0x00000569   Thumb Code    34  init_alloc.o(.text)
    __Heap_Broken                            0x0000058b   Thumb Code     6  init_alloc.o(.text)
    _init_alloc                              0x00000591   Thumb Code    94  init_alloc.o(.text)
    __Heap_Initialize                        0x000005ef   Thumb Code    10  h1_init.o(.text)
    __Heap_DescSize                          0x000005f9   Thumb Code     4  h1_init.o(.text)
    free                                     0x000005fd   Thumb Code    78  h1_free.o(.text)
    __aeabi_uldivmod                         0x0000064b   Thumb Code     0  lludivv7m.o(.text)
    _ll_udiv                                 0x0000064b   Thumb Code   238  lludivv7m.o(.text)
    __read_errno                             0x00000739   Thumb Code    10  _rserrno.o(.text)
    __set_errno                              0x00000743   Thumb Code    12  _rserrno.o(.text)
    __aeabi_memcpy4                          0x0000074f   Thumb Code     0  rt_memcpy_w.o(.text)
    __aeabi_memcpy8                          0x0000074f   Thumb Code     0  rt_memcpy_w.o(.text)
    __rt_memcpy_w                            0x0000074f   Thumb Code   100  rt_memcpy_w.o(.text)
    _memcpy_lastbytes_aligned                0x00000797   Thumb Code     0  rt_memcpy_w.o(.text)
    __user_libspace                          0x000007b5   Thumb Code     8  libspace.o(.text)
    __user_perproc_libspace                  0x000007b5   Thumb Code     0  libspace.o(.text)
    __user_perthread_libspace                0x000007b5   Thumb Code     0  libspace.o(.text)
    __aeabi_errno_addr                       0x000007bd   Thumb Code     8  rt_errno_addr_intlibspace.o(.text)
    __errno$intlibspace                      0x000007bd   Thumb Code     0  rt_errno_addr_intlibspace.o(.text)
    __rt_errno_addr$intlibspace              0x000007bd   Thumb Code     0  rt_errno_addr_intlibspace.o(.text)
    __Heap_ProvideMemory                     0x000007c5   Thumb Code    52  h1_extend.o(.text)
    __rt_SIGRTMEM                            0x000007f9   Thumb Code    14  defsig_rtmem_outer.o(.text)
    __I$use$semihosting                      0x00000807   Thumb Code     0  use_no_semi.o(.text)
    __use_no_semihosting_swi                 0x00000807   Thumb Code     2  use_no_semi.o(.text)
    __semihosting_library_function           0x00000809   Thumb Code     0  indicate_semi.o(.text)
    __user_setup_stackheap                   0x00000809   Thumb Code    74  sys_stackheap_outer.o(.text)
    exit                                     0x00000853   Thumb Code    18  exit.o(.text)
    __sig_exit                               0x00000865   Thumb Code    10  defsig_exit.o(.text)
    __rt_SIGRTMEM_inner                      0x00000871   Thumb Code    22  defsig_rtmem_inner.o(.text)
    _sys_exit                                0x000008c1   Thumb Code     8  sys_exit.o(.text)
    __default_signal_display                 0x000008cd   Thumb Code    50  defsig_general.o(.text)
    _ttywrch                                 0x000008ff   Thumb Code    14  sys_wrch.o(.text)
    CalculateParity                          0x0000090d   Thumb Code    28  hc05.o(i.CalculateParity)
    DMA0_DriverIRQHandler                    0x00000979   Thumb Code    18  isr.o(i.DMA0_DriverIRQHandler)
    FLEXCOMM0_DriverIRQHandler               0x00000991   Thumb Code    50  isr.o(i.FLEXCOMM0_DriverIRQHandler)
    FLEXCOMM0_IRQHandler                     0x000009c9   Thumb Code   546  hc05.o(i.FLEXCOMM0_IRQHandler)
    FLEXCOMM5_DriverIRQHandler               0x00000c09   Thumb Code    58  isr.o(i.FLEXCOMM5_DriverIRQHandler)
    GINT0_DriverIRQHandler                   0x00000c49   Thumb Code    24  isr.o(i.GINT0_DriverIRQHandler)
    HardFault_Handler                        0x00000c65   Thumb Code    10  system_lpc54606.o(i.HardFault_Handler)
    MRT0_DriverIRQHandler                    0x00000ca9   Thumb Code   106  isr.o(i.MRT0_DriverIRQHandler)
    MRT0_IRQHandler                          0x00000d1d   Thumb Code    86  mrt.o(i.MRT0_IRQHandler)
    M_divider                                0x00000d79   Thumb Code    96  lpc546xx_pll.o(i.M_divider)
    MagMaxCollect_displayStatus              0x00000de5   Thumb Code    40  menu.o(i.MagMaxCollect_displayStatus)
    MagMax_flag_toggle                       0x00000e21   Thumb Code    18  menu.o(i.MagMax_flag_toggle)
    Mag_PID_realize                          0x00000e39   Thumb Code   144  mag.o(i.Mag_PID_realize)
    Mag_init                                 0x00000ed9   Thumb Code    68  mag.o(i.Mag_init)
    NMI_Handler                              0x00000f25   Thumb Code     2  system_lpc54606.o(i.NMI_Handler)
    N_divider                                0x00000f71   Thumb Code   106  lpc546xx_pll.o(i.N_divider)
    PIN_INT0_DriverIRQHandler                0x00000fe1   Thumb Code    20  isr.o(i.PIN_INT0_DriverIRQHandler)
    PIN_INT4_IRQHandler                      0x00000ff9   Thumb Code    34  menu.o(i.PIN_INT4_IRQHandler)
    PIN_INT7_DriverIRQHandler                0x00001021   Thumb Code     8  isr.o(i.PIN_INT7_DriverIRQHandler)
    P_divider                                0x00001029   Thumb Code    94  lpc546xx_pll.o(i.P_divider)
    RIT_DriverIRQHandler                     0x0000108d   Thumb Code    72  isr.o(i.RIT_DriverIRQHandler)
    RIT_IRQHandler                           0x000010dd   Thumb Code    20  rit.o(i.RIT_IRQHandler)
    SysTick_Handler                          0x000010f5   Thumb Code    12  isr.o(i.SysTick_Handler)
    SystemInit                               0x00001105   Thumb Code    64  system_lpc54606.o(i.SystemInit)
    WL_PID_realize                           0x00001159   Thumb Code   194  speedpid.o(i.WL_PID_realize)
    WR_PID_realize                           0x00001225   Thumb Code   194  speedpid.o(i.WR_PID_realize)
    __hardfp_sqrt                            0x000012f1   Thumb Code   122  sqrt.o(i.__hardfp_sqrt)
    adc_convert                              0x00001399   Thumb Code   160  lpc546xx_adc.o(i.adc_convert)
    adc_delay                                0x00001449   Thumb Code    12  lpc546xx_adc.o(i.adc_delay)
    adc_init                                 0x00001455   Thumb Code   194  lpc546xx_adc.o(i.adc_init)
    adc_mux                                  0x0000155d   Thumb Code   134  lpc546xx_adc.o(i.adc_mux)
    assert_failed                            0x00001611   Thumb Code    18  assert.o(i.assert_failed)
    button_back                              0x00001629   Thumb Code    52  menu.o(i.button_back)
    button_down                              0x00001661   Thumb Code    58  menu.o(i.button_down)
    button_init                              0x000016a1   Thumb Code    54  button.o(i.button_init)
    button_ok                                0x000016d9   Thumb Code   128  menu.o(i.button_ok)
    button_up                                0x0000175d   Thumb Code    56  menu.o(i.button_up)
    ctimer_clock                             0x00001799   Thumb Code   110  lpc546xx_ctimer.o(i.ctimer_clock)
    ctimer_count_clean                       0x00001811   Thumb Code    24  lpc546xx_ctimer.o(i.ctimer_count_clean)
    ctimer_count_init                        0x0000182d   Thumb Code   162  lpc546xx_ctimer.o(i.ctimer_count_init)
    ctimer_count_read                        0x000018d5   Thumb Code    22  lpc546xx_ctimer.o(i.ctimer_count_read)
    ctimer_countmux                          0x000018f1   Thumb Code   398  lpc546xx_ctimer.o(i.ctimer_countmux)
    ctimer_pwm_duty                          0x00001a81   Thumb Code   230  lpc546xx_ctimer.o(i.ctimer_pwm_duty)
    ctimer_pwm_init                          0x00001ba5   Thumb Code   414  lpc546xx_ctimer.o(i.ctimer_pwm_init)
    ctimer_pwmmux                            0x00001d85   Thumb Code   494  lpc546xx_ctimer.o(i.ctimer_pwmmux)
    display                                  0x00001f75   Thumb Code   204  menu.o(i.display)
    displayMag1Bar                           0x00002071   Thumb Code    54  menu.o(i.displayMag1Bar)
    displayMag1Num                           0x000020a7   Thumb Code    62  menu.o(i.displayMag1Num)
    displayMag2Bar                           0x000020e5   Thumb Code    54  menu.o(i.displayMag2Bar)
    displayMag2Num                           0x0000211b   Thumb Code    62  menu.o(i.displayMag2Num)
    displayMag3Bar                           0x00002159   Thumb Code    54  menu.o(i.displayMag3Bar)
    displayMag3Num                           0x0000218f   Thumb Code    62  menu.o(i.displayMag3Num)
    displayMagKd                             0x000021cd   Thumb Code    60  menu.o(i.displayMagKd)
    displayMagKi                             0x00002209   Thumb Code    60  menu.o(i.displayMagKi)
    displayMagKp                             0x00002245   Thumb Code    60  menu.o(i.displayMagKp)
    displayMotPWM1                           0x00002281   Thumb Code    52  menu.o(i.displayMotPWM1)
    displayMotPWM2                           0x000022b5   Thumb Code    52  menu.o(i.displayMotPWM2)
    displayMotPWM3                           0x000022e9   Thumb Code    52  menu.o(i.displayMotPWM3)
    displayMotPWM4                           0x0000231d   Thumb Code    52  menu.o(i.displayMotPWM4)
    displaySpeedKd                           0x00002351   Thumb Code    60  menu.o(i.displaySpeedKd)
    displaySpeedKi                           0x0000238d   Thumb Code    60  menu.o(i.displaySpeedKi)
    displaySpeedKp                           0x000023c9   Thumb Code    60  menu.o(i.displaySpeedKp)
    displaySpeedL                            0x00002405   Thumb Code    58  menu.o(i.displaySpeedL)
    displaySpeedR                            0x0000243f   Thumb Code    58  menu.o(i.displaySpeedR)
    displayTargetSpeedL                      0x00002479   Thumb Code    60  menu.o(i.displayTargetSpeedL)
    displayTargetSpeedR                      0x000024b5   Thumb Code    60  menu.o(i.displayTargetSpeedR)
    eeprom_init                              0x0000254d   Thumb Code    96  lpc546xx_eeprom.o(i.eeprom_init)
    eeprom_write_word                        0x000025c9   Thumb Code    86  lpc546xx_eeprom.o(i.eeprom_write_word)
    flexcomm_clk_enable                      0x000026b9   Thumb Code   220  lpc546xx_flexcomm.o(i.flexcomm_clk_enable)
    flexcomm_get_clk                         0x000027d9   Thumb Code     6  lpc546xx_flexcomm.o(i.flexcomm_get_clk)
    flexcomm_irq                             0x000027e5   Thumb Code    56  lpc546xx_flexcomm.o(i.flexcomm_irq)
    func                                     0x0000281d   Thumb Code     2  menu.o(i.func)
    getMag                                   0x00002821   Thumb Code    12  mag.o(i.getMag)
    getMagKd                                 0x00002831   Thumb Code     8  mag.o(i.getMagKd)
    getMagKi                                 0x0000283d   Thumb Code     8  mag.o(i.getMagKi)
    getMagKp                                 0x00002849   Thumb Code     8  mag.o(i.getMagKp)
    getMotPWM                                0x00002855   Thumb Code    22  speedpid.o(i.getMotPWM)
    getSpeedKd                               0x00002871   Thumb Code     8  speedpid.o(i.getSpeedKd)
    getSpeedKi                               0x0000287d   Thumb Code     8  speedpid.o(i.getSpeedKi)
    getSpeedKp                               0x00002889   Thumb Code     8  speedpid.o(i.getSpeedKp)
    getTargetSpeedL                          0x00002895   Thumb Code     8  speedpid.o(i.getTargetSpeedL)
    getTargetSpeedR                          0x000028a1   Thumb Code     8  speedpid.o(i.getTargetSpeedR)
    get_clk                                  0x000028ad   Thumb Code    98  lpc546xx_pll.o(i.get_clk)
    gpio_get                                 0x00002919   Thumb Code    18  lpc546xx_gpio.o(i.gpio_get)
    gpio_init                                0x00002931   Thumb Code   216  lpc546xx_gpio.o(i.gpio_init)
    gpio_set                                 0x00002a19   Thumb Code    42  lpc546xx_gpio.o(i.gpio_set)
    gpio_toggle                              0x00002a49   Thumb Code    18  lpc546xx_gpio.o(i.gpio_toggle)
    hc05_init                                0x00002a61   Thumb Code    72  hc05.o(i.hc05_init)
    hc05_schedule                            0x00002ab1   Thumb Code    48  hc05.o(i.hc05_schedule)
    iocon_init                               0x00002ae5   Thumb Code    62  lpc546xx_iocon.o(i.iocon_init)
    iocon_init_noalt                         0x00002b59   Thumb Code    82  lpc546xx_iocon.o(i.iocon_init_noalt)
    mag_schedule                             0x00002be1   Thumb Code   660  mag.o(i.mag_schedule)
    main                                     0x00002ea9   Thumb Code    12  main.o(i.main)
    memory_init                              0x00002eb5   Thumb Code   140  memory.o(i.memory_init)
    menu_init                                0x00002f51   Thumb Code   694  menu.o(i.menu_init)
    menu_schedule                            0x000032a5   Thumb Code    72  menu.o(i.menu_schedule)
    modMagKd                                 0x000032ed   Thumb Code   298  menu.o(i.modMagKd)
    modMagKi                                 0x00003425   Thumb Code   298  menu.o(i.modMagKi)
    modMagKp                                 0x0000355d   Thumb Code   298  menu.o(i.modMagKp)
    modSpeedKd                               0x00003695   Thumb Code   298  menu.o(i.modSpeedKd)
    modSpeedKi                               0x000037cd   Thumb Code   298  menu.o(i.modSpeedKi)
    modSpeedKp                               0x00003905   Thumb Code   298  menu.o(i.modSpeedKp)
    modTargetSpeedL                          0x00003a3d   Thumb Code   292  menu.o(i.modTargetSpeedL)
    modTargetSpeedR                          0x00003b65   Thumb Code   292  menu.o(i.modTargetSpeedR)
    modifyMagKd                              0x00003c8d   Thumb Code    40  mag.o(i.modifyMagKd)
    modifyMagKi                              0x00003cb9   Thumb Code    40  mag.o(i.modifyMagKi)
    modifyMagKp                              0x00003ce5   Thumb Code    40  mag.o(i.modifyMagKp)
    modifySpeedKd                            0x00003d11   Thumb Code    40  speedpid.o(i.modifySpeedKd)
    modifySpeedKi                            0x00003d3d   Thumb Code    40  speedpid.o(i.modifySpeedKi)
    modifySpeedKp                            0x00003d69   Thumb Code    40  speedpid.o(i.modifySpeedKp)
    modifyTargetSpeedL                       0x00003d95   Thumb Code    38  speedpid.o(i.modifyTargetSpeedL)
    modifyTargetSpeedR                       0x00003dc1   Thumb Code    40  speedpid.o(i.modifyTargetSpeedR)
    motor_init                               0x00003ded   Thumb Code    92  motor.o(i.motor_init)
    motor_set                                0x00003e49   Thumb Code    86  motor.o(i.motor_set)
    motor_stop                               0x00003e9f   Thumb Code    36  motor.o(i.motor_stop)
    mrt_init                                 0x00003ec5   Thumb Code    78  mrt.o(i.mrt_init)
    mrt_pit_init                             0x00003f19   Thumb Code    72  lpc546xx_mrt.o(i.mrt_pit_init)
    mt9v032_cof_uart_interrupt               0x00003f95   Thumb Code    68  seekfree_mt9v032.o(i.mt9v032_cof_uart_interrupt)
    mt9v032_dma                              0x00003fe5   Thumb Code    22  seekfree_mt9v032.o(i.mt9v032_dma)
    mt9v032_vsync                            0x00004005   Thumb Code    40  seekfree_mt9v032.o(i.mt9v032_vsync)
    myabs                                    0x00004039   Thumb Code    14  seekfree_fun.o(i.myabs)
    number_conversion_ascii                  0x00004047   Thumb Code   136  seekfree_printf.o(i.number_conversion_ascii)
    oled_fill                                0x000040cf   Thumb Code    58  seekfree_oled.o(i.oled_fill)
    oled_hexascii                            0x00004109   Thumb Code    48  seekfree_oled.o(i.oled_hexascii)
    oled_init                                0x00004139   Thumb Code   276  seekfree_oled.o(i.oled_init)
    oled_p6x8str                             0x0000424d   Thumb Code   184  seekfree_oled.o(i.oled_p6x8str)
    oled_p6x8str_and_ch                      0x00004309   Thumb Code   310  seekfree_oled.o(i.oled_p6x8str_and_ch)
    oled_p8x16str                            0x00004445   Thumb Code   262  seekfree_oled.o(i.oled_p8x16str)
    oled_printf_float                        0x00004551   Thumb Code   208  seekfree_oled.o(i.oled_printf_float)
    oled_printf_float_and_ch                 0x0000462d   Thumb Code   244  seekfree_oled.o(i.oled_printf_float_and_ch)
    oled_putpixel                            0x0000472d   Thumb Code    52  seekfree_oled.o(i.oled_putpixel)
    oled_set_pos                             0x00004761   Thumb Code    36  seekfree_oled.o(i.oled_set_pos)
    oled_uint16                              0x00004785   Thumb Code    38  seekfree_oled.o(i.oled_uint16)
    oled_wrcmd                               0x000047ab   Thumb Code    96  seekfree_oled.o(i.oled_wrcmd)
    oled_wrdat                               0x0000480b   Thumb Code    96  seekfree_oled.o(i.oled_wrdat)
    pint_init                                0x0000486d   Thumb Code   248  lpc546xx_pint.o(i.pint_init)
    pit_deinit                               0x0000496d   Thumb Code    22  lpc546xx_pit.o(i.pit_deinit)
    pit_init                                 0x0000498d   Thumb Code   104  lpc546xx_pit.o(i.pit_init)
    pll_init                                 0x00004b35   Thumb Code   112  lpc546xx_pll.o(i.pll_init)
    printf                                   0x00004bbd   Thumb Code   642  seekfree_printf.o(i.printf)
    printf_reverse_order                     0x00004e51   Thumb Code    34  seekfree_printf.o(i.printf_reverse_order)
    rx_onefloat                              0x00004e75   Thumb Code    60  hc05.o(i.rx_onefloat)
    speedPID_init                            0x00004eb5   Thumb Code    98  speedpid.o(i.speedPID_init)
    speedPID_schedule                        0x00004f21   Thumb Code   166  speedpid.o(i.speedPID_schedule)
    speed_get                                0x00004fd5   Thumb Code    60  speed.o(i.speed_get)
    speed_init                               0x00005011   Thumb Code    40  speed.o(i.speed_init)
    sys_init                                 0x00005039   Thumb Code    50  sys.o(i.sys_init)
    sys_run                                  0x0000506b   Thumb Code     2  sys.o(i.sys_run)
    systick_delay                            0x0000506d   Thumb Code    64  lpc546xx_systick.o(i.systick_delay)
    systick_delay_ms                         0x000050dd   Thumb Code    32  lpc546xx_systick.o(i.systick_delay_ms)
    uart_init                                0x00005101   Thumb Code   302  lpc546xx_uart.o(i.uart_init)
    uart_mux                                 0x00005261   Thumb Code   744  lpc546xx_uart.o(i.uart_mux)
    uart_putbuff                             0x00005575   Thumb Code    30  lpc546xx_uart.o(i.uart_putbuff)
    uart_putchar                             0x00005595   Thumb Code    32  lpc546xx_uart.o(i.uart_putchar)
    uart_query                               0x000055b9   Thumb Code    38  lpc546xx_uart.o(i.uart_query)
    uart_rx_irq                              0x000055e5   Thumb Code   116  lpc546xx_uart.o(i.uart_rx_irq)
    write_syspllctrl                         0x0000565d   Thumb Code   120  lpc546xx_pll.o(i.write_syspllctrl)
    zf_sprintf                               0x000056d9   Thumb Code   738  seekfree_printf.o(i.zf_sprintf)
    __aeabi_d2f                              0x000059cd   Thumb Code     0  d2f.o(x$fpl$d2f)
    _d2f                                     0x000059cd   Thumb Code    98  d2f.o(x$fpl$d2f)
    __aeabi_dadd                             0x00005a31   Thumb Code     0  daddsub_clz.o(x$fpl$dadd)
    _dadd                                    0x00005a31   Thumb Code   332  daddsub_clz.o(x$fpl$dadd)
    __fpl_dcmp_Inf                           0x00005b81   Thumb Code    24  dcmpi.o(x$fpl$dcmpinf)
    __aeabi_ddiv                             0x00005b99   Thumb Code     0  ddiv.o(x$fpl$ddiv)
    _ddiv                                    0x00005b99   Thumb Code   552  ddiv.o(x$fpl$ddiv)
    __aeabi_cdcmpeq                          0x00005e49   Thumb Code     0  deqf.o(x$fpl$deqf)
    _dcmpeq                                  0x00005e49   Thumb Code   120  deqf.o(x$fpl$deqf)
    __aeabi_d2iz                             0x00005ec1   Thumb Code     0  dfix.o(x$fpl$dfix)
    _dfix                                    0x00005ec1   Thumb Code    94  dfix.o(x$fpl$dfix)
    __aeabi_i2d                              0x00005f1f   Thumb Code     0  dflt_clz.o(x$fpl$dflt)
    _dflt                                    0x00005f1f   Thumb Code    46  dflt_clz.o(x$fpl$dflt)
    __aeabi_cdcmple                          0x00005f4d   Thumb Code     0  dleqf.o(x$fpl$dleqf)
    _dcmple                                  0x00005f4d   Thumb Code   120  dleqf.o(x$fpl$dleqf)
    __fpl_dcmple_InfNaN                      0x00005faf   Thumb Code     0  dleqf.o(x$fpl$dleqf)
    __aeabi_dmul                             0x00005fc5   Thumb Code     0  dmul.o(x$fpl$dmul)
    _dmul                                    0x00005fc5   Thumb Code   332  dmul.o(x$fpl$dmul)
    __fpl_dnaninf                            0x00006119   Thumb Code   156  dnaninf.o(x$fpl$dnaninf)
    __fpl_dretinf                            0x000061b5   Thumb Code    12  dretinf.o(x$fpl$dretinf)
    __aeabi_cdrcmple                         0x000061c1   Thumb Code     0  drleqf.o(x$fpl$drleqf)
    _drcmple                                 0x000061c1   Thumb Code   108  drleqf.o(x$fpl$drleqf)
    __aeabi_drsub                            0x0000622d   Thumb Code     0  daddsub_clz.o(x$fpl$drsb)
    _drsb                                    0x0000622d   Thumb Code    22  daddsub_clz.o(x$fpl$drsb)
    _dsqrt                                   0x00006245   Thumb Code   404  dsqrt_umaal.o(x$fpl$dsqrt)
    __aeabi_dsub                             0x000063dd   Thumb Code     0  daddsub_clz.o(x$fpl$dsub)
    _dsub                                    0x000063dd   Thumb Code   464  daddsub_clz.o(x$fpl$dsub)
    __aeabi_f2d                              0x000065b1   Thumb Code     0  f2d.o(x$fpl$f2d)
    _f2d                                     0x000065b1   Thumb Code    86  f2d.o(x$fpl$f2d)
    __fpl_fnaninf                            0x00006607   Thumb Code   140  fnaninf.o(x$fpl$fnaninf)
    _fp_init                                 0x00006693   Thumb Code    10  fpinit.o(x$fpl$fpinit)
    __fplib_config_fpu_vfp                   0x0000669b   Thumb Code     0  fpinit.o(x$fpl$fpinit)
    __fplib_config_pureend_doubles           0x0000669b   Thumb Code     0  fpinit.o(x$fpl$fpinit)
    __fpl_fretinf                            0x0000669d   Thumb Code    10  fretinf.o(x$fpl$fretinf)
    __I$use$fp                               0x000066a6   Number         0  usenofp.o(x$fpl$usenofp)
    period_ch                                0x000066a8   Data          20  lpc546xx_ctimer.o(.constdata)
    duty_max                                 0x000066bc   Data          20  lpc546xx_ctimer.o(.constdata)
    debugging_information                    0x000066d0   Data          50  assert.o(.constdata)
    tft_ascii                                0x00006702   Data        1520  seekfree_font.o(.constdata)
    gImage_qq                                0x00006cf2   Data        3200  seekfree_font.o(.constdata)
    chinese_test                             0x00007972   Data         128  seekfree_font.o(.constdata)
    oled_6x8                                 0x000079f2   Data         552  seekfree_font.o(.constdata)
    oled_8x16                                0x00007c1a   Data        1520  seekfree_font.o(.constdata)
    oled_16x16_chinese                       0x0000820a   Data         128  seekfree_font.o(.constdata)
    Region$$Table$$Base                      0x00008488   Number         0  anon$$obj.o(Region$$Table)
    Region$$Table$$Limit                     0x000084a8   Number         0  anon$$obj.o(Region$$Table)
    TIMERN                                   0x20000000   Data          20  lpc546xx_ctimer.o(.data)
    FLEXCOMMN                                0x20000014   Data          40  lpc546xx_flexcomm.o(.data)
    main_clk_mhz                             0x2000003c   Data           2  lpc546xx_pll.o(.data)
    UARTN                                    0x20000040   Data          40  lpc546xx_uart.o(.data)
    time                                     0x20000068   Data           2  isr.o(.data)
    test                                     0x2000006c   Data           4  isr.o(.data)
    tt                                       0x20000070   Data           4  isr.o(.data)
    systick_test                             0x20000074   Data           4  isr.o(.data)
    mag_speedpid_float                       0x2000007c   Data           4  mag.o(.data)
    MainMenu                                 0x20000084   Data          84  menu.o(.data)
    SetpidMenu                               0x200000d8   Data          84  menu.o(.data)
    DisplayMenu                              0x2000012c   Data          84  menu.o(.data)
    currentMenu                              0x20000180   Data           4  menu.o(.data)
    receive                                  0x20000184   Data           3  seekfree_mt9v032.o(.data)
    receive_num                              0x20000187   Data           1  seekfree_mt9v032.o(.data)
    uart_receive_flag                        0x20000188   Data           1  seekfree_mt9v032.o(.data)
    MT9V032_CFG                              0x2000018a   Data          36  seekfree_mt9v032.o(.data)
    GET_CFG                                  0x200001ae   Data          32  seekfree_mt9v032.o(.data)
    mt9v032_finish_flag                      0x200001ce   Data           1  seekfree_mt9v032.o(.data)
    s_dma_descriptor_table                   0x20000200   Data         480  lpc546xx_dma.o(.bss)
    hc05_txPack                              0x200003e0   Data          16  hc05.o(.bss)
    hc05_rxPack                              0x200003f0   Data          36  hc05.o(.bss)
    MagPID                                   0x20000414   Data          28  mag.o(.bss)
    MagMax_float                             0x20000430   Data          12  mag.o(.bss)
    SpeedPID                                 0x20000454   Data          76  speedpid.o(.bss)
    image                                    0x200004a0   Data       22560  seekfree_mt9v032.o(.bss)
    __libspace_start                         0x20005cc0   Data          96  libspace.o(.bss)
    __temporary_stack_top$libspace           0x20005d20   Data           0  libspace.o(.bss)



==============================================================================

Memory Map of the image

  Image Entry point : 0x00000125

  Load Region LR_IROM2 (Base: 0x00000000, Size: 0x00008678, Max: 0x00080000, ABSOLUTE, COMPRESSED[0x00008564])

    Execution Region ER_IROM2 (Exec base: 0x00000000, Load base: 0x00000000, Size: 0x000084a8, Max: 0x00080000, ABSOLUTE)

    Exec Addr    Load Addr    Size         Type   Attr      Idx    E Section Name        Object

    0x00000000   0x00000000   0x00000124   Data   RO            3    RESET               startup_lpc54606.o
    0x00000124   0x00000124   0x00000008   Code   RO         3200  * !!!main             c_w.l(__main.o)
    0x0000012c   0x0000012c   0x00000034   Code   RO         3487    !!!scatter          c_w.l(__scatter.o)
    0x00000160   0x00000160   0x0000005a   Code   RO         3485    !!dczerorl2         c_w.l(__dczerorl2.o)
    0x000001ba   0x000001ba   0x00000002   PAD
    0x000001bc   0x000001bc   0x0000001c   Code   RO         3489    !!handler_zi        c_w.l(__scatter_zi.o)
    0x000001d8   0x000001d8   0x00000002   Code   RO         3420    .ARM.Collect$$libinit$$00000000  c_w.l(libinit.o)
    0x000001da   0x000001da   0x00000004   Code   RO         3288    .ARM.Collect$$libinit$$00000001  c_w.l(libinit2.o)
    0x000001de   0x000001de   0x00000000   Code   RO         3291    .ARM.Collect$$libinit$$00000004  c_w.l(libinit2.o)
    0x000001de   0x000001de   0x00000008   Code   RO         3292    .ARM.Collect$$libinit$$00000005  c_w.l(libinit2.o)
    0x000001e6   0x000001e6   0x00000000   Code   RO         3294    .ARM.Collect$$libinit$$0000000A  c_w.l(libinit2.o)
    0x000001e6   0x000001e6   0x00000000   Code   RO         3296    .ARM.Collect$$libinit$$0000000C  c_w.l(libinit2.o)
    0x000001e6   0x000001e6   0x00000000   Code   RO         3298    .ARM.Collect$$libinit$$0000000E  c_w.l(libinit2.o)
    0x000001e6   0x000001e6   0x00000000   Code   RO         3301    .ARM.Collect$$libinit$$00000011  c_w.l(libinit2.o)
    0x000001e6   0x000001e6   0x00000000   Code   RO         3303    .ARM.Collect$$libinit$$00000013  c_w.l(libinit2.o)
    0x000001e6   0x000001e6   0x00000000   Code   RO         3305    .ARM.Collect$$libinit$$00000015  c_w.l(libinit2.o)
    0x000001e6   0x000001e6   0x00000000   Code   RO         3307    .ARM.Collect$$libinit$$00000017  c_w.l(libinit2.o)
    0x000001e6   0x000001e6   0x00000000   Code   RO         3309    .ARM.Collect$$libinit$$00000019  c_w.l(libinit2.o)
    0x000001e6   0x000001e6   0x00000000   Code   RO         3311    .ARM.Collect$$libinit$$0000001B  c_w.l(libinit2.o)
    0x000001e6   0x000001e6   0x00000000   Code   RO         3313    .ARM.Collect$$libinit$$0000001D  c_w.l(libinit2.o)
    0x000001e6   0x000001e6   0x00000000   Code   RO         3315    .ARM.Collect$$libinit$$0000001F  c_w.l(libinit2.o)
    0x000001e6   0x000001e6   0x00000000   Code   RO         3317    .ARM.Collect$$libinit$$00000021  c_w.l(libinit2.o)
    0x000001e6   0x000001e6   0x00000000   Code   RO         3319    .ARM.Collect$$libinit$$00000023  c_w.l(libinit2.o)
    0x000001e6   0x000001e6   0x00000000   Code   RO         3321    .ARM.Collect$$libinit$$00000025  c_w.l(libinit2.o)
    0x000001e6   0x000001e6   0x00000000   Code   RO         3325    .ARM.Collect$$libinit$$0000002C  c_w.l(libinit2.o)
    0x000001e6   0x000001e6   0x00000000   Code   RO         3327    .ARM.Collect$$libinit$$0000002E  c_w.l(libinit2.o)
    0x000001e6   0x000001e6   0x00000000   Code   RO         3329    .ARM.Collect$$libinit$$00000030  c_w.l(libinit2.o)
    0x000001e6   0x000001e6   0x00000000   Code   RO         3331    .ARM.Collect$$libinit$$00000032  c_w.l(libinit2.o)
    0x000001e6   0x000001e6   0x00000002   Code   RO         3332    .ARM.Collect$$libinit$$00000033  c_w.l(libinit2.o)
    0x000001e8   0x000001e8   0x00000002   Code   RO         3482    .ARM.Collect$$libshutdown$$00000000  c_w.l(libshutdown.o)
    0x000001ea   0x000001ea   0x00000000   Code   RO         3438    .ARM.Collect$$libshutdown$$00000002  c_w.l(libshutdown2.o)
    0x000001ea   0x000001ea   0x00000000   Code   RO         3440    .ARM.Collect$$libshutdown$$00000004  c_w.l(libshutdown2.o)
    0x000001ea   0x000001ea   0x00000000   Code   RO         3443    .ARM.Collect$$libshutdown$$00000007  c_w.l(libshutdown2.o)
    0x000001ea   0x000001ea   0x00000000   Code   RO         3446    .ARM.Collect$$libshutdown$$0000000A  c_w.l(libshutdown2.o)
    0x000001ea   0x000001ea   0x00000000   Code   RO         3448    .ARM.Collect$$libshutdown$$0000000C  c_w.l(libshutdown2.o)
    0x000001ea   0x000001ea   0x00000000   Code   RO         3451    .ARM.Collect$$libshutdown$$0000000F  c_w.l(libshutdown2.o)
    0x000001ea   0x000001ea   0x00000002   Code   RO         3452    .ARM.Collect$$libshutdown$$00000010  c_w.l(libshutdown2.o)
    0x000001ec   0x000001ec   0x00000000   Code   RO         3248    .ARM.Collect$$rtentry$$00000000  c_w.l(__rtentry.o)
    0x000001ec   0x000001ec   0x00000000   Code   RO         3352    .ARM.Collect$$rtentry$$00000002  c_w.l(__rtentry2.o)
    0x000001ec   0x000001ec   0x00000006   Code   RO         3364    .ARM.Collect$$rtentry$$00000004  c_w.l(__rtentry4.o)
    0x000001f2   0x000001f2   0x00000000   Code   RO         3354    .ARM.Collect$$rtentry$$00000009  c_w.l(__rtentry2.o)
    0x000001f2   0x000001f2   0x00000004   Code   RO         3355    .ARM.Collect$$rtentry$$0000000A  c_w.l(__rtentry2.o)
    0x000001f6   0x000001f6   0x00000000   Code   RO         3357    .ARM.Collect$$rtentry$$0000000C  c_w.l(__rtentry2.o)
    0x000001f6   0x000001f6   0x00000008   Code   RO         3358    .ARM.Collect$$rtentry$$0000000D  c_w.l(__rtentry2.o)
    0x000001fe   0x000001fe   0x00000002   Code   RO         3423    .ARM.Collect$$rtexit$$00000000  c_w.l(rtexit.o)
    0x00000200   0x00000200   0x00000000   Code   RO         3456    .ARM.Collect$$rtexit$$00000002  c_w.l(rtexit2.o)
    0x00000200   0x00000200   0x00000004   Code   RO         3457    .ARM.Collect$$rtexit$$00000003  c_w.l(rtexit2.o)
    0x00000204   0x00000204   0x00000006   Code   RO         3458    .ARM.Collect$$rtexit$$00000004  c_w.l(rtexit2.o)
    0x0000020a   0x0000020a   0x00000002   PAD
    0x0000020c   0x0000020c   0x00000000   Code   RO         3377    .emb_text           c_w.l(maybetermalloc1.o)
    0x0000020c   0x0000020c   0x00000214   Code   RO            4    .text               startup_lpc54606.o
    0x00000420   0x00000420   0x0000005e   Code   RO         3140    .text               c_w.l(h1_alloc.o)
    0x0000047e   0x0000047e   0x00000048   Code   RO         3194    .text               c_w.l(llsdiv.o)
    0x000004c6   0x000004c6   0x0000008a   Code   RO         3196    .text               c_w.l(rt_memcpy_v6.o)
    0x00000550   0x00000550   0x00000006   Code   RO         3198    .text               c_w.l(heapauxi.o)
    0x00000556   0x00000556   0x00000002   PAD
    0x00000558   0x00000558   0x00000008   Code   RO         3252    .text               c_w.l(rt_heap_descriptor_intlibspace.o)
    0x00000560   0x00000560   0x00000004   Code   RO         3254    .text               c_w.l(hguard.o)
    0x00000564   0x00000564   0x0000008a   Code   RO         3256    .text               c_w.l(init_alloc.o)
    0x000005ee   0x000005ee   0x0000000e   Code   RO         3262    .text               c_w.l(h1_init.o)
    0x000005fc   0x000005fc   0x0000004e   Code   RO         3264    .text               c_w.l(h1_free.o)
    0x0000064a   0x0000064a   0x000000ee   Code   RO         3280    .text               c_w.l(lludivv7m.o)
    0x00000738   0x00000738   0x00000016   Code   RO         3282    .text               c_w.l(_rserrno.o)
    0x0000074e   0x0000074e   0x00000064   Code   RO         3284    .text               c_w.l(rt_memcpy_w.o)
    0x000007b2   0x000007b2   0x00000002   PAD
    0x000007b4   0x000007b4   0x00000008   Code   RO         3348    .text               c_w.l(libspace.o)
    0x000007bc   0x000007bc   0x00000008   Code   RO         3373    .text               c_w.l(rt_errno_addr_intlibspace.o)
    0x000007c4   0x000007c4   0x00000034   Code   RO         3379    .text               c_w.l(h1_extend.o)
    0x000007f8   0x000007f8   0x0000000e   Code   RO         3383    .text               c_w.l(defsig_rtmem_outer.o)
    0x00000806   0x00000806   0x00000002   Code   RO         3394    .text               c_w.l(use_no_semi.o)
    0x00000808   0x00000808   0x00000000   Code   RO         3396    .text               c_w.l(indicate_semi.o)
    0x00000808   0x00000808   0x0000004a   Code   RO         3397    .text               c_w.l(sys_stackheap_outer.o)
    0x00000852   0x00000852   0x00000012   Code   RO         3405    .text               c_w.l(exit.o)
    0x00000864   0x00000864   0x0000000a   Code   RO         3407    .text               c_w.l(defsig_exit.o)
    0x0000086e   0x0000086e   0x00000002   PAD
    0x00000870   0x00000870   0x00000050   Code   RO         3409    .text               c_w.l(defsig_rtmem_inner.o)
    0x000008c0   0x000008c0   0x0000000c   Code   RO         3421    .text               c_w.l(sys_exit.o)
    0x000008cc   0x000008cc   0x00000032   Code   RO         3431    .text               c_w.l(defsig_general.o)
    0x000008fe   0x000008fe   0x0000000e   Code   RO         3453    .text               c_w.l(sys_wrch.o)
    0x0000090c   0x0000090c   0x0000001c   Code   RO         1368    i.CalculateParity   hc05.o
    0x00000928   0x00000928   0x00000030   Code   RO         1561    i.ConvertSpeedUnit  speedpid.o
    0x00000958   0x00000958   0x0000001e   Code   RO         1562    i.CorrectSpeedDuty  speedpid.o
    0x00000976   0x00000976   0x00000002   PAD
    0x00000978   0x00000978   0x00000018   Code   RO         1128    i.DMA0_DriverIRQHandler  isr.o
    0x00000990   0x00000990   0x00000038   Code   RO         1129    i.FLEXCOMM0_DriverIRQHandler  isr.o
    0x000009c8   0x000009c8   0x00000240   Code   RO         1369    i.FLEXCOMM0_IRQHandler  hc05.o
    0x00000c08   0x00000c08   0x00000040   Code   RO         1130    i.FLEXCOMM5_DriverIRQHandler  isr.o
    0x00000c48   0x00000c48   0x0000001c   Code   RO         1131    i.GINT0_DriverIRQHandler  isr.o
    0x00000c64   0x00000c64   0x00000044   Code   RO           12    i.HardFault_Handler  system_lpc54606.o
    0x00000ca8   0x00000ca8   0x00000074   Code   RO         1132    i.MRT0_DriverIRQHandler  isr.o
    0x00000d1c   0x00000d1c   0x0000005c   Code   RO         1728    i.MRT0_IRQHandler   mrt.o
    0x00000d78   0x00000d78   0x0000006c   Code   RO          637    i.M_divider         lpc546xx_pll.o
    0x00000de4   0x00000de4   0x0000003c   Code   RO         1761    i.MagMaxCollect_displayStatus  menu.o
    0x00000e20   0x00000e20   0x00000018   Code   RO         1762    i.MagMax_flag_toggle  menu.o
    0x00000e38   0x00000e38   0x000000a0   Code   RO         1456    i.Mag_PID_realize   mag.o
    0x00000ed8   0x00000ed8   0x0000004c   Code   RO         1457    i.Mag_init          mag.o
    0x00000f24   0x00000f24   0x00000002   Code   RO           13    i.NMI_Handler       system_lpc54606.o
    0x00000f26   0x00000f26   0x00000002   PAD
    0x00000f28   0x00000f28   0x00000018   Code   RO          301    i.NVIC_DisableIRQ   lpc546xx_flexcomm.o
    0x00000f40   0x00000f40   0x00000018   Code   RO          575    i.NVIC_DisableIRQ   lpc546xx_pit.o
    0x00000f58   0x00000f58   0x00000016   Code   RO          302    i.NVIC_EnableIRQ    lpc546xx_flexcomm.o
    0x00000f6e   0x00000f6e   0x00000002   PAD
    0x00000f70   0x00000f70   0x00000070   Code   RO          638    i.N_divider         lpc546xx_pll.o
    0x00000fe0   0x00000fe0   0x00000018   Code   RO         1133    i.PIN_INT0_DriverIRQHandler  isr.o
    0x00000ff8   0x00000ff8   0x00000028   Code   RO         1763    i.PIN_INT4_IRQHandler  menu.o
    0x00001020   0x00001020   0x00000008   Code   RO         1134    i.PIN_INT7_DriverIRQHandler  isr.o
    0x00001028   0x00001028   0x00000064   Code   RO          639    i.P_divider         lpc546xx_pll.o
    0x0000108c   0x0000108c   0x00000050   Code   RO         1135    i.RIT_DriverIRQHandler  isr.o
    0x000010dc   0x000010dc   0x00000018   Code   RO         1702    i.RIT_IRQHandler    rit.o
    0x000010f4   0x000010f4   0x00000010   Code   RO         1136    i.SysTick_Handler   isr.o
    0x00001104   0x00001104   0x00000054   Code   RO           14    i.SystemInit        system_lpc54606.o
    0x00001158   0x00001158   0x000000cc   Code   RO         1563    i.WL_PID_realize    speedpid.o
    0x00001224   0x00001224   0x000000cc   Code   RO         1564    i.WR_PID_realize    speedpid.o
    0x000012f0   0x000012f0   0x0000007a   Code   RO         3234    i.__hardfp_sqrt     m_wm.l(sqrt.o)
    0x0000136a   0x0000136a   0x0000002e   Code   RO         1459    i.ad_ave            mag.o
    0x00001398   0x00001398   0x000000b0   Code   RO          103    i.adc_convert       lpc546xx_adc.o
    0x00001448   0x00001448   0x0000000c   Code   RO          104    i.adc_delay         lpc546xx_adc.o
    0x00001454   0x00001454   0x00000108   Code   RO          105    i.adc_init          lpc546xx_adc.o
    0x0000155c   0x0000155c   0x000000b4   Code   RO          106    i.adc_mux           lpc546xx_adc.o
    0x00001610   0x00001610   0x00000018   Code   RO         1015    i.assert_failed     assert.o
    0x00001628   0x00001628   0x00000038   Code   RO         1764    i.button_back       menu.o
    0x00001660   0x00001660   0x00000040   Code   RO         1765    i.button_down       menu.o
    0x000016a0   0x000016a0   0x00000036   Code   RO         1099    i.button_init       button.o
    0x000016d6   0x000016d6   0x00000002   PAD
    0x000016d8   0x000016d8   0x00000084   Code   RO         1766    i.button_ok         menu.o
    0x0000175c   0x0000175c   0x0000003c   Code   RO         1767    i.button_up         menu.o
    0x00001798   0x00001798   0x00000078   Code   RO          153    i.ctimer_clock      lpc546xx_ctimer.o
    0x00001810   0x00001810   0x0000001c   Code   RO          154    i.ctimer_count_clean  lpc546xx_ctimer.o
    0x0000182c   0x0000182c   0x000000a8   Code   RO          155    i.ctimer_count_init  lpc546xx_ctimer.o
    0x000018d4   0x000018d4   0x0000001c   Code   RO          156    i.ctimer_count_read  lpc546xx_ctimer.o
    0x000018f0   0x000018f0   0x0000018e   Code   RO          157    i.ctimer_countmux   lpc546xx_ctimer.o
    0x00001a7e   0x00001a7e   0x00000002   PAD
    0x00001a80   0x00001a80   0x00000124   Code   RO          158    i.ctimer_pwm_duty   lpc546xx_ctimer.o
    0x00001ba4   0x00001ba4   0x000001e0   Code   RO          160    i.ctimer_pwm_init   lpc546xx_ctimer.o
    0x00001d84   0x00001d84   0x000001ee   Code   RO          161    i.ctimer_pwmmux     lpc546xx_ctimer.o
    0x00001f72   0x00001f72   0x00000002   PAD
    0x00001f74   0x00001f74   0x000000fc   Code   RO         1768    i.display           menu.o
    0x00002070   0x00002070   0x00000036   Code   RO         1769    i.displayMag1Bar    menu.o
    0x000020a6   0x000020a6   0x0000003e   Code   RO         1770    i.displayMag1Num    menu.o
    0x000020e4   0x000020e4   0x00000036   Code   RO         1771    i.displayMag2Bar    menu.o
    0x0000211a   0x0000211a   0x0000003e   Code   RO         1772    i.displayMag2Num    menu.o
    0x00002158   0x00002158   0x00000036   Code   RO         1773    i.displayMag3Bar    menu.o
    0x0000218e   0x0000218e   0x0000003e   Code   RO         1774    i.displayMag3Num    menu.o
    0x000021cc   0x000021cc   0x0000003c   Code   RO         1775    i.displayMagKd      menu.o
    0x00002208   0x00002208   0x0000003c   Code   RO         1776    i.displayMagKi      menu.o
    0x00002244   0x00002244   0x0000003c   Code   RO         1777    i.displayMagKp      menu.o
    0x00002280   0x00002280   0x00000034   Code   RO         1778    i.displayMotPWM1    menu.o
    0x000022b4   0x000022b4   0x00000034   Code   RO         1779    i.displayMotPWM2    menu.o
    0x000022e8   0x000022e8   0x00000034   Code   RO         1780    i.displayMotPWM3    menu.o
    0x0000231c   0x0000231c   0x00000034   Code   RO         1781    i.displayMotPWM4    menu.o
    0x00002350   0x00002350   0x0000003c   Code   RO         1782    i.displaySpeedKd    menu.o
    0x0000238c   0x0000238c   0x0000003c   Code   RO         1783    i.displaySpeedKi    menu.o
    0x000023c8   0x000023c8   0x0000003c   Code   RO         1784    i.displaySpeedKp    menu.o
    0x00002404   0x00002404   0x0000003a   Code   RO         1785    i.displaySpeedL     menu.o
    0x0000243e   0x0000243e   0x0000003a   Code   RO         1786    i.displaySpeedR     menu.o
    0x00002478   0x00002478   0x0000003c   Code   RO         1787    i.displayTargetSpeedL  menu.o
    0x000024b4   0x000024b4   0x0000003c   Code   RO         1788    i.displayTargetSpeedR  menu.o
    0x000024f0   0x000024f0   0x0000005c   Code   RO         2572    i.dma_reload_linked  seekfree_mt9v032.o
    0x0000254c   0x0000254c   0x0000007c   Code   RO          266    i.eeprom_init       lpc546xx_eeprom.o
    0x000025c8   0x000025c8   0x00000094   Code   RO          268    i.eeprom_write_word  lpc546xx_eeprom.o
    0x0000265c   0x0000265c   0x0000001a   Code   RO          640    i.findPllMMult      lpc546xx_pll.o
    0x00002676   0x00002676   0x00000020   Code   RO          641    i.findPllPostDiv    lpc546xx_pll.o
    0x00002696   0x00002696   0x00000020   Code   RO          642    i.findPllPreDiv     lpc546xx_pll.o
    0x000026b6   0x000026b6   0x00000002   PAD
    0x000026b8   0x000026b8   0x00000120   Code   RO          303    i.flexcomm_clk_enable  lpc546xx_flexcomm.o
    0x000027d8   0x000027d8   0x0000000c   Code   RO          304    i.flexcomm_get_clk  lpc546xx_flexcomm.o
    0x000027e4   0x000027e4   0x00000038   Code   RO          305    i.flexcomm_irq      lpc546xx_flexcomm.o
    0x0000281c   0x0000281c   0x00000002   Code   RO         1789    i.func              menu.o
    0x0000281e   0x0000281e   0x00000002   PAD
    0x00002820   0x00002820   0x00000010   Code   RO         1460    i.getMag            mag.o
    0x00002830   0x00002830   0x0000000c   Code   RO         1461    i.getMagKd          mag.o
    0x0000283c   0x0000283c   0x0000000c   Code   RO         1462    i.getMagKi          mag.o
    0x00002848   0x00002848   0x0000000c   Code   RO         1463    i.getMagKp          mag.o
    0x00002854   0x00002854   0x0000001c   Code   RO         1565    i.getMotPWM         speedpid.o
    0x00002870   0x00002870   0x0000000c   Code   RO         1566    i.getSpeedKd        speedpid.o
    0x0000287c   0x0000287c   0x0000000c   Code   RO         1567    i.getSpeedKi        speedpid.o
    0x00002888   0x00002888   0x0000000c   Code   RO         1568    i.getSpeedKp        speedpid.o
    0x00002894   0x00002894   0x0000000c   Code   RO         1569    i.getTargetSpeedL   speedpid.o
    0x000028a0   0x000028a0   0x0000000c   Code   RO         1570    i.getTargetSpeedR   speedpid.o
    0x000028ac   0x000028ac   0x0000006c   Code   RO          643    i.get_clk           lpc546xx_pll.o
    0x00002918   0x00002918   0x00000018   Code   RO          402    i.gpio_get          lpc546xx_gpio.o
    0x00002930   0x00002930   0x000000e8   Code   RO          403    i.gpio_init         lpc546xx_gpio.o
    0x00002a18   0x00002a18   0x00000030   Code   RO          405    i.gpio_set          lpc546xx_gpio.o
    0x00002a48   0x00002a48   0x00000018   Code   RO          406    i.gpio_toggle       lpc546xx_gpio.o
    0x00002a60   0x00002a60   0x00000050   Code   RO         1370    i.hc05_init         hc05.o
    0x00002ab0   0x00002ab0   0x00000034   Code   RO         1371    i.hc05_schedule     hc05.o
    0x00002ae4   0x00002ae4   0x00000074   Code   RO          501    i.iocon_init        lpc546xx_iocon.o
    0x00002b58   0x00002b58   0x00000088   Code   RO          502    i.iocon_init_noalt  lpc546xx_iocon.o
    0x00002be0   0x00002be0   0x000002c8   Code   RO         1465    i.mag_schedule      mag.o
    0x00002ea8   0x00002ea8   0x0000000c   Code   RO         1255    i.main              main.o
    0x00002eb4   0x00002eb4   0x0000009c   Code   RO         2016    i.memory_init       memory.o
    0x00002f50   0x00002f50   0x00000354   Code   RO         1790    i.menu_init         menu.o
    0x000032a4   0x000032a4   0x00000048   Code   RO         1791    i.menu_schedule     menu.o
    0x000032ec   0x000032ec   0x00000138   Code   RO         1792    i.modMagKd          menu.o
    0x00003424   0x00003424   0x00000138   Code   RO         1793    i.modMagKi          menu.o
    0x0000355c   0x0000355c   0x00000138   Code   RO         1794    i.modMagKp          menu.o
    0x00003694   0x00003694   0x00000138   Code   RO         1795    i.modSpeedKd        menu.o
    0x000037cc   0x000037cc   0x00000138   Code   RO         1796    i.modSpeedKi        menu.o
    0x00003904   0x00003904   0x00000138   Code   RO         1797    i.modSpeedKp        menu.o
    0x00003a3c   0x00003a3c   0x00000128   Code   RO         1798    i.modTargetSpeedL   menu.o
    0x00003b64   0x00003b64   0x00000128   Code   RO         1799    i.modTargetSpeedR   menu.o
    0x00003c8c   0x00003c8c   0x0000002c   Code   RO         1466    i.modifyMagKd       mag.o
    0x00003cb8   0x00003cb8   0x0000002c   Code   RO         1467    i.modifyMagKi       mag.o
    0x00003ce4   0x00003ce4   0x0000002c   Code   RO         1468    i.modifyMagKp       mag.o
    0x00003d10   0x00003d10   0x0000002c   Code   RO         1571    i.modifySpeedKd     speedpid.o
    0x00003d3c   0x00003d3c   0x0000002c   Code   RO         1572    i.modifySpeedKi     speedpid.o
    0x00003d68   0x00003d68   0x0000002c   Code   RO         1573    i.modifySpeedKp     speedpid.o
    0x00003d94   0x00003d94   0x0000002c   Code   RO         1574    i.modifyTargetSpeedL  speedpid.o
    0x00003dc0   0x00003dc0   0x0000002c   Code   RO         1575    i.modifyTargetSpeedR  speedpid.o
    0x00003dec   0x00003dec   0x0000005c   Code   RO         1272    i.motor_init        motor.o
    0x00003e48   0x00003e48   0x00000056   Code   RO         1273    i.motor_set         motor.o
    0x00003e9e   0x00003e9e   0x00000024   Code   RO         1274    i.motor_stop        motor.o
    0x00003ec2   0x00003ec2   0x00000002   PAD
    0x00003ec4   0x00003ec4   0x00000054   Code   RO         1729    i.mrt_init          mrt.o
    0x00003f18   0x00003f18   0x0000007c   Code   RO          953    i.mrt_pit_init      lpc546xx_mrt.o
    0x00003f94   0x00003f94   0x00000050   Code   RO         2575    i.mt9v032_cof_uart_interrupt  seekfree_mt9v032.o
    0x00003fe4   0x00003fe4   0x00000020   Code   RO         2576    i.mt9v032_dma       seekfree_mt9v032.o
    0x00004004   0x00004004   0x00000034   Code   RO         2577    i.mt9v032_vsync     seekfree_mt9v032.o
    0x00004038   0x00004038   0x0000000e   Code   RO         2308    i.myabs             seekfree_fun.o
    0x00004046   0x00004046   0x00000088   Code   RO         1058    i.number_conversion_ascii  seekfree_printf.o
    0x000040ce   0x000040ce   0x0000003a   Code   RO         2742    i.oled_fill         seekfree_oled.o
    0x00004108   0x00004108   0x00000030   Code   RO         2743    i.oled_hexascii     seekfree_oled.o
    0x00004138   0x00004138   0x00000114   Code   RO         2744    i.oled_init         seekfree_oled.o
    0x0000424c   0x0000424c   0x000000bc   Code   RO         2746    i.oled_p6x8str      seekfree_oled.o
    0x00004308   0x00004308   0x0000013c   Code   RO         2747    i.oled_p6x8str_and_ch  seekfree_oled.o
    0x00004444   0x00004444   0x0000010c   Code   RO         2748    i.oled_p8x16str     seekfree_oled.o
    0x00004550   0x00004550   0x000000dc   Code   RO         2750    i.oled_printf_float  seekfree_oled.o
    0x0000462c   0x0000462c   0x00000100   Code   RO         2751    i.oled_printf_float_and_ch  seekfree_oled.o
    0x0000472c   0x0000472c   0x00000034   Code   RO         2753    i.oled_putpixel     seekfree_oled.o
    0x00004760   0x00004760   0x00000024   Code   RO         2754    i.oled_set_pos      seekfree_oled.o
    0x00004784   0x00004784   0x00000026   Code   RO         2755    i.oled_uint16       seekfree_oled.o
    0x000047aa   0x000047aa   0x00000060   Code   RO         2757    i.oled_wrcmd        seekfree_oled.o
    0x0000480a   0x0000480a   0x00000060   Code   RO         2758    i.oled_wrdat        seekfree_oled.o
    0x0000486a   0x0000486a   0x00000002   PAD
    0x0000486c   0x0000486c   0x00000100   Code   RO          532    i.pint_init         lpc546xx_pint.o
    0x0000496c   0x0000496c   0x00000020   Code   RO          577    i.pit_deinit        lpc546xx_pit.o
    0x0000498c   0x0000498c   0x000000a4   Code   RO          580    i.pit_init          lpc546xx_pit.o
    0x00004a30   0x00004a30   0x0000005a   Code   RO          644    i.pllDecodeM        lpc546xx_pll.o
    0x00004a8a   0x00004a8a   0x0000005c   Code   RO          645    i.pllDecodeN        lpc546xx_pll.o
    0x00004ae6   0x00004ae6   0x0000004e   Code   RO          646    i.pllDecodeP        lpc546xx_pll.o
    0x00004b34   0x00004b34   0x00000088   Code   RO          647    i.pll_init          lpc546xx_pll.o
    0x00004bbc   0x00004bbc   0x00000294   Code   RO         1059    i.printf            seekfree_printf.o
    0x00004e50   0x00004e50   0x00000022   Code   RO         1060    i.printf_reverse_order  seekfree_printf.o
    0x00004e72   0x00004e72   0x00000002   PAD
    0x00004e74   0x00004e74   0x00000040   Code   RO         1372    i.rx_onefloat       hc05.o
    0x00004eb4   0x00004eb4   0x0000006c   Code   RO         1578    i.speedPID_init     speedpid.o
    0x00004f20   0x00004f20   0x000000b4   Code   RO         1579    i.speedPID_schedule  speedpid.o
    0x00004fd4   0x00004fd4   0x0000003c   Code   RO         1307    i.speed_get         speed.o
    0x00005010   0x00005010   0x00000028   Code   RO         1308    i.speed_init        speed.o
    0x00005038   0x00005038   0x00000032   Code   RO         2042    i.sys_init          sys.o
    0x0000506a   0x0000506a   0x00000002   Code   RO         2043    i.sys_run           sys.o
    0x0000506c   0x0000506c   0x00000070   Code   RO          832    i.systick_delay     lpc546xx_systick.o
    0x000050dc   0x000050dc   0x00000024   Code   RO          833    i.systick_delay_ms  lpc546xx_systick.o
    0x00005100   0x00005100   0x00000160   Code   RO          877    i.uart_init         lpc546xx_uart.o
    0x00005260   0x00005260   0x00000314   Code   RO          878    i.uart_mux          lpc546xx_uart.o
    0x00005574   0x00005574   0x0000001e   Code   RO          879    i.uart_putbuff      lpc546xx_uart.o
    0x00005592   0x00005592   0x00000002   PAD
    0x00005594   0x00005594   0x00000024   Code   RO          880    i.uart_putchar      lpc546xx_uart.o
    0x000055b8   0x000055b8   0x0000002c   Code   RO          882    i.uart_query        lpc546xx_uart.o
    0x000055e4   0x000055e4   0x00000078   Code   RO          883    i.uart_rx_irq       lpc546xx_uart.o
    0x0000565c   0x0000565c   0x0000007c   Code   RO          648    i.write_syspllctrl  lpc546xx_pll.o
    0x000056d8   0x000056d8   0x000002f4   Code   RO         1061    i.zf_sprintf        seekfree_printf.o
    0x000059cc   0x000059cc   0x00000062   Code   RO         3202    x$fpl$d2f           fz_wm.l(d2f.o)
    0x00005a2e   0x00005a2e   0x00000002   PAD
    0x00005a30   0x00005a30   0x00000150   Code   RO         3204    x$fpl$dadd          fz_wm.l(daddsub_clz.o)
    0x00005b80   0x00005b80   0x00000018   Code   RO         3333    x$fpl$dcmpinf       fz_wm.l(dcmpi.o)
    0x00005b98   0x00005b98   0x000002b0   Code   RO         3211    x$fpl$ddiv          fz_wm.l(ddiv.o)
    0x00005e48   0x00005e48   0x00000078   Code   RO         3214    x$fpl$deqf          fz_wm.l(deqf.o)
    0x00005ec0   0x00005ec0   0x0000005e   Code   RO         3216    x$fpl$dfix          fz_wm.l(dfix.o)
    0x00005f1e   0x00005f1e   0x0000002e   Code   RO         3221    x$fpl$dflt          fz_wm.l(dflt_clz.o)
    0x00005f4c   0x00005f4c   0x00000078   Code   RO         3226    x$fpl$dleqf         fz_wm.l(dleqf.o)
    0x00005fc4   0x00005fc4   0x00000154   Code   RO         3228    x$fpl$dmul          fz_wm.l(dmul.o)
    0x00006118   0x00006118   0x0000009c   Code   RO         3335    x$fpl$dnaninf       fz_wm.l(dnaninf.o)
    0x000061b4   0x000061b4   0x0000000c   Code   RO         3337    x$fpl$dretinf       fz_wm.l(dretinf.o)
    0x000061c0   0x000061c0   0x0000006c   Code   RO         3230    x$fpl$drleqf        fz_wm.l(drleqf.o)
    0x0000622c   0x0000622c   0x00000016   Code   RO         3205    x$fpl$drsb          fz_wm.l(daddsub_clz.o)
    0x00006242   0x00006242   0x00000002   PAD
    0x00006244   0x00006244   0x00000198   Code   RO         3339    x$fpl$dsqrt         fz_wm.l(dsqrt_umaal.o)
    0x000063dc   0x000063dc   0x000001d4   Code   RO         3206    x$fpl$dsub          fz_wm.l(daddsub_clz.o)
    0x000065b0   0x000065b0   0x00000056   Code   RO         3232    x$fpl$f2d           fz_wm.l(f2d.o)
    0x00006606   0x00006606   0x0000008c   Code   RO         3341    x$fpl$fnaninf       fz_wm.l(fnaninf.o)
    0x00006692   0x00006692   0x0000000a   Code   RO         3392    x$fpl$fpinit        fz_wm.l(fpinit.o)
    0x0000669c   0x0000669c   0x0000000a   Code   RO         3343    x$fpl$fretinf       fz_wm.l(fretinf.o)
    0x000066a6   0x000066a6   0x00000000   Code   RO         3345    x$fpl$usenofp       fz_wm.l(usenofp.o)
    0x000066a6   0x000066a6   0x00000002   PAD
    0x000066a8   0x000066a8   0x00000028   Data   RO          162    .constdata          lpc546xx_ctimer.o
    0x000066d0   0x000066d0   0x00000032   Data   RO         1016    .constdata          assert.o
    0x00006702   0x00006702   0x00001b88   Data   RO         2285    .constdata          seekfree_font.o
    0x0000828a   0x0000828a   0x00000002   PAD
    0x0000828c   0x0000828c   0x000001fc   Data   RO         1800    .conststring        menu.o
    0x00008488   0x00008488   0x00000020   Data   RO         3483    Region$$Table       anon$$obj.o


    Execution Region RW_IRAM1 (Exec base: 0x04000000, Load base: 0x000084a8, Size: 0x00000000, Max: 0x00008000, ABSOLUTE)

    **** No section assigned to this execution region ****


    Execution Region RW_IRAM2 (Exec base: 0x20000000, Load base: 0x000084a8, Size: 0x00008d20, Max: 0x00028000, ABSOLUTE, COMPRESSED[0x000000bc])

    Exec Addr    Load Addr    Size         Type   Attr      Idx    E Section Name        Object

    0x20000000   COMPRESSED   0x00000014   Data   RW          163    .data               lpc546xx_ctimer.o
    0x20000014   COMPRESSED   0x00000028   Data   RW          306    .data               lpc546xx_flexcomm.o
    0x2000003c   COMPRESSED   0x00000002   Data   RW          649    .data               lpc546xx_pll.o
    0x2000003e   COMPRESSED   0x00000002   PAD
    0x20000040   COMPRESSED   0x00000028   Data   RW          885    .data               lpc546xx_uart.o
    0x20000068   COMPRESSED   0x00000010   Data   RW         1137    .data               isr.o
    0x20000078   COMPRESSED   0x00000002   Data   RW         1374    .data               hc05.o
    0x2000007a   COMPRESSED   0x00000002   PAD
    0x2000007c   COMPRESSED   0x00000005   Data   RW         1470    .data               mag.o
    0x20000081   COMPRESSED   0x00000003   PAD
    0x20000084   COMPRESSED   0x00000100   Data   RW         1801    .data               menu.o
    0x20000184   COMPRESSED   0x0000004b   Data   RW         2582    .data               seekfree_mt9v032.o
    0x200001cf   COMPRESSED   0x00000031   PAD
    0x20000200        -       0x000001e0   Zero   RW          230    .bss                lpc546xx_dma.o
    0x200003e0        -       0x00000034   Zero   RW         1373    .bss                hc05.o
    0x20000414        -       0x00000040   Zero   RW         1469    .bss                mag.o
    0x20000454        -       0x0000004c   Zero   RW         1581    .bss                speedpid.o
    0x200004a0        -       0x00005820   Zero   RW         2581    .bss                seekfree_mt9v032.o
    0x20005cc0        -       0x00000060   Zero   RW         3349    .bss                c_w.l(libspace.o)
    0x20005d20        -       0x00001000   Zero   RW            2    HEAP                startup_lpc54606.o
    0x20006d20        -       0x00002000   Zero   RW            1    STACK               startup_lpc54606.o



  Load Region LR_IROM1 (Base: 0x40108000, Size: 0x00000000, Max: 0x00004000, ABSOLUTE)

    Execution Region ER_IROM1 (Exec base: 0x40108000, Load base: 0x40108000, Size: 0x00000000, Max: 0x00004000, ABSOLUTE)

    **** No section assigned to this execution region ****


==============================================================================

Image component sizes


      Code (inc. data)   RO Data    RW Data    ZI Data      Debug   Object Name

        24          6         50          0          0       1168   assert.o
        54          0          0          0          0        490   button.o
       800         58          0          2         52      30892   hc05.o
       416         48          0         16          0       4688   isr.o
       632        144          0          0          0       3163   lpc546xx_adc.o
      2008        178         40         20          0       8382   lpc546xx_ctimer.o
         0          0          0          0        480       2937   lpc546xx_dma.o
       272         90          0          0          0       1594   lpc546xx_eeprom.o
       402         80          0         40          0      30511   lpc546xx_flexcomm.o
       328         34          0          0          0       2544   lpc546xx_gpio.o
       252        108          0          0          0       1352   lpc546xx_iocon.o
       124         52          0          0          0      28322   lpc546xx_mrt.o
       256          8          0          0          0        796   lpc546xx_pint.o
       220         76          0          0          0      28211   lpc546xx_pit.o
      1038         62          0          2          0       7999   lpc546xx_pll.o
       148         52          0          0          0       1183   lpc546xx_systick.o
      1370        118          0         40          0       5448   lpc546xx_uart.o
      1178        104          0          5         64       7249   mag.o
        12          0          0          0          0        447   main.o
       156         16          0          0          0        514   memory.o
      5230        348        508        256          0      25050   menu.o
       214          0          0          0          0       1622   motor.o
       176         12          0          0          0        977   mrt.o
        24          4          0          0          0        469   rit.o
         0          0          0          0          0       1657   seekfree_7725.o
         0          0       7048          0          0        861   seekfree_font.o
        14          0          0          0          0        572   seekfree_fun.o
       256         46          0         75      22560       3201   seekfree_mt9v032.o
      1948         40          0          0          0      11263   seekfree_oled.o
      1586         36          0          0          0       6099   seekfree_printf.o
       100          0          0          0          0       1089   speed.o
      1082        102          0          0         76      10506   speedpid.o
       532        258        292          0      12288       3696   startup_lpc54606.o
        52          0          0          0          0        925   sys.o
       154         78          0          0          0     532527   system_lpc54606.o

    ----------------------------------------------------------------------
     21082       2158       7972        464      35568     768404   Object Totals
         0          0         32          0          0          0   (incl. Generated)
        24          0          2          8         48          0   (incl. Padding)

    ----------------------------------------------------------------------

      Code (inc. data)   RO Data    RW Data    ZI Data      Debug   Library Member Name

        90          0          0          0          0          0   __dczerorl2.o
         8          0          0          0          0         68   __main.o
         0          0          0          0          0          0   __rtentry.o
        12          0          0          0          0          0   __rtentry2.o
         6          0          0          0          0          0   __rtentry4.o
        52          8          0          0          0          0   __scatter.o
        28          0          0          0          0          0   __scatter_zi.o
        22          0          0          0          0        100   _rserrno.o
        10          0          0          0          0         68   defsig_exit.o
        50          0          0          0          0         88   defsig_general.o
        80         58          0          0          0         76   defsig_rtmem_inner.o
        14          0          0          0          0         80   defsig_rtmem_outer.o
        18          0          0          0          0         80   exit.o
        94          0          0          0          0         80   h1_alloc.o
        52          0          0          0          0         68   h1_extend.o
        78          0          0          0          0         80   h1_free.o
        14          0          0          0          0         84   h1_init.o
         6          0          0          0          0        152   heapauxi.o
         4          0          0          0          0        136   hguard.o
         0          0          0          0          0          0   indicate_semi.o
       138          0          0          0          0        168   init_alloc.o
         2          0          0          0          0          0   libinit.o
        14          0          0          0          0          0   libinit2.o
         2          0          0          0          0          0   libshutdown.o
         2          0          0          0          0          0   libshutdown2.o
         8          4          0          0         96         68   libspace.o
        72          0          0          0          0         76   llsdiv.o
       238          0          0          0          0        100   lludivv7m.o
         0          0          0          0          0          0   maybetermalloc1.o
         8          4          0          0          0         68   rt_errno_addr_intlibspace.o
         8          4          0          0          0         68   rt_heap_descriptor_intlibspace.o
       138          0          0          0          0         68   rt_memcpy_v6.o
       100          0          0          0          0         80   rt_memcpy_w.o
         2          0          0          0          0          0   rtexit.o
        10          0          0          0          0          0   rtexit2.o
        12          4          0          0          0         68   sys_exit.o
        74          0          0          0          0         80   sys_stackheap_outer.o
        14          0          0          0          0         76   sys_wrch.o
         2          0          0          0          0         68   use_no_semi.o
        98          4          0          0          0        140   d2f.o
       826         16          0          0          0        492   daddsub_clz.o
        24          0          0          0          0        116   dcmpi.o
       688        140          0          0          0        256   ddiv.o
       120          4          0          0          0        140   deqf.o
        94          4          0          0          0        140   dfix.o
        46          0          0          0          0        116   dflt_clz.o
       120          4          0          0          0        140   dleqf.o
       340         12          0          0          0        152   dmul.o
       156          4          0          0          0        140   dnaninf.o
        12          0          0          0          0        116   dretinf.o
       108          0          0          0          0        128   drleqf.o
       408         56          0          0          0        168   dsqrt_umaal.o
        86          4          0          0          0        132   f2d.o
       140          4          0          0          0        132   fnaninf.o
        10          0          0          0          0        116   fpinit.o
        10          0          0          0          0        116   fretinf.o
         0          0          0          0          0          0   usenofp.o
       122          0          0          0          0        148   sqrt.o

    ----------------------------------------------------------------------
      4906        334          0          0         96       5036   Library Totals
        16          0          0          0          0          0   (incl. Padding)

    ----------------------------------------------------------------------

      Code (inc. data)   RO Data    RW Data    ZI Data      Debug   Library Name

      1482         82          0          0         96       2148   c_w.l
      3286        252          0          0          0       2740   fz_wm.l
       122          0          0          0          0        148   m_wm.l

    ----------------------------------------------------------------------
      4906        334          0          0         96       5036   Library Totals

    ----------------------------------------------------------------------

==============================================================================


      Code (inc. data)   RO Data    RW Data    ZI Data      Debug   

     25988       2492       7972        464      35664     754396   Grand Totals
     25988       2492       7972        188      35664     754396   ELF Image Totals (compressed)
     25988       2492       7972        188          0          0   ROM Totals

==============================================================================

    Total RO  Size (Code + RO Data)                33960 (  33.16kB)
    Total RW  Size (RW Data + ZI Data)             36128 (  35.28kB)
    Total ROM Size (Code + RO Data + RW Data)      34148 (  33.35kB)

==============================================================================

